Archive member included to satisfy reference by file (symbol)

/opt/st/stm32cubeide_1.5.0/plugins/com.st.stm32cube.ide.mcu.externaltools.gnu-tools-for-stm32.7-2018-q2-update.linux64_1.5.0.202011040924/tools/bin/../lib/gcc/arm-none-eabi/7.3.1/../../../../arm-none-eabi/lib/thumb/v7e-m/fpv4-sp/hard/libc_nano.a(lib_a-errno.o)
                              Core/Src/syscalls.o (__errno)
/opt/st/stm32cubeide_1.5.0/plugins/com.st.stm32cube.ide.mcu.externaltools.gnu-tools-for-stm32.7-2018-q2-update.linux64_1.5.0.202011040924/tools/bin/../lib/gcc/arm-none-eabi/7.3.1/../../../../arm-none-eabi/lib/thumb/v7e-m/fpv4-sp/hard/libc_nano.a(lib_a-exit.o)
                              /opt/st/stm32cubeide_1.5.0/plugins/com.st.stm32cube.ide.mcu.externaltools.gnu-tools-for-stm32.7-2018-q2-update.linux64_1.5.0.202011040924/tools/bin/../lib/gcc/arm-none-eabi/7.3.1/../../../../arm-none-eabi/lib/thumb/v7e-m/fpv4-sp/hard/crt0.o (exit)
/opt/st/stm32cubeide_1.5.0/plugins/com.st.stm32cube.ide.mcu.externaltools.gnu-tools-for-stm32.7-2018-q2-update.linux64_1.5.0.202011040924/tools/bin/../lib/gcc/arm-none-eabi/7.3.1/../../../../arm-none-eabi/lib/thumb/v7e-m/fpv4-sp/hard/libc_nano.a(lib_a-impure.o)
                              /opt/st/stm32cubeide_1.5.0/plugins/com.st.stm32cube.ide.mcu.externaltools.gnu-tools-for-stm32.7-2018-q2-update.linux64_1.5.0.202011040924/tools/bin/../lib/gcc/arm-none-eabi/7.3.1/../../../../arm-none-eabi/lib/thumb/v7e-m/fpv4-sp/hard/libc_nano.a(lib_a-exit.o) (_global_impure_ptr)
/opt/st/stm32cubeide_1.5.0/plugins/com.st.stm32cube.ide.mcu.externaltools.gnu-tools-for-stm32.7-2018-q2-update.linux64_1.5.0.202011040924/tools/bin/../lib/gcc/arm-none-eabi/7.3.1/../../../../arm-none-eabi/lib/thumb/v7e-m/fpv4-sp/hard/libc_nano.a(lib_a-init.o)
                              /opt/st/stm32cubeide_1.5.0/plugins/com.st.stm32cube.ide.mcu.externaltools.gnu-tools-for-stm32.7-2018-q2-update.linux64_1.5.0.202011040924/tools/bin/../lib/gcc/arm-none-eabi/7.3.1/../../../../arm-none-eabi/lib/thumb/v7e-m/fpv4-sp/hard/crt0.o (__libc_init_array)
/opt/st/stm32cubeide_1.5.0/plugins/com.st.stm32cube.ide.mcu.externaltools.gnu-tools-for-stm32.7-2018-q2-update.linux64_1.5.0.202011040924/tools/bin/../lib/gcc/arm-none-eabi/7.3.1/../../../../arm-none-eabi/lib/thumb/v7e-m/fpv4-sp/hard/libc_nano.a(lib_a-memset.o)
                              /opt/st/stm32cubeide_1.5.0/plugins/com.st.stm32cube.ide.mcu.externaltools.gnu-tools-for-stm32.7-2018-q2-update.linux64_1.5.0.202011040924/tools/bin/../lib/gcc/arm-none-eabi/7.3.1/../../../../arm-none-eabi/lib/thumb/v7e-m/fpv4-sp/hard/crt0.o (memset)
/opt/st/stm32cubeide_1.5.0/plugins/com.st.stm32cube.ide.mcu.externaltools.gnu-tools-for-stm32.7-2018-q2-update.linux64_1.5.0.202011040924/tools/bin/../lib/gcc/arm-none-eabi/7.3.1/../../../../arm-none-eabi/lib/thumb/v7e-m/fpv4-sp/hard/libc_nano.a(lib_a-strlen.o)
                              Core/Src/main.o (strlen)

Allocating common symbols
Common symbol       size              file

retSD               0x1               FATFS/App/fatfs.o
hsd1                0x84              Core/Src/main.o
uwTick              0x4               Drivers/STM32L4xx_HAL_Driver/Src/stm32l4xx_hal.o
SDPath              0x4               FATFS/App/fatfs.o
SDFile              0x230             FATFS/App/fatfs.o
SDFatFS             0x230             FATFS/App/fatfs.o

Discarded input sections

 .text          0x0000000000000000        0x0 /opt/st/stm32cubeide_1.5.0/plugins/com.st.stm32cube.ide.mcu.externaltools.gnu-tools-for-stm32.7-2018-q2-update.linux64_1.5.0.202011040924/tools/bin/../lib/gcc/arm-none-eabi/7.3.1/thumb/v7e-m/fpv4-sp/hard/crti.o
 .data          0x0000000000000000        0x0 /opt/st/stm32cubeide_1.5.0/plugins/com.st.stm32cube.ide.mcu.externaltools.gnu-tools-for-stm32.7-2018-q2-update.linux64_1.5.0.202011040924/tools/bin/../lib/gcc/arm-none-eabi/7.3.1/thumb/v7e-m/fpv4-sp/hard/crti.o
 .bss           0x0000000000000000        0x0 /opt/st/stm32cubeide_1.5.0/plugins/com.st.stm32cube.ide.mcu.externaltools.gnu-tools-for-stm32.7-2018-q2-update.linux64_1.5.0.202011040924/tools/bin/../lib/gcc/arm-none-eabi/7.3.1/thumb/v7e-m/fpv4-sp/hard/crti.o
 .data          0x0000000000000000        0x4 /opt/st/stm32cubeide_1.5.0/plugins/com.st.stm32cube.ide.mcu.externaltools.gnu-tools-for-stm32.7-2018-q2-update.linux64_1.5.0.202011040924/tools/bin/../lib/gcc/arm-none-eabi/7.3.1/thumb/v7e-m/fpv4-sp/hard/crtbegin.o
 .text          0x0000000000000000       0x74 /opt/st/stm32cubeide_1.5.0/plugins/com.st.stm32cube.ide.mcu.externaltools.gnu-tools-for-stm32.7-2018-q2-update.linux64_1.5.0.202011040924/tools/bin/../lib/gcc/arm-none-eabi/7.3.1/../../../../arm-none-eabi/lib/thumb/v7e-m/fpv4-sp/hard/crt0.o
 .data          0x0000000000000000        0x0 /opt/st/stm32cubeide_1.5.0/plugins/com.st.stm32cube.ide.mcu.externaltools.gnu-tools-for-stm32.7-2018-q2-update.linux64_1.5.0.202011040924/tools/bin/../lib/gcc/arm-none-eabi/7.3.1/../../../../arm-none-eabi/lib/thumb/v7e-m/fpv4-sp/hard/crt0.o
[...]
Memory Configuration

Name             Origin             Length             Attributes
RAM              0x0000000020000000 0x0000000000018000 xrw
RAM2             0x0000000010000000 0x0000000000008000 xrw
FLASH            0x0000000008000000 0x0000000000100000 xr
*default*        0x0000000000000000 0xffffffffffffffff

Linker script and memory map

LOAD /opt/st/stm32cubeide_1.5.0/plugins/com.st.stm32cube.ide.mcu.externaltools.gnu-tools-for-stm32.7-2018-q2-update.linux64_1.5.0.202011040924/tools/bin/../lib/gcc/arm-none-eabi/7.3.1/thumb/v7e-m/fpv4-sp/hard/crti.o
LOAD /opt/st/stm32cubeide_1.5.0/plugins/com.st.stm32cube.ide.mcu.externaltools.gnu-tools-for-stm32.7-2018-q2-update.linux64_1.5.0.202011040924/tools/bin/../lib/gcc/arm-none-eabi/7.3.1/thumb/v7e-m/fpv4-sp/hard/crtbegin.o
LOAD /opt/st/stm32cubeide_1.5.0/plugins/com.st.stm32cube.ide.mcu.externaltools.gnu-tools-for-stm32.7-2018-q2-update.linux64_1.5.0.202011040924/tools/bin/../lib/gcc/arm-none-eabi/7.3.1/../../../../arm-none-eabi/lib/thumb/v7e-m/fpv4-sp/hard/crt0.o
LOAD Core/Src/main.o
LOAD Core/Src/stm32l4xx_hal_msp.o
LOAD Core/Src/stm32l4xx_it.o
LOAD Core/Src/syscalls.o
LOAD Core/Src/sysmem.o
LOAD Core/Src/system_stm32l4xx.o
LOAD Core/Startup/startup_stm32l476rgtx.o
LOAD Drivers/STM32L4xx_HAL_Driver/Src/stm32l4xx_hal.o
LOAD Drivers/STM32L4xx_HAL_Driver/Src/stm32l4xx_hal_cortex.o
LOAD Drivers/STM32L4xx_HAL_Driver/Src/stm32l4xx_hal_dma.o
LOAD Drivers/STM32L4xx_HAL_Driver/Src/stm32l4xx_hal_dma_ex.o
LOAD Drivers/STM32L4xx_HAL_Driver/Src/stm32l4xx_hal_exti.o
LOAD Drivers/STM32L4xx_HAL_Driver/Src/stm32l4xx_hal_flash.o
LOAD Drivers/STM32L4xx_HAL_Driver/Src/stm32l4xx_hal_flash_ex.o
LOAD Drivers/STM32L4xx_HAL_Driver/Src/stm32l4xx_hal_flash_ramfunc.o
LOAD Drivers/STM32L4xx_HAL_Driver/Src/stm32l4xx_hal_gpio.o
LOAD Drivers/STM32L4xx_HAL_Driver/Src/stm32l4xx_hal_i2c.o
LOAD Drivers/STM32L4xx_HAL_Driver/Src/stm32l4xx_hal_i2c_ex.o
LOAD Drivers/STM32L4xx_HAL_Driver/Src/stm32l4xx_hal_pwr.o
LOAD Drivers/STM32L4xx_HAL_Driver/Src/stm32l4xx_hal_pwr_ex.o
LOAD Drivers/STM32L4xx_HAL_Driver/Src/stm32l4xx_hal_rcc.o
LOAD Drivers/STM32L4xx_HAL_Driver/Src/stm32l4xx_hal_rcc_ex.o
LOAD Drivers/STM32L4xx_HAL_Driver/Src/stm32l4xx_hal_sd.o
LOAD Drivers/STM32L4xx_HAL_Driver/Src/stm32l4xx_hal_sd_ex.o
LOAD Drivers/STM32L4xx_HAL_Driver/Src/stm32l4xx_hal_tim.o
LOAD Drivers/STM32L4xx_HAL_Driver/Src/stm32l4xx_hal_tim_ex.o
LOAD Drivers/STM32L4xx_HAL_Driver/Src/stm32l4xx_ll_sdmmc.o
LOAD FATFS/App/fatfs.o
LOAD FATFS/Target/bsp_driver_sd.o
LOAD FATFS/Target/fatfs_platform.o
LOAD FATFS/Target/sd_diskio.o
LOAD Middlewares/Third_Party/FatFs/src/diskio.o
LOAD Middlewares/Third_Party/FatFs/src/ff.o
LOAD Middlewares/Third_Party/FatFs/src/ff_gen_drv.o
LOAD Middlewares/Third_Party/FatFs/src/option/syscall.o
START GROUP
LOAD /opt/st/stm32cubeide_1.5.0/plugins/com.st.stm32cube.ide.mcu.externaltools.gnu-tools-for-stm32.7-2018-q2-update.linux64_1.5.0.202011040924/tools/bin/../lib/gcc/arm-none-eabi/7.3.1/../../../../arm-none-eabi/lib/thumb/v7e-m/fpv4-sp/hard/libc_nano.a
LOAD /opt/st/stm32cubeide_1.5.0/plugins/com.st.stm32cube.ide.mcu.externaltools.gnu-tools-for-stm32.7-2018-q2-update.linux64_1.5.0.202011040924/tools/bin/../lib/gcc/arm-none-eabi/7.3.1/../../../../arm-none-eabi/lib/thumb/v7e-m/fpv4-sp/hard/libm.a
END GROUP
START GROUP
LOAD /opt/st/stm32cubeide_1.5.0/plugins/com.st.stm32cube.ide.mcu.externaltools.gnu-tools-for-stm32.7-2018-q2-update.linux64_1.5.0.202011040924/tools/bin/../lib/gcc/arm-none-eabi/7.3.1/thumb/v7e-m/fpv4-sp/hard/libgcc.a
LOAD /opt/st/stm32cubeide_1.5.0/plugins/com.st.stm32cube.ide.mcu.externaltools.gnu-tools-for-stm32.7-2018-q2-update.linux64_1.5.0.202011040924/tools/bin/../lib/gcc/arm-none-eabi/7.3.1/../../../../arm-none-eabi/lib/thumb/v7e-m/fpv4-sp/hard/libc_nano.a
END GROUP
START GROUP
LOAD /opt/st/stm32cubeide_1.5.0/plugins/com.st.stm32cube.ide.mcu.externaltools.gnu-tools-for-stm32.7-2018-q2-update.linux64_1.5.0.202011040924/tools/bin/../lib/gcc/arm-none-eabi/7.3.1/thumb/v7e-m/fpv4-sp/hard/libgcc.a
LOAD /opt/st/stm32cubeide_1.5.0/plugins/com.st.stm32cube.ide.mcu.externaltools.gnu-tools-for-stm32.7-2018-q2-update.linux64_1.5.0.202011040924/tools/bin/../lib/gcc/arm-none-eabi/7.3.1/../../../../arm-none-eabi/lib/thumb/v7e-m/fpv4-sp/hard/libc_nano.a
LOAD /opt/st/stm32cubeide_1.5.0/plugins/com.st.stm32cube.ide.mcu.externaltools.gnu-tools-for-stm32.7-2018-q2-update.linux64_1.5.0.202011040924/tools/bin/../lib/gcc/arm-none-eabi/7.3.1/../../../../arm-none-eabi/lib/thumb/v7e-m/fpv4-sp/hard/libnosys.a
END GROUP
START GROUP
LOAD /opt/st/stm32cubeide_1.5.0/plugins/com.st.stm32cube.ide.mcu.externaltools.gnu-tools-for-stm32.7-2018-q2-update.linux64_1.5.0.202011040924/tools/bin/../lib/gcc/arm-none-eabi/7.3.1/thumb/v7e-m/fpv4-sp/hard/libgcc.a
LOAD /opt/st/stm32cubeide_1.5.0/plugins/com.st.stm32cube.ide.mcu.externaltools.gnu-tools-for-stm32.7-2018-q2-update.linux64_1.5.0.202011040924/tools/bin/../lib/gcc/arm-none-eabi/7.3.1/../../../../arm-none-eabi/lib/thumb/v7e-m/fpv4-sp/hard/libc_nano.a
LOAD /opt/st/stm32cubeide_1.5.0/plugins/com.st.stm32cube.ide.mcu.externaltools.gnu-tools-for-stm32.7-2018-q2-update.linux64_1.5.0.202011040924/tools/bin/../lib/gcc/arm-none-eabi/7.3.1/../../../../arm-none-eabi/lib/thumb/v7e-m/fpv4-sp/hard/libnosys.a
END GROUP
LOAD /opt/st/stm32cubeide_1.5.0/plugins/com.st.stm32cube.ide.mcu.externaltools.gnu-tools-for-stm32.7-2018-q2-update.linux64_1.5.0.202011040924/tools/bin/../lib/gcc/arm-none-eabi/7.3.1/thumb/v7e-m/fpv4-sp/hard/crtend.o
LOAD /opt/st/stm32cubeide_1.5.0/plugins/com.st.stm32cube.ide.mcu.externaltools.gnu-tools-for-stm32.7-2018-q2-update.linux64_1.5.0.202011040924/tools/bin/../lib/gcc/arm-none-eabi/7.3.1/thumb/v7e-m/fpv4-sp/hard/crtn.o
                0x0000000020018000                _estack = (ORIGIN (RAM) + LENGTH (RAM))
                0x0000000000000200                _Min_Heap_Size = 0x200
                0x0000000000000400                _Min_Stack_Size = 0x400

.isr_vector     0x0000000008000000      0x188
                0x0000000008000000                . = ALIGN (0x4)
 *(.isr_vector)
 .isr_vector    0x0000000008000000      0x188 Core/Startup/startup_stm32l476rgtx.o
                0x0000000008000000                g_pfnVectors
                0x0000000008000188                . = ALIGN (0x4)

.text           0x0000000008000188     0x7cfc
                0x0000000008000188                . = ALIGN (0x4)
 *(.text)
 .text          0x0000000008000188       0x40 /opt/st/stm32cubeide_1.5.0/plugins/com.st.stm32cube.ide.mcu.externaltools.gnu-tools-for-stm32.7-2018-q2-update.linux64_1.5.0.202011040924/tools/bin/../lib/gcc/arm-none-eabi/7.3.1/thumb/v7e-m/fpv4-sp/hard/crtbegin.o
 .text          0x00000000080001c8       0x10 /opt/st/stm32cubeide_1.5.0/plugins/com.st.stm32cube.ide.mcu.externaltools.gnu-tools-for-stm32.7-2018-q2-update.linux64_1.5.0.202011040924/tools/bin/../lib/gcc/arm-none-eabi/7.3.1/../../../../arm-none-eabi/lib/thumb/v7e-m/fpv4-sp/hard/libc_nano.a(lib_a-strlen.o)
                0x00000000080001c8                strlen
 *(.text*)
 .text.main     0x00000000080001d8      0x120 Core/Src/main.o
                0x00000000080001d8                main
 .text.SystemClock_Config
                0x00000000080002f8       0xec Core/Src/main.o
                0x00000000080002f8                SystemClock_Config
 .text.MX_SDMMC1_SD_Init
                0x00000000080003e4       0x40 Core/Src/main.o
 .text.MX_GPIO_Init
                0x0000000008000424       0x88 Core/Src/main.o
 .text.Error_Handler
                0x00000000080004ac        0x8 Core/Src/main.o
                0x00000000080004ac                Error_Handler
 .text.HAL_MspInit
                0x00000000080004b4       0x48 Core/Src/stm32l4xx_hal_msp.o
                0x00000000080004b4                HAL_MspInit
 .text.HAL_SD_MspInit
                0x00000000080004fc       0xc4 Core/Src/stm32l4xx_hal_msp.o
                0x00000000080004fc                HAL_SD_MspInit
 .text.NMI_Handler
                0x00000000080005c0        0x6 Core/Src/stm32l4xx_it.o
                0x00000000080005c0                NMI_Handler
 .text.HardFault_Handler
                0x00000000080005c6        0x6 Core/Src/stm32l4xx_it.o
                0x00000000080005c6                HardFault_Handler
 .text.MemManage_Handler
                0x00000000080005cc        0x6 Core/Src/stm32l4xx_it.o
                0x00000000080005cc                MemManage_Handler
 .text.BusFault_Handler
                0x00000000080005d2        0x6 Core/Src/stm32l4xx_it.o
                0x00000000080005d2                BusFault_Handler
 .text.UsageFault_Handler
                0x00000000080005d8        0x6 Core/Src/stm32l4xx_it.o
                0x00000000080005d8                UsageFault_Handler
 .text.SVC_Handler
                0x00000000080005de        0xe Core/Src/stm32l4xx_it.o
                0x00000000080005de                SVC_Handler
 .text.DebugMon_Handler
                0x00000000080005ec        0xe Core/Src/stm32l4xx_it.o
                0x00000000080005ec                DebugMon_Handler
 .text.PendSV_Handler
                0x00000000080005fa        0xe Core/Src/stm32l4xx_it.o
                0x00000000080005fa                PendSV_Handler
 .text.SysTick_Handler
                0x0000000008000608        0xc Core/Src/stm32l4xx_it.o
                0x0000000008000608                SysTick_Handler
 .text.SystemInit
                0x0000000008000614       0x6c Core/Src/system_stm32l4xx.o
                0x0000000008000614                SystemInit
 .text.Reset_Handler
                0x0000000008000680       0x50 Core/Startup/startup_stm32l476rgtx.o
                0x0000000008000680                Reset_Handler
 .text.Default_Handler
                0x00000000080006d0        0x2 Core/Startup/startup_stm32l476rgtx.o
                0x00000000080006d0                RTC_Alarm_IRQHandler
                0x00000000080006d0                EXTI2_IRQHandler
                0x00000000080006d0                TIM8_TRG_COM_IRQHandler
                0x00000000080006d0                TIM8_CC_IRQHandler
                0x00000000080006d0                TIM1_CC_IRQHandler
                0x00000000080006d0                TSC_IRQHandler
                0x00000000080006d0                TAMP_STAMP_IRQHandler
                0x00000000080006d0                EXTI3_IRQHandler
                0x00000000080006d0                LPTIM2_IRQHandler
                0x00000000080006d0                DFSDM1_FLT1_IRQHandler
                0x00000000080006d0                I2C3_ER_IRQHandler
                0x00000000080006d0                DFSDM1_FLT2_IRQHandler
                0x00000000080006d0                EXTI0_IRQHandler
                0x00000000080006d0                I2C2_EV_IRQHandler
                0x00000000080006d0                CAN1_RX0_IRQHandler
                0x00000000080006d0                FPU_IRQHandler
                0x00000000080006d0                TIM1_UP_TIM16_IRQHandler
                0x00000000080006d0                ADC1_2_IRQHandler
                0x00000000080006d0                SPI1_IRQHandler
                0x00000000080006d0                TIM6_DAC_IRQHandler
                0x00000000080006d0                TIM8_UP_IRQHandler
                0x00000000080006d0                DMA2_Channel2_IRQHandler
                0x00000000080006d0                DMA1_Channel4_IRQHandler
                0x00000000080006d0                SAI2_IRQHandler
                0x00000000080006d0                DFSDM1_FLT3_IRQHandler
                0x00000000080006d0                USART3_IRQHandler
                0x00000000080006d0                DMA1_Channel7_IRQHandler
                0x00000000080006d0                CAN1_RX1_IRQHandler
                0x00000000080006d0                LCD_IRQHandler
                0x00000000080006d0                UART5_IRQHandler
                0x00000000080006d0                ADC3_IRQHandler
                0x00000000080006d0                TIM4_IRQHandler
                0x00000000080006d0                DMA2_Channel1_IRQHandler
                0x00000000080006d0                QUADSPI_IRQHandler
                0x00000000080006d0                I2C1_EV_IRQHandler
                0x00000000080006d0                DMA1_Channel6_IRQHandler
                0x00000000080006d0                UART4_IRQHandler
                0x00000000080006d0                DMA2_Channel4_IRQHandler
                0x00000000080006d0                TIM3_IRQHandler
                0x00000000080006d0                RCC_IRQHandler
                0x00000000080006d0                DMA1_Channel1_IRQHandler
                0x00000000080006d0                Default_Handler
                0x00000000080006d0                DMA2_Channel7_IRQHandler
                0x00000000080006d0                EXTI15_10_IRQHandler
                0x00000000080006d0                TIM7_IRQHandler
                0x00000000080006d0                SDMMC1_IRQHandler
                0x00000000080006d0                TIM5_IRQHandler
                0x00000000080006d0                I2C3_EV_IRQHandler
                0x00000000080006d0                EXTI9_5_IRQHandler
                0x00000000080006d0                RTC_WKUP_IRQHandler
                0x00000000080006d0                PVD_PVM_IRQHandler
                0x00000000080006d0                SPI2_IRQHandler
                0x00000000080006d0                CAN1_TX_IRQHandler
                0x00000000080006d0                DMA2_Channel5_IRQHandler
                0x00000000080006d0                DMA1_Channel5_IRQHandler
                0x00000000080006d0                EXTI4_IRQHandler
                0x00000000080006d0                RNG_IRQHandler
                0x00000000080006d0                TIM1_TRG_COM_TIM17_IRQHandler
                0x00000000080006d0                DMA1_Channel3_IRQHandler
                0x00000000080006d0                COMP_IRQHandler
                0x00000000080006d0                WWDG_IRQHandler
                0x00000000080006d0                LPUART1_IRQHandler
                0x00000000080006d0                DMA2_Channel6_IRQHandler
                0x00000000080006d0                TIM2_IRQHandler
                0x00000000080006d0                EXTI1_IRQHandler
                0x00000000080006d0                USART2_IRQHandler
                0x00000000080006d0                DFSDM1_FLT0_IRQHandler
                0x00000000080006d0                I2C2_ER_IRQHandler
                0x00000000080006d0                DMA1_Channel2_IRQHandler
                0x00000000080006d0                TIM8_BRK_IRQHandler
                0x00000000080006d0                CAN1_SCE_IRQHandler
                0x00000000080006d0                FLASH_IRQHandler
                0x00000000080006d0                USART1_IRQHandler
                0x00000000080006d0                OTG_FS_IRQHandler
                0x00000000080006d0                SPI3_IRQHandler
                0x00000000080006d0                I2C1_ER_IRQHandler
                0x00000000080006d0                FMC_IRQHandler
                0x00000000080006d0                SWPMI1_IRQHandler
                0x00000000080006d0                LPTIM1_IRQHandler
                0x00000000080006d0                SAI1_IRQHandler
                0x00000000080006d0                DMA2_Channel3_IRQHandler
                0x00000000080006d0                TIM1_BRK_TIM15_IRQHandler
 .text.HAL_Init
                0x00000000080006d2       0x30 Drivers/STM32L4xx_HAL_Driver/Src/stm32l4xx_hal.o
                0x00000000080006d2                HAL_Init
 *fill*         0x0000000008000702        0x2 
 .text.HAL_InitTick
                0x0000000008000704       0x78 Drivers/STM32L4xx_HAL_Driver/Src/stm32l4xx_hal.o
                0x0000000008000704                HAL_InitTick
 .text.HAL_IncTick
                0x000000000800077c       0x28 Drivers/STM32L4xx_HAL_Driver/Src/stm32l4xx_hal.o
                0x000000000800077c                HAL_IncTick
 .text.HAL_GetTick
                0x00000000080007a4       0x18 Drivers/STM32L4xx_HAL_Driver/Src/stm32l4xx_hal.o
                0x00000000080007a4                HAL_GetTick
 .text.HAL_Delay
                0x00000000080007bc       0x44 Drivers/STM32L4xx_HAL_Driver/Src/stm32l4xx_hal.o
                0x00000000080007bc                HAL_Delay
 .text.__NVIC_SetPriorityGrouping
                0x0000000008000800       0x48 Drivers/STM32L4xx_HAL_Driver/Src/stm32l4xx_hal_cortex.o
 .text.__NVIC_GetPriorityGrouping
                0x0000000008000848       0x1c Drivers/STM32L4xx_HAL_Driver/Src/stm32l4xx_hal_cortex.o
 .text.__NVIC_SetPriority
                0x0000000008000864       0x54 Drivers/STM32L4xx_HAL_Driver/Src/stm32l4xx_hal_cortex.o
 .text.NVIC_EncodePriority
                0x00000000080008b8       0x66 Drivers/STM32L4xx_HAL_Driver/Src/stm32l4xx_hal_cortex.o
 *fill*         0x000000000800091e        0x2 
 .text.SysTick_Config
                0x0000000008000920       0x44 Drivers/STM32L4xx_HAL_Driver/Src/stm32l4xx_hal_cortex.o
 .text.HAL_NVIC_SetPriorityGrouping
                0x0000000008000964       0x16 Drivers/STM32L4xx_HAL_Driver/Src/stm32l4xx_hal_cortex.o
                0x0000000008000964                HAL_NVIC_SetPriorityGrouping
 .text.HAL_NVIC_SetPriority
                0x000000000800097a       0x38 Drivers/STM32L4xx_HAL_Driver/Src/stm32l4xx_hal_cortex.o
                0x000000000800097a                HAL_NVIC_SetPriority
 .text.HAL_SYSTICK_Config
                0x00000000080009b2       0x18 Drivers/STM32L4xx_HAL_Driver/Src/stm32l4xx_hal_cortex.o
                0x00000000080009b2                HAL_SYSTICK_Config
 *fill*         0x00000000080009ca        0x2 
 .text.HAL_GPIO_Init
                0x00000000080009cc      0x350 Drivers/STM32L4xx_HAL_Driver/Src/stm32l4xx_hal_gpio.o
                0x00000000080009cc                HAL_GPIO_Init
 .text.HAL_GPIO_ReadPin
                0x0000000008000d1c       0x30 Drivers/STM32L4xx_HAL_Driver/Src/stm32l4xx_hal_gpio.o
                0x0000000008000d1c                HAL_GPIO_ReadPin
 .text.HAL_PWREx_GetVoltageRange
                0x0000000008000d4c       0x1c Drivers/STM32L4xx_HAL_Driver/Src/stm32l4xx_hal_pwr_ex.o
                0x0000000008000d4c                HAL_PWREx_GetVoltageRange
 .text.HAL_PWREx_ControlVoltageScaling
                0x0000000008000d68       0xac Drivers/STM32L4xx_HAL_Driver/Src/stm32l4xx_hal_pwr_ex.o
                0x0000000008000d68                HAL_PWREx_ControlVoltageScaling
 .text.HAL_RCC_OscConfig
                0x0000000008000e14      0x7cc Drivers/STM32L4xx_HAL_Driver/Src/stm32l4xx_hal_rcc.o
                0x0000000008000e14                HAL_RCC_OscConfig
 .text.HAL_RCC_ClockConfig
                0x00000000080015e0      0x1c4 Drivers/STM32L4xx_HAL_Driver/Src/stm32l4xx_hal_rcc.o
                0x00000000080015e0                HAL_RCC_ClockConfig
 .text.HAL_RCC_GetSysClockFreq
                0x00000000080017a4      0x114 Drivers/STM32L4xx_HAL_Driver/Src/stm32l4xx_hal_rcc.o
                0x00000000080017a4                HAL_RCC_GetSysClockFreq
 .text.HAL_RCC_GetHCLKFreq
                0x00000000080018b8       0x18 Drivers/STM32L4xx_HAL_Driver/Src/stm32l4xx_hal_rcc.o
                0x00000000080018b8                HAL_RCC_GetHCLKFreq
 .text.HAL_RCC_GetPCLK1Freq
                0x00000000080018d0       0x2c Drivers/STM32L4xx_HAL_Driver/Src/stm32l4xx_hal_rcc.o
                0x00000000080018d0                HAL_RCC_GetPCLK1Freq
 .text.HAL_RCC_GetPCLK2Freq
                0x00000000080018fc       0x2c Drivers/STM32L4xx_HAL_Driver/Src/stm32l4xx_hal_rcc.o
                0x00000000080018fc                HAL_RCC_GetPCLK2Freq
 .text.RCC_SetFlashLatencyFromMSIRange
                0x0000000008001928       0xc0 Drivers/STM32L4xx_HAL_Driver/Src/stm32l4xx_hal_rcc.o
 .text.HAL_RCCEx_PeriphCLKConfig
                0x00000000080019e8      0x5cc Drivers/STM32L4xx_HAL_Driver/Src/stm32l4xx_hal_rcc_ex.o
                0x00000000080019e8                HAL_RCCEx_PeriphCLKConfig
 .text.HAL_RCCEx_GetPeriphCLKFreq
                0x0000000008001fb4      0x90c Drivers/STM32L4xx_HAL_Driver/Src/stm32l4xx_hal_rcc_ex.o
                0x0000000008001fb4                HAL_RCCEx_GetPeriphCLKFreq
 .text.RCCEx_PLLSAI1_Config
                0x00000000080028c0      0x1e0 Drivers/STM32L4xx_HAL_Driver/Src/stm32l4xx_hal_rcc_ex.o
 .text.RCCEx_PLLSAI2_Config
                0x0000000008002aa0      0x1b4 Drivers/STM32L4xx_HAL_Driver/Src/stm32l4xx_hal_rcc_ex.o
 .text.RCCEx_GetSAIxPeriphCLKFreq
                0x0000000008002c54      0x1e0 Drivers/STM32L4xx_HAL_Driver/Src/stm32l4xx_hal_rcc_ex.o
 .text.HAL_SD_Init
                0x0000000008002e34       0x60 Drivers/STM32L4xx_HAL_Driver/Src/stm32l4xx_hal_sd.o
                0x0000000008002e34                HAL_SD_Init
 .text.HAL_SD_InitCard
                0x0000000008002e94      0x170 Drivers/STM32L4xx_HAL_Driver/Src/stm32l4xx_hal_sd.o
                0x0000000008002e94                HAL_SD_InitCard
 .text.HAL_SD_ReadBlocks
                0x0000000008003004      0x3bc Drivers/STM32L4xx_HAL_Driver/Src/stm32l4xx_hal_sd.o
                0x0000000008003004                HAL_SD_ReadBlocks
 .text.HAL_SD_WriteBlocks
                0x00000000080033c0      0x30c Drivers/STM32L4xx_HAL_Driver/Src/stm32l4xx_hal_sd.o
                0x00000000080033c0                HAL_SD_WriteBlocks
 .text.HAL_SD_GetCardCSD
                0x00000000080036cc      0x348 Drivers/STM32L4xx_HAL_Driver/Src/stm32l4xx_hal_sd.o
                0x00000000080036cc                HAL_SD_GetCardCSD
 .text.HAL_SD_GetCardInfo
                0x0000000008003a14       0x58 Drivers/STM32L4xx_HAL_Driver/Src/stm32l4xx_hal_sd.o
                0x0000000008003a14                HAL_SD_GetCardInfo
 .text.HAL_SD_ConfigWideBusOperation
                0x0000000008003a6c      0x12c Drivers/STM32L4xx_HAL_Driver/Src/stm32l4xx_hal_sd.o
                0x0000000008003a6c                HAL_SD_ConfigWideBusOperation
 .text.HAL_SD_GetCardState
                0x0000000008003b98       0x40 Drivers/STM32L4xx_HAL_Driver/Src/stm32l4xx_hal_sd.o
                0x0000000008003b98                HAL_SD_GetCardState
 .text.SD_InitCard
                0x0000000008003bd8      0x19a Drivers/STM32L4xx_HAL_Driver/Src/stm32l4xx_hal_sd.o
 *fill*         0x0000000008003d72        0x2 
 .text.SD_PowerON
                0x0000000008003d74      0x11c Drivers/STM32L4xx_HAL_Driver/Src/stm32l4xx_hal_sd.o
 .text.SD_SendStatus
                0x0000000008003e90       0x50 Drivers/STM32L4xx_HAL_Driver/Src/stm32l4xx_hal_sd.o
 .text.SD_WideBus_Enable
                0x0000000008003ee0       0x96 Drivers/STM32L4xx_HAL_Driver/Src/stm32l4xx_hal_sd.o
 .text.SD_WideBus_Disable
                0x0000000008003f76       0x96 Drivers/STM32L4xx_HAL_Driver/Src/stm32l4xx_hal_sd.o
 .text.SD_FindSCR
                0x000000000800400c      0x194 Drivers/STM32L4xx_HAL_Driver/Src/stm32l4xx_hal_sd.o
 .text.SDMMC_Init
                0x00000000080041a0       0x5a Drivers/STM32L4xx_HAL_Driver/Src/stm32l4xx_ll_sdmmc.o
                0x00000000080041a0                SDMMC_Init
 .text.SDMMC_ReadFIFO
                0x00000000080041fa       0x1a Drivers/STM32L4xx_HAL_Driver/Src/stm32l4xx_ll_sdmmc.o
                0x00000000080041fa                SDMMC_ReadFIFO
 .text.SDMMC_WriteFIFO
                0x0000000008004214       0x22 Drivers/STM32L4xx_HAL_Driver/Src/stm32l4xx_ll_sdmmc.o
                0x0000000008004214                SDMMC_WriteFIFO
 .text.SDMMC_PowerState_ON
                0x0000000008004236       0x1e Drivers/STM32L4xx_HAL_Driver/Src/stm32l4xx_ll_sdmmc.o
                0x0000000008004236                SDMMC_PowerState_ON
 .text.SDMMC_GetPowerState
                0x0000000008004254       0x1c Drivers/STM32L4xx_HAL_Driver/Src/stm32l4xx_ll_sdmmc.o
                0x0000000008004254                SDMMC_GetPowerState
 .text.SDMMC_SendCommand
                0x0000000008004270       0x54 Drivers/STM32L4xx_HAL_Driver/Src/stm32l4xx_ll_sdmmc.o
                0x0000000008004270                SDMMC_SendCommand
 .text.SDMMC_GetCommandResponse
                0x00000000080042c4       0x1a Drivers/STM32L4xx_HAL_Driver/Src/stm32l4xx_ll_sdmmc.o
                0x00000000080042c4                SDMMC_GetCommandResponse
 .text.SDMMC_GetResponse
                0x00000000080042de       0x26 Drivers/STM32L4xx_HAL_Driver/Src/stm32l4xx_ll_sdmmc.o
                0x00000000080042de                SDMMC_GetResponse
 .text.SDMMC_ConfigData
                0x0000000008004304       0x58 Drivers/STM32L4xx_HAL_Driver/Src/stm32l4xx_ll_sdmmc.o
                0x0000000008004304                SDMMC_ConfigData
 .text.SDMMC_CmdBlockLength
                0x000000000800435c       0x44 Drivers/STM32L4xx_HAL_Driver/Src/stm32l4xx_ll_sdmmc.o
                0x000000000800435c                SDMMC_CmdBlockLength
 .text.SDMMC_CmdReadSingleBlock
                0x00000000080043a0       0x44 Drivers/STM32L4xx_HAL_Driver/Src/stm32l4xx_ll_sdmmc.o
                0x00000000080043a0                SDMMC_CmdReadSingleBlock
 .text.SDMMC_CmdReadMultiBlock
                0x00000000080043e4       0x44 Drivers/STM32L4xx_HAL_Driver/Src/stm32l4xx_ll_sdmmc.o
                0x00000000080043e4                SDMMC_CmdReadMultiBlock
 .text.SDMMC_CmdWriteSingleBlock
                0x0000000008004428       0x44 Drivers/STM32L4xx_HAL_Driver/Src/stm32l4xx_ll_sdmmc.o
                0x0000000008004428                SDMMC_CmdWriteSingleBlock
 .text.SDMMC_CmdWriteMultiBlock
                0x000000000800446c       0x44 Drivers/STM32L4xx_HAL_Driver/Src/stm32l4xx_ll_sdmmc.o
                0x000000000800446c                SDMMC_CmdWriteMultiBlock
 .text.SDMMC_CmdStopTransfer
                0x00000000080044b0       0x44 Drivers/STM32L4xx_HAL_Driver/Src/stm32l4xx_ll_sdmmc.o
                0x00000000080044b0                SDMMC_CmdStopTransfer
 .text.SDMMC_CmdSelDesel
                0x00000000080044f4       0x46 Drivers/STM32L4xx_HAL_Driver/Src/stm32l4xx_ll_sdmmc.o
                0x00000000080044f4                SDMMC_CmdSelDesel
 .text.SDMMC_CmdGoIdleState
                0x000000000800453a       0x3c Drivers/STM32L4xx_HAL_Driver/Src/stm32l4xx_ll_sdmmc.o
                0x000000000800453a                SDMMC_CmdGoIdleState
 .text.SDMMC_CmdOperCond
                0x0000000008004576       0x3e Drivers/STM32L4xx_HAL_Driver/Src/stm32l4xx_ll_sdmmc.o
                0x0000000008004576                SDMMC_CmdOperCond
 .text.SDMMC_CmdAppCommand
                0x00000000080045b4       0x44 Drivers/STM32L4xx_HAL_Driver/Src/stm32l4xx_ll_sdmmc.o
                0x00000000080045b4                SDMMC_CmdAppCommand
 .text.SDMMC_CmdAppOperCommand
                0x00000000080045f8       0x46 Drivers/STM32L4xx_HAL_Driver/Src/stm32l4xx_ll_sdmmc.o
                0x00000000080045f8                SDMMC_CmdAppOperCommand
 .text.SDMMC_CmdBusWidth
                0x000000000800463e       0x44 Drivers/STM32L4xx_HAL_Driver/Src/stm32l4xx_ll_sdmmc.o
                0x000000000800463e                SDMMC_CmdBusWidth
 .text.SDMMC_CmdSendSCR
                0x0000000008004682       0x42 Drivers/STM32L4xx_HAL_Driver/Src/stm32l4xx_ll_sdmmc.o
                0x0000000008004682                SDMMC_CmdSendSCR
 .text.SDMMC_CmdSendCID
                0x00000000080046c4       0x3c Drivers/STM32L4xx_HAL_Driver/Src/stm32l4xx_ll_sdmmc.o
                0x00000000080046c4                SDMMC_CmdSendCID
 .text.SDMMC_CmdSendCSD
                0x0000000008004700       0x3e Drivers/STM32L4xx_HAL_Driver/Src/stm32l4xx_ll_sdmmc.o
                0x0000000008004700                SDMMC_CmdSendCSD
 .text.SDMMC_CmdSetRelAdd
                0x000000000800473e       0x42 Drivers/STM32L4xx_HAL_Driver/Src/stm32l4xx_ll_sdmmc.o
                0x000000000800473e                SDMMC_CmdSetRelAdd
 .text.SDMMC_CmdSendStatus
                0x0000000008004780       0x44 Drivers/STM32L4xx_HAL_Driver/Src/stm32l4xx_ll_sdmmc.o
                0x0000000008004780                SDMMC_CmdSendStatus
 .text.SDMMC_GetCmdResp1
                0x00000000080047c4      0x1dc Drivers/STM32L4xx_HAL_Driver/Src/stm32l4xx_ll_sdmmc.o
                0x00000000080047c4                SDMMC_GetCmdResp1
 .text.SDMMC_GetCmdResp2
                0x00000000080049a0       0x90 Drivers/STM32L4xx_HAL_Driver/Src/stm32l4xx_ll_sdmmc.o
                0x00000000080049a0                SDMMC_GetCmdResp2
 .text.SDMMC_GetCmdResp3
                0x0000000008004a30       0x7c Drivers/STM32L4xx_HAL_Driver/Src/stm32l4xx_ll_sdmmc.o
                0x0000000008004a30                SDMMC_GetCmdResp3
 .text.SDMMC_GetCmdResp6
                0x0000000008004aac       0xec Drivers/STM32L4xx_HAL_Driver/Src/stm32l4xx_ll_sdmmc.o
                0x0000000008004aac                SDMMC_GetCmdResp6
 .text.SDMMC_GetCmdResp7
                0x0000000008004b98       0x9c Drivers/STM32L4xx_HAL_Driver/Src/stm32l4xx_ll_sdmmc.o
                0x0000000008004b98                SDMMC_GetCmdResp7
 .text.SDMMC_GetCmdError
                0x0000000008004c34       0x58 Drivers/STM32L4xx_HAL_Driver/Src/stm32l4xx_ll_sdmmc.o
 .text.MX_FATFS_Init
                0x0000000008004c8c       0x24 FATFS/App/fatfs.o
                0x0000000008004c8c                MX_FATFS_Init
 .text.get_fattime
                0x0000000008004cb0       0x10 FATFS/App/fatfs.o
                0x0000000008004cb0                get_fattime
 .text.BSP_SD_Init
                0x0000000008004cc0       0x4c FATFS/Target/bsp_driver_sd.o
                0x0000000008004cc0                BSP_SD_Init
 .text.BSP_SD_ReadBlocks
                0x0000000008004d0c       0x3c FATFS/Target/bsp_driver_sd.o
                0x0000000008004d0c                BSP_SD_ReadBlocks
 .text.BSP_SD_WriteBlocks
                0x0000000008004d48       0x3c FATFS/Target/bsp_driver_sd.o
                0x0000000008004d48                BSP_SD_WriteBlocks
 .text.BSP_SD_GetCardState
                0x0000000008004d84       0x20 FATFS/Target/bsp_driver_sd.o
                0x0000000008004d84                BSP_SD_GetCardState
 .text.BSP_SD_GetCardInfo
                0x0000000008004da4       0x1c FATFS/Target/bsp_driver_sd.o
                0x0000000008004da4                BSP_SD_GetCardInfo
 .text.BSP_SD_IsDetected
                0x0000000008004dc0       0x24 FATFS/Target/bsp_driver_sd.o
                0x0000000008004dc0                BSP_SD_IsDetected
 .text.BSP_PlatformIsDetected
                0x0000000008004de4       0x2a FATFS/Target/fatfs_platform.o
                0x0000000008004de4                BSP_PlatformIsDetected
 *fill*         0x0000000008004e0e        0x2 
 .text.SD_CheckStatus
                0x0000000008004e10       0x3c FATFS/Target/sd_diskio.o
 .text.SD_initialize
                0x0000000008004e4c       0x3c FATFS/Target/sd_diskio.o
                0x0000000008004e4c                SD_initialize
 .text.SD_status
                0x0000000008004e88       0x1c FATFS/Target/sd_diskio.o
                0x0000000008004e88                SD_status
 .text.SD_read  0x0000000008004ea4       0x42 FATFS/Target/sd_diskio.o
                0x0000000008004ea4                SD_read
 .text.SD_write
                0x0000000008004ee6       0x42 FATFS/Target/sd_diskio.o
                0x0000000008004ee6                SD_write
 .text.SD_ioctl
                0x0000000008004f28       0xb0 FATFS/Target/sd_diskio.o
                0x0000000008004f28                SD_ioctl
 .text.disk_status
                0x0000000008004fd8       0x34 Middlewares/Third_Party/FatFs/src/diskio.o
                0x0000000008004fd8                disk_status
 .text.disk_initialize
                0x000000000800500c       0x4c Middlewares/Third_Party/FatFs/src/diskio.o
                0x000000000800500c                disk_initialize
 .text.disk_read
                0x0000000008005058       0x40 Middlewares/Third_Party/FatFs/src/diskio.o
                0x0000000008005058                disk_read
 .text.disk_write
                0x0000000008005098       0x40 Middlewares/Third_Party/FatFs/src/diskio.o
                0x0000000008005098                disk_write
 .text.disk_ioctl
                0x00000000080050d8       0x3c Middlewares/Third_Party/FatFs/src/diskio.o
                0x00000000080050d8                disk_ioctl
 .text.ld_word  0x0000000008005114       0x30 Middlewares/Third_Party/FatFs/src/ff.o
 .text.ld_dword
                0x0000000008005144       0x46 Middlewares/Third_Party/FatFs/src/ff.o
 .text.st_word  0x000000000800518a       0x36 Middlewares/Third_Party/FatFs/src/ff.o
 .text.st_dword
                0x00000000080051c0       0x58 Middlewares/Third_Party/FatFs/src/ff.o
 .text.mem_cpy  0x0000000008005218       0x42 Middlewares/Third_Party/FatFs/src/ff.o
 .text.mem_set  0x000000000800525a       0x34 Middlewares/Third_Party/FatFs/src/ff.o
 .text.mem_cmp  0x000000000800528e       0x4e Middlewares/Third_Party/FatFs/src/ff.o
 .text.chk_chr  0x00000000080052dc       0x36 Middlewares/Third_Party/FatFs/src/ff.o
 *fill*         0x0000000008005312        0x2 
 .text.chk_lock
                0x0000000008005314       0xb8 Middlewares/Third_Party/FatFs/src/ff.o
 .text.enq_lock
                0x00000000080053cc       0x44 Middlewares/Third_Party/FatFs/src/ff.o
 .text.inc_lock
                0x0000000008005410      0x11c Middlewares/Third_Party/FatFs/src/ff.o
 .text.dec_lock
                0x000000000800552c       0x78 Middlewares/Third_Party/FatFs/src/ff.o
 .text.clear_lock
                0x00000000080055a4       0x48 Middlewares/Third_Party/FatFs/src/ff.o
 .text.sync_window
                0x00000000080055ec       0x88 Middlewares/Third_Party/FatFs/src/ff.o
 .text.move_window
                0x0000000008005674       0x5a Middlewares/Third_Party/FatFs/src/ff.o
 *fill*         0x00000000080056ce        0x2 
 .text.sync_fs  0x00000000080056d0       0xdc Middlewares/Third_Party/FatFs/src/ff.o
 .text.clust2sect
                0x00000000080057ac       0x3e Middlewares/Third_Party/FatFs/src/ff.o
 .text.get_fat  0x00000000080057ea      0x14a Middlewares/Third_Party/FatFs/src/ff.o
 .text.put_fat  0x0000000008005934      0x1ce Middlewares/Third_Party/FatFs/src/ff.o
 .text.remove_chain
                0x0000000008005b02       0xca Middlewares/Third_Party/FatFs/src/ff.o
 .text.create_chain
                0x0000000008005bcc      0x130 Middlewares/Third_Party/FatFs/src/ff.o
 .text.clmt_clust
                0x0000000008005cfc       0x68 Middlewares/Third_Party/FatFs/src/ff.o
 .text.dir_sdi  0x0000000008005d64       0xf6 Middlewares/Third_Party/FatFs/src/ff.o
 .text.dir_next
                0x0000000008005e5a      0x18a Middlewares/Third_Party/FatFs/src/ff.o
 .text.dir_alloc
                0x0000000008005fe4       0x8e Middlewares/Third_Party/FatFs/src/ff.o
 .text.ld_clust
                0x0000000008006072       0x3e Middlewares/Third_Party/FatFs/src/ff.o
 .text.st_clust
                0x00000000080060b0       0x40 Middlewares/Third_Party/FatFs/src/ff.o
 .text.dir_find
                0x00000000080060f0       0xaa Middlewares/Third_Party/FatFs/src/ff.o
 .text.dir_register
                0x000000000800619a       0x64 Middlewares/Third_Party/FatFs/src/ff.o
 *fill*         0x00000000080061fe        0x2 
 .text.create_name
                0x0000000008006200      0x128 Middlewares/Third_Party/FatFs/src/ff.o
 .text.follow_path
                0x0000000008006328       0xe2 Middlewares/Third_Party/FatFs/src/ff.o
 .text.get_ldnumber
                0x000000000800640a       0x88 Middlewares/Third_Party/FatFs/src/ff.o
 *fill*         0x0000000008006492        0x2 
 .text.check_fs
                0x0000000008006494       0xac Middlewares/Third_Party/FatFs/src/ff.o
 .text.find_volume
                0x0000000008006540      0x498 Middlewares/Third_Party/FatFs/src/ff.o
 .text.validate
                0x00000000080069d8       0x6a Middlewares/Third_Party/FatFs/src/ff.o
 *fill*         0x0000000008006a42        0x2 
 .text.f_mount  0x0000000008006a44       0x8c Middlewares/Third_Party/FatFs/src/ff.o
                0x0000000008006a44                f_mount
 .text.f_open   0x0000000008006ad0      0x37c Middlewares/Third_Party/FatFs/src/ff.o
                0x0000000008006ad0                f_open
 .text.f_read   0x0000000008006e4c      0x27e Middlewares/Third_Party/FatFs/src/ff.o
                0x0000000008006e4c                f_read
 .text.f_write  0x00000000080070ca      0x2ea Middlewares/Third_Party/FatFs/src/ff.o
                0x00000000080070ca                f_write
 .text.f_sync   0x00000000080073b4       0xfc Middlewares/Third_Party/FatFs/src/ff.o
                0x00000000080073b4                f_sync
 .text.f_close  0x00000000080074b0       0x54 Middlewares/Third_Party/FatFs/src/ff.o
                0x00000000080074b0                f_close
 .text.f_mkfs   0x0000000008007504      0x858 Middlewares/Third_Party/FatFs/src/ff.o
                0x0000000008007504                f_mkfs
 .text.FATFS_LinkDriverEx
                0x0000000008007d5c       0x98 Middlewares/Third_Party/FatFs/src/ff_gen_drv.o
                0x0000000008007d5c                FATFS_LinkDriverEx
 .text.FATFS_LinkDriver
                0x0000000008007df4       0x1e Middlewares/Third_Party/FatFs/src/ff_gen_drv.o
                0x0000000008007df4                FATFS_LinkDriver
 *fill*         0x0000000008007e12        0x2 
 .text.__libc_init_array
                0x0000000008007e14       0x48 /opt/st/stm32cubeide_1.5.0/plugins/com.st.stm32cube.ide.mcu.externaltools.gnu-tools-for-stm32.7-2018-q2-update.linux64_1.5.0.202011040924/tools/bin/../lib/gcc/arm-none-eabi/7.3.1/../../../../arm-none-eabi/lib/thumb/v7e-m/fpv4-sp/hard/libc_nano.a(lib_a-init.o)
                0x0000000008007e14                __libc_init_array
 .text.memset   0x0000000008007e5c       0x10 /opt/st/stm32cubeide_1.5.0/plugins/com.st.stm32cube.ide.mcu.externaltools.gnu-tools-for-stm32.7-2018-q2-update.linux64_1.5.0.202011040924/tools/bin/../lib/gcc/arm-none-eabi/7.3.1/../../../../arm-none-eabi/lib/thumb/v7e-m/fpv4-sp/hard/libc_nano.a(lib_a-memset.o)
                0x0000000008007e5c                memset
 *(.glue_7)
 .glue_7        0x0000000008007e6c        0x0 linker stubs
 *(.glue_7t)
 .glue_7t       0x0000000008007e6c        0x0 linker stubs
 *(.eh_frame)
 .eh_frame      0x0000000008007e6c        0x0 /opt/st/stm32cubeide_1.5.0/plugins/com.st.stm32cube.ide.mcu.externaltools.gnu-tools-for-stm32.7-2018-q2-update.linux64_1.5.0.202011040924/tools/bin/../lib/gcc/arm-none-eabi/7.3.1/thumb/v7e-m/fpv4-sp/hard/crtbegin.o
 *(.init)
 .init          0x0000000008007e6c        0x4 /opt/st/stm32cubeide_1.5.0/plugins/com.st.stm32cube.ide.mcu.externaltools.gnu-tools-for-stm32.7-2018-q2-update.linux64_1.5.0.202011040924/tools/bin/../lib/gcc/arm-none-eabi/7.3.1/thumb/v7e-m/fpv4-sp/hard/crti.o
                0x0000000008007e6c                _init
 .init          0x0000000008007e70        0x8 /opt/st/stm32cubeide_1.5.0/plugins/com.st.stm32cube.ide.mcu.externaltools.gnu-tools-for-stm32.7-2018-q2-update.linux64_1.5.0.202011040924/tools/bin/../lib/gcc/arm-none-eabi/7.3.1/thumb/v7e-m/fpv4-sp/hard/crtn.o
 *(.fini)
 .fini          0x0000000008007e78        0x4 /opt/st/stm32cubeide_1.5.0/plugins/com.st.stm32cube.ide.mcu.externaltools.gnu-tools-for-stm32.7-2018-q2-update.linux64_1.5.0.202011040924/tools/bin/../lib/gcc/arm-none-eabi/7.3.1/thumb/v7e-m/fpv4-sp/hard/crti.o
                0x0000000008007e78                _fini
 .fini          0x0000000008007e7c        0x8 /opt/st/stm32cubeide_1.5.0/plugins/com.st.stm32cube.ide.mcu.externaltools.gnu-tools-for-stm32.7-2018-q2-update.linux64_1.5.0.202011040924/tools/bin/../lib/gcc/arm-none-eabi/7.3.1/thumb/v7e-m/fpv4-sp/hard/crtn.o
                0x0000000008007e84                . = ALIGN (0x4)
                0x0000000008007e84                _etext = .

.vfp11_veneer   0x0000000008007e84        0x0
 .vfp11_veneer  0x0000000008007e84        0x0 linker stubs

.v4_bx          0x0000000008007e84        0x0
 .v4_bx         0x0000000008007e84        0x0 linker stubs

.iplt           0x0000000008007e84        0x0
 .iplt          0x0000000008007e84        0x0 /opt/st/stm32cubeide_1.5.0/plugins/com.st.stm32cube.ide.mcu.externaltools.gnu-tools-for-stm32.7-2018-q2-update.linux64_1.5.0.202011040924/tools/bin/../lib/gcc/arm-none-eabi/7.3.1/thumb/v7e-m/fpv4-sp/hard/crtbegin.o

.rodata         0x0000000008007e84      0x168
                0x0000000008007e84                . = ALIGN (0x4)
 *(.rodata)
 .rodata        0x0000000008007e84       0x25 Core/Src/main.o
 *fill*         0x0000000008007ea9        0x3 
 .rodata        0x0000000008007eac       0x44 Middlewares/Third_Party/FatFs/src/ff.o
 *(.rodata*)
 .rodata.AHBPrescTable
                0x0000000008007ef0       0x10 Core/Src/system_stm32l4xx.o
                0x0000000008007ef0                AHBPrescTable
 .rodata.APBPrescTable
                0x0000000008007f00        0x8 Core/Src/system_stm32l4xx.o
                0x0000000008007f00                APBPrescTable
 .rodata.MSIRangeTable
                0x0000000008007f08       0x30 Core/Src/system_stm32l4xx.o
                0x0000000008007f08                MSIRangeTable
 .rodata.SD_Driver
                0x0000000008007f38       0x14 FATFS/Target/sd_diskio.o
                0x0000000008007f38                SD_Driver
 .rodata.ExCvt  0x0000000008007f4c       0x80 Middlewares/Third_Party/FatFs/src/ff.o
 .rodata.cst32.9688
                0x0000000008007fcc        0xe Middlewares/Third_Party/FatFs/src/ff.o
 *fill*         0x0000000008007fda        0x2 
 .rodata.cst.9687
                0x0000000008007fdc        0xe Middlewares/Third_Party/FatFs/src/ff.o
                0x0000000008007fec                . = ALIGN (0x4)
 *fill*         0x0000000008007fea        0x2 

.rel.dyn        0x0000000008007fec        0x0
 .rel.iplt      0x0000000008007fec        0x0 /opt/st/stm32cubeide_1.5.0/plugins/com.st.stm32cube.ide.mcu.externaltools.gnu-tools-for-stm32.7-2018-q2-update.linux64_1.5.0.202011040924/tools/bin/../lib/gcc/arm-none-eabi/7.3.1/thumb/v7e-m/fpv4-sp/hard/crtbegin.o

.ARM.extab      0x0000000008007fec        0x0
                0x0000000008007fec                . = ALIGN (0x4)
 *(.ARM.extab* .gnu.linkonce.armextab.*)
                0x0000000008007fec                . = ALIGN (0x4)

.ARM            0x0000000008007fec        0x0
                0x0000000008007fec                . = ALIGN (0x4)
                0x0000000008007fec                __exidx_start = .
 *(.ARM.exidx*)
                0x0000000008007fec                __exidx_end = .
                0x0000000008007fec                . = ALIGN (0x4)

.preinit_array  0x0000000008007fec        0x0
                0x0000000008007fec                . = ALIGN (0x4)
                0x0000000008007fec                PROVIDE (__preinit_array_start = .)
 *(.preinit_array*)
                0x0000000008007fec                PROVIDE (__preinit_array_end = .)
                0x0000000008007fec                . = ALIGN (0x4)

.init_array     0x0000000008007fec        0x4
                0x0000000008007fec                . = ALIGN (0x4)
                0x0000000008007fec                PROVIDE (__init_array_start = .)
 *(SORT_BY_NAME(.init_array.*))
 *(.init_array*)
 .init_array    0x0000000008007fec        0x4 /opt/st/stm32cubeide_1.5.0/plugins/com.st.stm32cube.ide.mcu.externaltools.gnu-tools-for-stm32.7-2018-q2-update.linux64_1.5.0.202011040924/tools/bin/../lib/gcc/arm-none-eabi/7.3.1/thumb/v7e-m/fpv4-sp/hard/crtbegin.o
                0x0000000008007ff0                PROVIDE (__init_array_end = .)
                0x0000000008007ff0                . = ALIGN (0x4)

.fini_array     0x0000000008007ff0        0x4
                0x0000000008007ff0                . = ALIGN (0x4)
                [!provide]                        PROVIDE (__fini_array_start = .)
 *(SORT_BY_NAME(.fini_array.*))
 *(.fini_array*)
 .fini_array    0x0000000008007ff0        0x4 /opt/st/stm32cubeide_1.5.0/plugins/com.st.stm32cube.ide.mcu.externaltools.gnu-tools-for-stm32.7-2018-q2-update.linux64_1.5.0.202011040924/tools/bin/../lib/gcc/arm-none-eabi/7.3.1/thumb/v7e-m/fpv4-sp/hard/crtbegin.o
                [!provide]                        PROVIDE (__fini_array_end = .)
                0x0000000008007ff4                . = ALIGN (0x4)
                0x0000000008007ff4                _sidata = LOADADDR (.data)

.data           0x0000000020000000        0xc load address 0x0000000008007ff4
                0x0000000020000000                . = ALIGN (0x4)
                0x0000000020000000                _sdata = .
 *(.data)
 *(.data*)
 .data.SystemCoreClock
                0x0000000020000000        0x4 Core/Src/system_stm32l4xx.o
                0x0000000020000000                SystemCoreClock
 .data.uwTickPrio
                0x0000000020000004        0x4 Drivers/STM32L4xx_HAL_Driver/Src/stm32l4xx_hal.o
                0x0000000020000004                uwTickPrio
 .data.uwTickFreq
                0x0000000020000008        0x1 Drivers/STM32L4xx_HAL_Driver/Src/stm32l4xx_hal.o
                0x0000000020000008                uwTickFreq
 .data.Stat     0x0000000020000009        0x1 FATFS/Target/sd_diskio.o
 *(.RamFunc)
 *(.RamFunc*)
                0x000000002000000c                . = ALIGN (0x4)
 *fill*         0x000000002000000a        0x2 
                0x000000002000000c                _edata = .

.igot.plt       0x000000002000000c        0x0 load address 0x0000000008008000
 .igot.plt      0x000000002000000c        0x0 /opt/st/stm32cubeide_1.5.0/plugins/com.st.stm32cube.ide.mcu.externaltools.gnu-tools-for-stm32.7-2018-q2-update.linux64_1.5.0.202011040924/tools/bin/../lib/gcc/arm-none-eabi/7.3.1/thumb/v7e-m/fpv4-sp/hard/crtbegin.o
                0x000000002000000c                . = ALIGN (0x4)

.bss            0x000000002000000c      0x540 load address 0x0000000008008000
                0x000000002000000c                _sbss = .
                0x000000002000000c                __bss_start__ = _sbss
 *(.bss)
 .bss           0x000000002000000c       0x1c /opt/st/stm32cubeide_1.5.0/plugins/com.st.stm32cube.ide.mcu.externaltools.gnu-tools-for-stm32.7-2018-q2-update.linux64_1.5.0.202011040924/tools/bin/../lib/gcc/arm-none-eabi/7.3.1/thumb/v7e-m/fpv4-sp/hard/crtbegin.o
 *(.bss*)
 .bss.FatFs     0x0000000020000028        0x4 Middlewares/Third_Party/FatFs/src/ff.o
 .bss.Fsid      0x000000002000002c        0x2 Middlewares/Third_Party/FatFs/src/ff.o
 *fill*         0x000000002000002e        0x2 
 .bss.Files     0x0000000020000030       0x20 Middlewares/Third_Party/FatFs/src/ff.o
 .bss.disk      0x0000000020000050        0xc Middlewares/Third_Party/FatFs/src/ff_gen_drv.o
                0x0000000020000050                disk
 *(COMMON)
 COMMON         0x000000002000005c       0x84 Core/Src/main.o
                0x000000002000005c                hsd1
 COMMON         0x00000000200000e0        0x4 Drivers/STM32L4xx_HAL_Driver/Src/stm32l4xx_hal.o
                0x00000000200000e0                uwTick
 COMMON         0x00000000200000e4      0x468 FATFS/App/fatfs.o
                0x00000000200000e4                retSD
                0x00000000200000e8                SDPath
                0x00000000200000ec                SDFile
                0x000000002000031c                SDFatFS
                0x000000002000054c                . = ALIGN (0x4)
                0x000000002000054c                _ebss = .
                0x000000002000054c                __bss_end__ = _ebss

._user_heap_stack
                0x000000002000054c      0x604 load address 0x0000000008008000
                0x0000000020000550                . = ALIGN (0x8)
 *fill*         0x000000002000054c        0x4 
                [!provide]                        PROVIDE (end = .)
                0x0000000020000550                PROVIDE (_end = .)
                0x0000000020000750                . = (. + _Min_Heap_Size)
 *fill*         0x0000000020000550      0x200 
                0x0000000020000b50                . = (. + _Min_Stack_Size)
 *fill*         0x0000000020000750      0x400 
                0x0000000020000b50                . = ALIGN (0x8)

/DISCARD/
 libc.a(*)
 libm.a(*)
 libgcc.a(*)

.ARM.attributes
                0x0000000000000000       0x30
 *(.ARM.attributes)
 .ARM.attributes
                0x0000000000000000       0x22 /opt/st/stm32cubeide_1.5.0/plugins/com.st.stm32cube.ide.mcu.externaltools.gnu-tools-for-stm32.7-2018-q2-update.linux64_1.5.0.202011040924/tools/bin/../lib/gcc/arm-none-eabi/7.3.1/thumb/v7e-m/fpv4-sp/hard/crti.o
 .ARM.attributes
                0x0000000000000022       0x34 /opt/st/stm32cubeide_1.5.0/plugins/com.st.stm32cube.ide.mcu.externaltools.gnu-tools-for-stm32.7-2018-q2-update.linux64_1.5.0.202011040924/tools/bin/../lib/gcc/arm-none-eabi/7.3.1/thumb/v7e-m/fpv4-sp/hard/crtbegin.o
 .ARM.attributes
                0x0000000000000056       0x39 Core/Src/main.o
 .ARM.attributes
                0x000000000000008f       0x39 Core/Src/stm32l4xx_hal_msp.o
 .ARM.attributes
                0x00000000000000c8       0x39 Core/Src/stm32l4xx_it.o
 .ARM.attributes
                0x0000000000000101       0x39 Core/Src/system_stm32l4xx.o
 .ARM.attributes
                0x000000000000013a       0x21 Core/Startup/startup_stm32l476rgtx.o
 .ARM.attributes
                0x000000000000015b       0x39 Drivers/STM32L4xx_HAL_Driver/Src/stm32l4xx_hal.o
 .ARM.attributes
                0x0000000000000194       0x39 Drivers/STM32L4xx_HAL_Driver/Src/stm32l4xx_hal_cortex.o
 .ARM.attributes
                0x00000000000001cd       0x39 Drivers/STM32L4xx_HAL_Driver/Src/stm32l4xx_hal_gpio.o
 .ARM.attributes
                0x0000000000000206       0x39 Drivers/STM32L4xx_HAL_Driver/Src/stm32l4xx_hal_pwr_ex.o
 .ARM.attributes
                0x000000000000023f       0x39 Drivers/STM32L4xx_HAL_Driver/Src/stm32l4xx_hal_rcc.o
 .ARM.attributes
                0x0000000000000278       0x39 Drivers/STM32L4xx_HAL_Driver/Src/stm32l4xx_hal_rcc_ex.o
 .ARM.attributes
                0x00000000000002b1       0x39 Drivers/STM32L4xx_HAL_Driver/Src/stm32l4xx_hal_sd.o
 .ARM.attributes
                0x00000000000002ea       0x39 Drivers/STM32L4xx_HAL_Driver/Src/stm32l4xx_ll_sdmmc.o
 .ARM.attributes
                0x0000000000000323       0x39 FATFS/App/fatfs.o
 .ARM.attributes
                0x000000000000035c       0x39 FATFS/Target/bsp_driver_sd.o
 .ARM.attributes
                0x0000000000000395       0x39 FATFS/Target/fatfs_platform.o
 .ARM.attributes
                0x00000000000003ce       0x39 FATFS/Target/sd_diskio.o
 .ARM.attributes
                0x0000000000000407       0x39 Middlewares/Third_Party/FatFs/src/diskio.o
 .ARM.attributes
                0x0000000000000440       0x39 Middlewares/Third_Party/FatFs/src/ff.o
 .ARM.attributes
                0x0000000000000479       0x39 Middlewares/Third_Party/FatFs/src/ff_gen_drv.o
 .ARM.attributes
                0x00000000000004b2       0x34 /opt/st/stm32cubeide_1.5.0/plugins/com.st.stm32cube.ide.mcu.externaltools.gnu-tools-for-stm32.7-2018-q2-update.linux64_1.5.0.202011040924/tools/bin/../lib/gcc/arm-none-eabi/7.3.1/../../../../arm-none-eabi/lib/thumb/v7e-m/fpv4-sp/hard/libc_nano.a(lib_a-init.o)
 .ARM.attributes
                0x00000000000004e6       0x34 /opt/st/stm32cubeide_1.5.0/plugins/com.st.stm32cube.ide.mcu.externaltools.gnu-tools-for-stm32.7-2018-q2-update.linux64_1.5.0.202011040924/tools/bin/../lib/gcc/arm-none-eabi/7.3.1/../../../../arm-none-eabi/lib/thumb/v7e-m/fpv4-sp/hard/libc_nano.a(lib_a-memset.o)
 .ARM.attributes
                0x000000000000051a       0x1b /opt/st/stm32cubeide_1.5.0/plugins/com.st.stm32cube.ide.mcu.externaltools.gnu-tools-for-stm32.7-2018-q2-update.linux64_1.5.0.202011040924/tools/bin/../lib/gcc/arm-none-eabi/7.3.1/../../../../arm-none-eabi/lib/thumb/v7e-m/fpv4-sp/hard/libc_nano.a(lib_a-strlen.o)
 .ARM.attributes
                0x0000000000000535       0x22 /opt/st/stm32cubeide_1.5.0/plugins/com.st.stm32cube.ide.mcu.externaltools.gnu-tools-for-stm32.7-2018-q2-update.linux64_1.5.0.202011040924/tools/bin/../lib/gcc/arm-none-eabi/7.3.1/thumb/v7e-m/fpv4-sp/hard/crtn.o
OUTPUT(SD_Example.elf elf32-littlearm)

.debug_info     0x0000000000000000    0x12006
 .debug_info    0x0000000000000000     0x1c88 Core/Src/main.o
 .debug_info    0x0000000000001c88      0xbfd Core/Src/stm32l4xx_hal_msp.o
 .debug_info    0x0000000000002885      0x349 Core/Src/stm32l4xx_it.o
 .debug_info    0x0000000000002bce      0x727 Core/Src/system_stm32l4xx.o
 .debug_info    0x00000000000032f5       0x22 Core/Startup/startup_stm32l476rgtx.o
 .debug_info    0x0000000000003317      0xc20 Drivers/STM32L4xx_HAL_Driver/Src/stm32l4xx_hal.o
 .debug_info    0x0000000000003f37      0xf6d Drivers/STM32L4xx_HAL_Driver/Src/stm32l4xx_hal_cortex.o
 .debug_info    0x0000000000004ea4      0x9c2 Drivers/STM32L4xx_HAL_Driver/Src/stm32l4xx_hal_gpio.o
 .debug_info    0x0000000000005866      0xb35 Drivers/STM32L4xx_HAL_Driver/Src/stm32l4xx_hal_pwr_ex.o
 .debug_info    0x000000000000639b      0xd2f Drivers/STM32L4xx_HAL_Driver/Src/stm32l4xx_hal_rcc.o
 .debug_info    0x00000000000070ca      0xf41 Drivers/STM32L4xx_HAL_Driver/Src/stm32l4xx_hal_rcc_ex.o
 .debug_info    0x000000000000800b     0x19b9 Drivers/STM32L4xx_HAL_Driver/Src/stm32l4xx_hal_sd.o
 .debug_info    0x00000000000099c4     0x12f0 Drivers/STM32L4xx_HAL_Driver/Src/stm32l4xx_ll_sdmmc.o
 .debug_info    0x000000000000acb4      0xec5 FATFS/App/fatfs.o
 .debug_info    0x000000000000bb79      0xb18 FATFS/Target/bsp_driver_sd.o
 .debug_info    0x000000000000c691      0x3be FATFS/Target/fatfs_platform.o
 .debug_info    0x000000000000ca4f      0xe53 FATFS/Target/sd_diskio.o
 .debug_info    0x000000000000d8a2      0xe1b Middlewares/Third_Party/FatFs/src/diskio.o
 .debug_info    0x000000000000e6bd     0x2b96 Middlewares/Third_Party/FatFs/src/ff.o
 .debug_info    0x0000000000011253      0xdb3 Middlewares/Third_Party/FatFs/src/ff_gen_drv.o

.debug_abbrev   0x0000000000000000     0x258c
 .debug_abbrev  0x0000000000000000      0x2b4 Core/Src/main.o
 .debug_abbrev  0x00000000000002b4      0x18c Core/Src/stm32l4xx_hal_msp.o
 .debug_abbrev  0x0000000000000440       0xe2 Core/Src/stm32l4xx_it.o
 .debug_abbrev  0x0000000000000522      0x150 Core/Src/system_stm32l4xx.o
 .debug_abbrev  0x0000000000000672       0x12 Core/Startup/startup_stm32l476rgtx.o
 .debug_abbrev  0x0000000000000684      0x1fb Drivers/STM32L4xx_HAL_Driver/Src/stm32l4xx_hal.o
 .debug_abbrev  0x000000000000087f      0x2fa Drivers/STM32L4xx_HAL_Driver/Src/stm32l4xx_hal_cortex.o
 .debug_abbrev  0x0000000000000b79      0x1c0 Drivers/STM32L4xx_HAL_Driver/Src/stm32l4xx_hal_gpio.o
 .debug_abbrev  0x0000000000000d39      0x1cb Drivers/STM32L4xx_HAL_Driver/Src/stm32l4xx_hal_pwr_ex.o
 .debug_abbrev  0x0000000000000f04      0x245 Drivers/STM32L4xx_HAL_Driver/Src/stm32l4xx_hal_rcc.o
 .debug_abbrev  0x0000000000001149      0x238 Drivers/STM32L4xx_HAL_Driver/Src/stm32l4xx_hal_rcc_ex.o
 .debug_abbrev  0x0000000000001381      0x23d Drivers/STM32L4xx_HAL_Driver/Src/stm32l4xx_hal_sd.o
 .debug_abbrev  0x00000000000015be      0x1b9 Drivers/STM32L4xx_HAL_Driver/Src/stm32l4xx_ll_sdmmc.o
 .debug_abbrev  0x0000000000001777      0x1df FATFS/App/fatfs.o
 .debug_abbrev  0x0000000000001956      0x245 FATFS/Target/bsp_driver_sd.o
 .debug_abbrev  0x0000000000001b9b      0x113 FATFS/Target/fatfs_platform.o
 .debug_abbrev  0x0000000000001cae      0x1fa FATFS/Target/sd_diskio.o
 .debug_abbrev  0x0000000000001ea8      0x209 Middlewares/Third_Party/FatFs/src/diskio.o
 .debug_abbrev  0x00000000000020b1      0x2a5 Middlewares/Third_Party/FatFs/src/ff.o
 .debug_abbrev  0x0000000000002356      0x236 Middlewares/Third_Party/FatFs/src/ff_gen_drv.o

.debug_aranges  0x0000000000000000      0xd00
 .debug_aranges
                0x0000000000000000       0x40 Core/Src/main.o
 .debug_aranges
                0x0000000000000040       0x30 Core/Src/stm32l4xx_hal_msp.o
 .debug_aranges
                0x0000000000000070       0x60 Core/Src/stm32l4xx_it.o
 .debug_aranges
                0x00000000000000d0       0x28 Core/Src/system_stm32l4xx.o
 .debug_aranges
                0x00000000000000f8       0x28 Core/Startup/startup_stm32l476rgtx.o
 .debug_aranges
                0x0000000000000120      0x130 Drivers/STM32L4xx_HAL_Driver/Src/stm32l4xx_hal.o
 .debug_aranges
                0x0000000000000250      0x118 Drivers/STM32L4xx_HAL_Driver/Src/stm32l4xx_hal_cortex.o
 .debug_aranges
                0x0000000000000368       0x58 Drivers/STM32L4xx_HAL_Driver/Src/stm32l4xx_hal_gpio.o
 .debug_aranges
                0x00000000000003c0      0x150 Drivers/STM32L4xx_HAL_Driver/Src/stm32l4xx_hal_pwr_ex.o
 .debug_aranges
                0x0000000000000510       0x88 Drivers/STM32L4xx_HAL_Driver/Src/stm32l4xx_hal_rcc.o
 .debug_aranges
                0x0000000000000598       0xc0 Drivers/STM32L4xx_HAL_Driver/Src/stm32l4xx_hal_rcc_ex.o
 .debug_aranges
                0x0000000000000658      0x168 Drivers/STM32L4xx_HAL_Driver/Src/stm32l4xx_hal_sd.o
 .debug_aranges
                0x00000000000007c0      0x188 Drivers/STM32L4xx_HAL_Driver/Src/stm32l4xx_ll_sdmmc.o
 .debug_aranges
                0x0000000000000948       0x28 FATFS/App/fatfs.o
 .debug_aranges
                0x0000000000000970       0x98 FATFS/Target/bsp_driver_sd.o
 .debug_aranges
                0x0000000000000a08       0x20 FATFS/Target/fatfs_platform.o
 .debug_aranges
                0x0000000000000a28       0x48 FATFS/Target/sd_diskio.o
 .debug_aranges
                0x0000000000000a70       0x48 Middlewares/Third_Party/FatFs/src/diskio.o
 .debug_aranges
                0x0000000000000ab8      0x208 Middlewares/Third_Party/FatFs/src/ff.o
 .debug_aranges
                0x0000000000000cc0       0x40 Middlewares/Third_Party/FatFs/src/ff_gen_drv.o

.debug_ranges   0x0000000000000000      0xbc8
 .debug_ranges  0x0000000000000000       0x30 Core/Src/main.o
 .debug_ranges  0x0000000000000030       0x20 Core/Src/stm32l4xx_hal_msp.o
 .debug_ranges  0x0000000000000050       0x50 Core/Src/stm32l4xx_it.o
 .debug_ranges  0x00000000000000a0       0x18 Core/Src/system_stm32l4xx.o
 .debug_ranges  0x00000000000000b8       0x20 Core/Startup/startup_stm32l476rgtx.o
 .debug_ranges  0x00000000000000d8      0x120 Drivers/STM32L4xx_HAL_Driver/Src/stm32l4xx_hal.o
 .debug_ranges  0x00000000000001f8      0x108 Drivers/STM32L4xx_HAL_Driver/Src/stm32l4xx_hal_cortex.o
 .debug_ranges  0x0000000000000300       0x48 Drivers/STM32L4xx_HAL_Driver/Src/stm32l4xx_hal_gpio.o
 .debug_ranges  0x0000000000000348      0x140 Drivers/STM32L4xx_HAL_Driver/Src/stm32l4xx_hal_pwr_ex.o
 .debug_ranges  0x0000000000000488       0x78 Drivers/STM32L4xx_HAL_Driver/Src/stm32l4xx_hal_rcc.o
 .debug_ranges  0x0000000000000500       0xb0 Drivers/STM32L4xx_HAL_Driver/Src/stm32l4xx_hal_rcc_ex.o
 .debug_ranges  0x00000000000005b0      0x158 Drivers/STM32L4xx_HAL_Driver/Src/stm32l4xx_hal_sd.o
 .debug_ranges  0x0000000000000708      0x178 Drivers/STM32L4xx_HAL_Driver/Src/stm32l4xx_ll_sdmmc.o
 .debug_ranges  0x0000000000000880       0x18 FATFS/App/fatfs.o
 .debug_ranges  0x0000000000000898       0x88 FATFS/Target/bsp_driver_sd.o
 .debug_ranges  0x0000000000000920       0x10 FATFS/Target/fatfs_platform.o
 .debug_ranges  0x0000000000000930       0x38 FATFS/Target/sd_diskio.o
 .debug_ranges  0x0000000000000968       0x38 Middlewares/Third_Party/FatFs/src/diskio.o
 .debug_ranges  0x00000000000009a0      0x1f8 Middlewares/Third_Party/FatFs/src/ff.o
 .debug_ranges  0x0000000000000b98       0x30 Middlewares/Third_Party/FatFs/src/ff_gen_drv.o

.debug_macro    0x0000000000000000    0x2760e
 .debug_macro   0x0000000000000000      0x309 Core/Src/main.o
 .debug_macro   0x0000000000000309      0xa5a Core/Src/main.o
 .debug_macro   0x0000000000000d63      0x1a7 Core/Src/main.o
 .debug_macro   0x0000000000000f0a       0x2e Core/Src/main.o
 .debug_macro   0x0000000000000f38       0x28 Core/Src/main.o
 .debug_macro   0x0000000000000f60       0x22 Core/Src/main.o
 .debug_macro   0x0000000000000f82       0x8e Core/Src/main.o
 .debug_macro   0x0000000000001010       0x51 Core/Src/main.o
 .debug_macro   0x0000000000001061       0xef Core/Src/main.o
 .debug_macro   0x0000000000001150       0x6a Core/Src/main.o
 .debug_macro   0x00000000000011ba      0x1df Core/Src/main.o
 .debug_macro   0x0000000000001399       0x1c Core/Src/main.o
 .debug_macro   0x00000000000013b5       0x22 Core/Src/main.o
 .debug_macro   0x00000000000013d7      0x101 Core/Src/main.o
 .debug_macro   0x00000000000014d8     0x1011 Core/Src/main.o
 .debug_macro   0x00000000000024e9      0x11f Core/Src/main.o
 .debug_macro   0x0000000000002608    0x1a13d Core/Src/main.o
 .debug_macro   0x000000000001c745       0x43 Core/Src/main.o
 .debug_macro   0x000000000001c788     0x3890 Core/Src/main.o
 .debug_macro   0x0000000000020018      0x174 Core/Src/main.o
 .debug_macro   0x000000000002018c       0x5c Core/Src/main.o
 .debug_macro   0x00000000000201e8     0x155f Core/Src/main.o
 .debug_macro   0x0000000000021747      0x59e Core/Src/main.o
 .debug_macro   0x0000000000021ce5      0x13d Core/Src/main.o
 .debug_macro   0x0000000000021e22      0x18b Core/Src/main.o
 .debug_macro   0x0000000000021fad      0x26b Core/Src/main.o
 .debug_macro   0x0000000000022218      0x23d Core/Src/main.o
 .debug_macro   0x0000000000022455      0x241 Core/Src/main.o
 .debug_macro   0x0000000000022696      0x37c Core/Src/main.o
 .debug_macro   0x0000000000022a12       0xd6 Core/Src/main.o
 .debug_macro   0x0000000000022ae8      0x22c Core/Src/main.o
 .debug_macro   0x0000000000022d14       0x61 Core/Src/main.o
 .debug_macro   0x0000000000022d75       0xa5 Core/Src/main.o
 .debug_macro   0x0000000000022e1a      0x122 Core/Src/main.o
 .debug_macro   0x0000000000022f3c      0x3e9 Core/Src/main.o
 .debug_macro   0x0000000000023325      0x773 Core/Src/main.o
 .debug_macro   0x0000000000023a98      0x1d5 Core/Src/main.o
 .debug_macro   0x0000000000023c6d      0x331 Core/Src/main.o
 .debug_macro   0x0000000000023f9e       0x10 Core/Src/main.o
 .debug_macro   0x0000000000023fae       0x1c Core/Src/main.o
 .debug_macro   0x0000000000023fca       0x40 Core/Src/main.o
 .debug_macro   0x000000000002400a       0xe5 Core/Src/main.o
 .debug_macro   0x00000000000240ef       0x18 Core/Src/main.o
 .debug_macro   0x0000000000024107       0x46 Core/Src/main.o
 .debug_macro   0x000000000002414d       0x3c Core/Src/main.o
 .debug_macro   0x0000000000024189       0x34 Core/Src/main.o
 .debug_macro   0x00000000000241bd       0x16 Core/Src/main.o
 .debug_macro   0x00000000000241d3       0x35 Core/Src/main.o
 .debug_macro   0x0000000000024208       0x52 Core/Src/main.o
 .debug_macro   0x000000000002425a       0x1f Core/Src/main.o
 .debug_macro   0x0000000000024279       0x43 Core/Src/main.o
 .debug_macro   0x00000000000242bc       0x20 Core/Src/main.o
 .debug_macro   0x00000000000242dc      0x1a3 Core/Src/main.o
 .debug_macro   0x000000000002447f      0x32a Core/Src/main.o
 .debug_macro   0x00000000000247a9       0x16 Core/Src/main.o
 .debug_macro   0x00000000000247bf       0x29 Core/Src/main.o
 .debug_macro   0x00000000000247e8       0x12 Core/Src/main.o
 .debug_macro   0x00000000000247fa       0xe2 Core/Src/main.o
 .debug_macro   0x00000000000248dc       0x8e Core/Src/main.o
 .debug_macro   0x000000000002496a      0x1d9 Core/Src/stm32l4xx_hal_msp.o
 .debug_macro   0x0000000000024b43      0x1e3 Core/Src/stm32l4xx_it.o
 .debug_macro   0x0000000000024d26      0x1d0 Core/Src/system_stm32l4xx.o
 .debug_macro   0x0000000000024ef6      0x218 Drivers/STM32L4xx_HAL_Driver/Src/stm32l4xx_hal.o
 .debug_macro   0x000000000002510e      0x1ca Drivers/STM32L4xx_HAL_Driver/Src/stm32l4xx_hal_cortex.o
 .debug_macro   0x00000000000252d8      0x209 Drivers/STM32L4xx_HAL_Driver/Src/stm32l4xx_hal_gpio.o
 .debug_macro   0x00000000000254e1      0x1ee Drivers/STM32L4xx_HAL_Driver/Src/stm32l4xx_hal_pwr_ex.o
 .debug_macro   0x00000000000256cf      0x20c Drivers/STM32L4xx_HAL_Driver/Src/stm32l4xx_hal_rcc.o
 .debug_macro   0x00000000000258db      0x200 Drivers/STM32L4xx_HAL_Driver/Src/stm32l4xx_hal_rcc_ex.o
 .debug_macro   0x0000000000025adb      0x1cb Drivers/STM32L4xx_HAL_Driver/Src/stm32l4xx_hal_sd.o
 .debug_macro   0x0000000000025ca6      0x1cb Drivers/STM32L4xx_HAL_Driver/Src/stm32l4xx_ll_sdmmc.o
 .debug_macro   0x0000000000025e71      0x309 FATFS/App/fatfs.o
 .debug_macro   0x000000000002617a      0x1e2 FATFS/Target/bsp_driver_sd.o
 .debug_macro   0x000000000002635c      0x1d3 FATFS/Target/fatfs_platform.o
 .debug_macro   0x000000000002652f      0x30c FATFS/Target/sd_diskio.o
 .debug_macro   0x000000000002683b       0x16 FATFS/Target/sd_diskio.o
 .debug_macro   0x0000000000026851       0x7c FATFS/Target/sd_diskio.o
 .debug_macro   0x00000000000268cd      0x2f6 Middlewares/Third_Party/FatFs/src/diskio.o
 .debug_macro   0x0000000000026bc3      0x6fd Middlewares/Third_Party/FatFs/src/ff.o
 .debug_macro   0x00000000000272c0       0x58 Middlewares/Third_Party/FatFs/src/ff.o
 .debug_macro   0x0000000000027318      0x2f6 Middlewares/Third_Party/FatFs/src/ff_gen_drv.o

.debug_line     0x0000000000000000     0xc2f4
 .debug_line    0x0000000000000000      0x93e Core/Src/main.o
 .debug_line    0x000000000000093e      0x6d4 Core/Src/stm32l4xx_hal_msp.o
 .debug_line    0x0000000000001012      0x741 Core/Src/stm32l4xx_it.o
 .debug_line    0x0000000000001753      0x6c4 Core/Src/system_stm32l4xx.o
 .debug_line    0x0000000000001e17       0x87 Core/Startup/startup_stm32l476rgtx.o
 .debug_line    0x0000000000001e9e      0x93a Drivers/STM32L4xx_HAL_Driver/Src/stm32l4xx_hal.o
 .debug_line    0x00000000000027d8      0x9c2 Drivers/STM32L4xx_HAL_Driver/Src/stm32l4xx_hal_cortex.o
 .debug_line    0x000000000000319a      0x855 Drivers/STM32L4xx_HAL_Driver/Src/stm32l4xx_hal_gpio.o
 .debug_line    0x00000000000039ef      0xa4e Drivers/STM32L4xx_HAL_Driver/Src/stm32l4xx_hal_pwr_ex.o
 .debug_line    0x000000000000443d      0x9b1 Drivers/STM32L4xx_HAL_Driver/Src/stm32l4xx_hal_rcc.o
 .debug_line    0x0000000000004dee      0xc47 Drivers/STM32L4xx_HAL_Driver/Src/stm32l4xx_hal_rcc_ex.o
 .debug_line    0x0000000000005a35      0xfba Drivers/STM32L4xx_HAL_Driver/Src/stm32l4xx_hal_sd.o
 .debug_line    0x00000000000069ef      0xb73 Drivers/STM32L4xx_HAL_Driver/Src/stm32l4xx_ll_sdmmc.o
 .debug_line    0x0000000000007562      0x88d FATFS/App/fatfs.o
 .debug_line    0x0000000000007def      0x7d8 FATFS/Target/bsp_driver_sd.o
 .debug_line    0x00000000000085c7      0x6a5 FATFS/Target/fatfs_platform.o
 .debug_line    0x0000000000008c6c      0x8fc FATFS/Target/sd_diskio.o
 .debug_line    0x0000000000009568      0x8b7 Middlewares/Third_Party/FatFs/src/diskio.o
 .debug_line    0x0000000000009e1f     0x1c1e Middlewares/Third_Party/FatFs/src/ff.o
 .debug_line    0x000000000000ba3d      0x8b7 Middlewares/Third_Party/FatFs/src/ff_gen_drv.o

.debug_str      0x0000000000000000    0xea2be
 .debug_str     0x0000000000000000    0xe6582 Core/Src/main.o
                                      0xe69e1 (size before relaxing)
 .debug_str     0x00000000000e6582       0x4c Core/Src/stm32l4xx_hal_msp.o
                                      0xe2b2f (size before relaxing)
 .debug_str     0x00000000000e65ce       0xbd Core/Src/stm32l4xx_it.o
                                      0xe25e9 (size before relaxing)
 .debug_str     0x00000000000e668b       0xcd Core/Src/system_stm32l4xx.o
                                      0xe2706 (size before relaxing)
 .debug_str     0x00000000000e6758       0x36 Core/Startup/startup_stm32l476rgtx.o
                                         0x5e (size before relaxing)
 .debug_str     0x00000000000e678e      0x9fa Drivers/STM32L4xx_HAL_Driver/Src/stm32l4xx_hal.o
                                      0xe31ea (size before relaxing)
 .debug_str     0x00000000000e7188      0x389 Drivers/STM32L4xx_HAL_Driver/Src/stm32l4xx_hal_cortex.o
                                      0xe2f5a (size before relaxing)
 .debug_str     0x00000000000e7511      0x257 Drivers/STM32L4xx_HAL_Driver/Src/stm32l4xx_hal_gpio.o
                                      0xe2985 (size before relaxing)
 .debug_str     0x00000000000e7768      0x4b4 Drivers/STM32L4xx_HAL_Driver/Src/stm32l4xx_hal_pwr_ex.o
                                      0xe2c21 (size before relaxing)
 .debug_str     0x00000000000e7c1c      0x3b5 Drivers/STM32L4xx_HAL_Driver/Src/stm32l4xx_hal_rcc.o
                                      0xe2cc8 (size before relaxing)
 .debug_str     0x00000000000e7fd1      0x3a6 Drivers/STM32L4xx_HAL_Driver/Src/stm32l4xx_hal_rcc_ex.o
                                      0xe2e59 (size before relaxing)
 .debug_str     0x00000000000e8377      0x6f6 Drivers/STM32L4xx_HAL_Driver/Src/stm32l4xx_hal_sd.o
                                      0xe30f0 (size before relaxing)
 .debug_str     0x00000000000e8a6d      0x485 Drivers/STM32L4xx_HAL_Driver/Src/stm32l4xx_ll_sdmmc.o
                                      0xe2b55 (size before relaxing)
 .debug_str     0x00000000000e8ef2       0x2f FATFS/App/fatfs.o
                                      0xe5e8f (size before relaxing)
 .debug_str     0x00000000000e8f21      0x154 FATFS/Target/bsp_driver_sd.o
                                      0xe2c48 (size before relaxing)
 .debug_str     0x00000000000e9075       0x38 FATFS/Target/fatfs_platform.o
                                      0xe25fe (size before relaxing)
 .debug_str     0x00000000000e90ad       0xa0 FATFS/Target/sd_diskio.o
                                      0xe5e7c (size before relaxing)
 .debug_str     0x00000000000e914d       0x57 Middlewares/Third_Party/FatFs/src/diskio.o
                                      0xe5dbb (size before relaxing)
 .debug_str     0x00000000000e91a4     0x1078 Middlewares/Third_Party/FatFs/src/ff.o
                                      0xe6fe0 (size before relaxing)
 .debug_str     0x00000000000ea21c       0xa2 Middlewares/Third_Party/FatFs/src/ff_gen_drv.o
                                      0xe5e0c (size before relaxing)

.comment        0x0000000000000000       0x7b
 .comment       0x0000000000000000       0x7b Core/Src/main.o
                                         0x7c (size before relaxing)
 .comment       0x000000000000007b       0x7c Core/Src/stm32l4xx_hal_msp.o
 .comment       0x000000000000007b       0x7c Core/Src/stm32l4xx_it.o
 .comment       0x000000000000007b       0x7c Core/Src/system_stm32l4xx.o
 .comment       0x000000000000007b       0x7c Drivers/STM32L4xx_HAL_Driver/Src/stm32l4xx_hal.o
 .comment       0x000000000000007b       0x7c Drivers/STM32L4xx_HAL_Driver/Src/stm32l4xx_hal_cortex.o
 .comment       0x000000000000007b       0x7c Drivers/STM32L4xx_HAL_Driver/Src/stm32l4xx_hal_gpio.o
 .comment       0x000000000000007b       0x7c Drivers/STM32L4xx_HAL_Driver/Src/stm32l4xx_hal_pwr_ex.o
 .comment       0x000000000000007b       0x7c Drivers/STM32L4xx_HAL_Driver/Src/stm32l4xx_hal_rcc.o
 .comment       0x000000000000007b       0x7c Drivers/STM32L4xx_HAL_Driver/Src/stm32l4xx_hal_rcc_ex.o
 .comment       0x000000000000007b       0x7c Drivers/STM32L4xx_HAL_Driver/Src/stm32l4xx_hal_sd.o
 .comment       0x000000000000007b       0x7c Drivers/STM32L4xx_HAL_Driver/Src/stm32l4xx_ll_sdmmc.o
 .comment       0x000000000000007b       0x7c FATFS/App/fatfs.o
 .comment       0x000000000000007b       0x7c FATFS/Target/bsp_driver_sd.o
 .comment       0x000000000000007b       0x7c FATFS/Target/fatfs_platform.o
 .comment       0x000000000000007b       0x7c FATFS/Target/sd_diskio.o
 .comment       0x000000000000007b       0x7c Middlewares/Third_Party/FatFs/src/diskio.o
 .comment       0x000000000000007b       0x7c Middlewares/Third_Party/FatFs/src/ff.o
 .comment       0x000000000000007b       0x7c Middlewares/Third_Party/FatFs/src/ff_gen_drv.o

.debug_frame    0x0000000000000000     0x334c
 .debug_frame   0x0000000000000000       0xb8 Core/Src/main.o
 .debug_frame   0x00000000000000b8       0x80 Core/Src/stm32l4xx_hal_msp.o
 .debug_frame   0x0000000000000138      0x104 Core/Src/stm32l4xx_it.o
 .debug_frame   0x000000000000023c       0x58 Core/Src/system_stm32l4xx.o
 .debug_frame   0x0000000000000294      0x498 Drivers/STM32L4xx_HAL_Driver/Src/stm32l4xx_hal.o
 .debug_frame   0x000000000000072c      0x498 Drivers/STM32L4xx_HAL_Driver/Src/stm32l4xx_hal_cortex.o
 .debug_frame   0x0000000000000bc4      0x14c Drivers/STM32L4xx_HAL_Driver/Src/stm32l4xx_hal_gpio.o
 .debug_frame   0x0000000000000d10      0x544 Drivers/STM32L4xx_HAL_Driver/Src/stm32l4xx_hal_pwr_ex.o
 .debug_frame   0x0000000000001254      0x1f4 Drivers/STM32L4xx_HAL_Driver/Src/stm32l4xx_hal_rcc.o
 .debug_frame   0x0000000000001448      0x2fc Drivers/STM32L4xx_HAL_Driver/Src/stm32l4xx_hal_rcc_ex.o
 .debug_frame   0x0000000000001744      0x650 Drivers/STM32L4xx_HAL_Driver/Src/stm32l4xx_hal_sd.o
 .debug_frame   0x0000000000001d94      0x6cc Drivers/STM32L4xx_HAL_Driver/Src/stm32l4xx_ll_sdmmc.o
 .debug_frame   0x0000000000002460       0x4c FATFS/App/fatfs.o
 .debug_frame   0x00000000000024ac      0x238 FATFS/Target/bsp_driver_sd.o
 .debug_frame   0x00000000000026e4       0x34 FATFS/Target/fatfs_platform.o
 .debug_frame   0x0000000000002718       0xe8 FATFS/Target/sd_diskio.o
 .debug_frame   0x0000000000002800       0xec Middlewares/Third_Party/FatFs/src/diskio.o
 .debug_frame   0x00000000000028ec      0x94c Middlewares/Third_Party/FatFs/src/ff.o
 .debug_frame   0x0000000000003238       0xc8 Middlewares/Third_Party/FatFs/src/ff_gen_drv.o
 .debug_frame   0x0000000000003300       0x2c /opt/st/stm32cubeide_1.5.0/plugins/com.st.stm32cube.ide.mcu.externaltools.gnu-tools-for-stm32.7-2018-q2-update.linux64_1.5.0.202011040924/tools/bin/../lib/gcc/arm-none-eabi/7.3.1/../../../../arm-none-eabi/lib/thumb/v7e-m/fpv4-sp/hard/libc_nano.a(lib_a-init.o)
 .debug_frame   0x000000000000332c       0x20 /opt/st/stm32cubeide_1.5.0/plugins/com.st.stm32cube.ide.mcu.externaltools.gnu-tools-for-stm32.7-2018-q2-update.linux64_1.5.0.202011040924/tools/bin/../lib/gcc/arm-none-eabi/7.3.1/../../../../arm-none-eabi/lib/thumb/v7e-m/fpv4-sp/hard/libc_nano.a(lib_a-memset.o)
