Archive member included to satisfy reference by file (symbol)

/opt/st/stm32cubeide_1.6.0/plugins/com.st.stm32cube.ide.mcu.externaltools.gnu-tools-for-stm32.9-2020-q2-update.linux64_1.5.0.202011040924/tools/bin/../lib/gcc/arm-none-eabi/9.3.1/../../../../arm-none-eabi/lib/thumb/v7e-m+fp/hard/libc_nano.a(lib_a-errno.o)
                              Core/Src/syscalls.o (__errno)
/opt/st/stm32cubeide_1.6.0/plugins/com.st.stm32cube.ide.mcu.externaltools.gnu-tools-for-stm32.9-2020-q2-update.linux64_1.5.0.202011040924/tools/bin/../lib/gcc/arm-none-eabi/9.3.1/../../../../arm-none-eabi/lib/thumb/v7e-m+fp/hard/libc_nano.a(lib_a-exit.o)
                              /opt/st/stm32cubeide_1.6.0/plugins/com.st.stm32cube.ide.mcu.externaltools.gnu-tools-for-stm32.9-2020-q2-update.linux64_1.5.0.202011040924/tools/bin/../lib/gcc/arm-none-eabi/9.3.1/../../../../arm-none-eabi/lib/thumb/v7e-m+fp/hard/crt0.o (exit)
/opt/st/stm32cubeide_1.6.0/plugins/com.st.stm32cube.ide.mcu.externaltools.gnu-tools-for-stm32.9-2020-q2-update.linux64_1.5.0.202011040924/tools/bin/../lib/gcc/arm-none-eabi/9.3.1/../../../../arm-none-eabi/lib/thumb/v7e-m+fp/hard/libc_nano.a(lib_a-impure.o)
                              /opt/st/stm32cubeide_1.6.0/plugins/com.st.stm32cube.ide.mcu.externaltools.gnu-tools-for-stm32.9-2020-q2-update.linux64_1.5.0.202011040924/tools/bin/../lib/gcc/arm-none-eabi/9.3.1/../../../../arm-none-eabi/lib/thumb/v7e-m+fp/hard/libc_nano.a(lib_a-exit.o) (_global_impure_ptr)
/opt/st/stm32cubeide_1.6.0/plugins/com.st.stm32cube.ide.mcu.externaltools.gnu-tools-for-stm32.9-2020-q2-update.linux64_1.5.0.202011040924/tools/bin/../lib/gcc/arm-none-eabi/9.3.1/../../../../arm-none-eabi/lib/thumb/v7e-m+fp/hard/libc_nano.a(lib_a-init.o)
                              /opt/st/stm32cubeide_1.6.0/plugins/com.st.stm32cube.ide.mcu.externaltools.gnu-tools-for-stm32.9-2020-q2-update.linux64_1.5.0.202011040924/tools/bin/../lib/gcc/arm-none-eabi/9.3.1/../../../../arm-none-eabi/lib/thumb/v7e-m+fp/hard/crt0.o (__libc_init_array)
/opt/st/stm32cubeide_1.6.0/plugins/com.st.stm32cube.ide.mcu.externaltools.gnu-tools-for-stm32.9-2020-q2-update.linux64_1.5.0.202011040924/tools/bin/../lib/gcc/arm-none-eabi/9.3.1/../../../../arm-none-eabi/lib/thumb/v7e-m+fp/hard/libc_nano.a(lib_a-memset.o)
                              /opt/st/stm32cubeide_1.6.0/plugins/com.st.stm32cube.ide.mcu.externaltools.gnu-tools-for-stm32.9-2020-q2-update.linux64_1.5.0.202011040924/tools/bin/../lib/gcc/arm-none-eabi/9.3.1/../../../../arm-none-eabi/lib/thumb/v7e-m+fp/hard/crt0.o (memset)
/opt/st/stm32cubeide_1.6.0/plugins/com.st.stm32cube.ide.mcu.externaltools.gnu-tools-for-stm32.9-2020-q2-update.linux64_1.5.0.202011040924/tools/bin/../lib/gcc/arm-none-eabi/9.3.1/../../../../arm-none-eabi/lib/thumb/v7e-m+fp/hard/libc_nano.a(lib_a-strlen.o)
                              Core/Src/main.o (strlen)

Allocating common symbols
Common symbol       size              file

retSD               0x1               FATFS/App/fatfs.o
hsd1                0x84              Core/Src/main.o
uwTick              0x4               Drivers/STM32L4xx_HAL_Driver/Src/stm32l4xx_hal.o
SDPath              0x4               FATFS/App/fatfs.o
SDFile              0x1030            FATFS/App/fatfs.o
SDFatFS             0x1038            FATFS/App/fatfs.o

Discarded input sections

 .text          0x0000000000000000        0x0 /opt/st/stm32cubeide_1.6.0/plugins/com.st.stm32cube.ide.mcu.externaltools.gnu-tools-for-stm32.9-2020-q2-update.linux64_1.5.0.202011040924/tools/bin/../lib/gcc/arm-none-eabi/9.3.1/thumb/v7e-m+fp/hard/crti.o
 .data          0x0000000000000000        0x0 /opt/st/stm32cubeide_1.6.0/plugins/com.st.stm32cube.ide.mcu.externaltools.gnu-tools-for-stm32.9-2020-q2-update.linux64_1.5.0.202011040924/tools/bin/../lib/gcc/arm-none-eabi/9.3.1/thumb/v7e-m+fp/hard/crti.o
 .bss           0x0000000000000000        0x0 /opt/st/stm32cubeide_1.6.0/plugins/com.st.stm32cube.ide.mcu.externaltools.gnu-tools-for-stm32.9-2020-q2-update.linux64_1.5.0.202011040924/tools/bin/../lib/gcc/arm-none-eabi/9.3.1/thumb/v7e-m+fp/hard/crti.o
 .data          0x0000000000000000        0x4 /opt/st/stm32cubeide_1.6.0/plugins/com.st.stm32cube.ide.mcu.externaltools.gnu-tools-for-stm32.9-2020-q2-update.linux64_1.5.0.202011040924/tools/bin/../lib/gcc/arm-none-eabi/9.3.1/thumb/v7e-m+fp/hard/crtbegin.o
 .text          0x0000000000000000       0x7c /opt/st/stm32cubeide_1.6.0/plugins/com.st.stm32cube.ide.mcu.externaltools.gnu-tools-for-stm32.9-2020-q2-update.linux64_1.5.0.202011040924/tools/bin/../lib/gcc/arm-none-eabi/9.3.1/../../../../arm-none-eabi/lib/thumb/v7e-m+fp/hard/crt0.o
 .data          0x0000000000000000        0x0 /opt/st/stm32cubeide_1.6.0/plugins/com.st.stm32cube.ide.mcu.externaltools.gnu-tools-for-stm32.9-2020-q2-update.linux64_1.5.0.202011040924/tools/bin/../lib/gcc/arm-none-eabi/9.3.1/../../../../arm-none-eabi/lib/thumb/v7e-m+fp/hard/crt0.o
[...]
Memory Configuration

Name             Origin             Length             Attributes
RAM              0x0000000020000000 0x0000000000018000 xrw
RAM2             0x0000000010000000 0x0000000000008000 xrw
FLASH            0x0000000008000000 0x0000000000100000 xr
*default*        0x0000000000000000 0xffffffffffffffff

Linker script and memory map

LOAD /opt/st/stm32cubeide_1.6.0/plugins/com.st.stm32cube.ide.mcu.externaltools.gnu-tools-for-stm32.9-2020-q2-update.linux64_1.5.0.202011040924/tools/bin/../lib/gcc/arm-none-eabi/9.3.1/thumb/v7e-m+fp/hard/crti.o
LOAD /opt/st/stm32cubeide_1.6.0/plugins/com.st.stm32cube.ide.mcu.externaltools.gnu-tools-for-stm32.9-2020-q2-update.linux64_1.5.0.202011040924/tools/bin/../lib/gcc/arm-none-eabi/9.3.1/thumb/v7e-m+fp/hard/crtbegin.o
LOAD /opt/st/stm32cubeide_1.6.0/plugins/com.st.stm32cube.ide.mcu.externaltools.gnu-tools-for-stm32.9-2020-q2-update.linux64_1.5.0.202011040924/tools/bin/../lib/gcc/arm-none-eabi/9.3.1/../../../../arm-none-eabi/lib/thumb/v7e-m+fp/hard/crt0.o
LOAD Core/Src/main.o
LOAD Core/Src/sd_card.o
LOAD Core/Src/stm32l4xx_hal_msp.o
LOAD Core/Src/stm32l4xx_it.o
LOAD Core/Src/syscalls.o
LOAD Core/Src/sysmem.o
LOAD Core/Src/system_stm32l4xx.o
LOAD Core/Startup/startup_stm32l476rgtx.o
LOAD Drivers/STM32L4xx_HAL_Driver/Src/stm32l4xx_hal.o
LOAD Drivers/STM32L4xx_HAL_Driver/Src/stm32l4xx_hal_cortex.o
LOAD Drivers/STM32L4xx_HAL_Driver/Src/stm32l4xx_hal_dma.o
LOAD Drivers/STM32L4xx_HAL_Driver/Src/stm32l4xx_hal_dma_ex.o
LOAD Drivers/STM32L4xx_HAL_Driver/Src/stm32l4xx_hal_exti.o
LOAD Drivers/STM32L4xx_HAL_Driver/Src/stm32l4xx_hal_flash.o
LOAD Drivers/STM32L4xx_HAL_Driver/Src/stm32l4xx_hal_flash_ex.o
LOAD Drivers/STM32L4xx_HAL_Driver/Src/stm32l4xx_hal_flash_ramfunc.o
LOAD Drivers/STM32L4xx_HAL_Driver/Src/stm32l4xx_hal_gpio.o
LOAD Drivers/STM32L4xx_HAL_Driver/Src/stm32l4xx_hal_i2c.o
LOAD Drivers/STM32L4xx_HAL_Driver/Src/stm32l4xx_hal_i2c_ex.o
LOAD Drivers/STM32L4xx_HAL_Driver/Src/stm32l4xx_hal_pwr.o
LOAD Drivers/STM32L4xx_HAL_Driver/Src/stm32l4xx_hal_pwr_ex.o
LOAD Drivers/STM32L4xx_HAL_Driver/Src/stm32l4xx_hal_rcc.o
LOAD Drivers/STM32L4xx_HAL_Driver/Src/stm32l4xx_hal_rcc_ex.o
LOAD Drivers/STM32L4xx_HAL_Driver/Src/stm32l4xx_hal_sd.o
LOAD Drivers/STM32L4xx_HAL_Driver/Src/stm32l4xx_hal_sd_ex.o
LOAD Drivers/STM32L4xx_HAL_Driver/Src/stm32l4xx_hal_tim.o
LOAD Drivers/STM32L4xx_HAL_Driver/Src/stm32l4xx_hal_tim_ex.o
LOAD Drivers/STM32L4xx_HAL_Driver/Src/stm32l4xx_ll_sdmmc.o
LOAD FATFS/App/fatfs.o
LOAD FATFS/Target/bsp_driver_sd.o
LOAD FATFS/Target/fatfs_platform.o
LOAD FATFS/Target/sd_diskio.o
LOAD Middlewares/Third_Party/FatFs/src/diskio.o
LOAD Middlewares/Third_Party/FatFs/src/ff.o
LOAD Middlewares/Third_Party/FatFs/src/ff_gen_drv.o
LOAD Middlewares/Third_Party/FatFs/src/option/ccsbcs.o
LOAD Middlewares/Third_Party/FatFs/src/option/syscall.o
START GROUP
LOAD /opt/st/stm32cubeide_1.6.0/plugins/com.st.stm32cube.ide.mcu.externaltools.gnu-tools-for-stm32.9-2020-q2-update.linux64_1.5.0.202011040924/tools/bin/../lib/gcc/arm-none-eabi/9.3.1/../../../../arm-none-eabi/lib/thumb/v7e-m+fp/hard/libc_nano.a
LOAD /opt/st/stm32cubeide_1.6.0/plugins/com.st.stm32cube.ide.mcu.externaltools.gnu-tools-for-stm32.9-2020-q2-update.linux64_1.5.0.202011040924/tools/bin/../lib/gcc/arm-none-eabi/9.3.1/../../../../arm-none-eabi/lib/thumb/v7e-m+fp/hard/libm.a
END GROUP
START GROUP
LOAD /opt/st/stm32cubeide_1.6.0/plugins/com.st.stm32cube.ide.mcu.externaltools.gnu-tools-for-stm32.9-2020-q2-update.linux64_1.5.0.202011040924/tools/bin/../lib/gcc/arm-none-eabi/9.3.1/thumb/v7e-m+fp/hard/libgcc.a
LOAD /opt/st/stm32cubeide_1.6.0/plugins/com.st.stm32cube.ide.mcu.externaltools.gnu-tools-for-stm32.9-2020-q2-update.linux64_1.5.0.202011040924/tools/bin/../lib/gcc/arm-none-eabi/9.3.1/../../../../arm-none-eabi/lib/thumb/v7e-m+fp/hard/libc_nano.a
END GROUP
START GROUP
LOAD /opt/st/stm32cubeide_1.6.0/plugins/com.st.stm32cube.ide.mcu.externaltools.gnu-tools-for-stm32.9-2020-q2-update.linux64_1.5.0.202011040924/tools/bin/../lib/gcc/arm-none-eabi/9.3.1/thumb/v7e-m+fp/hard/libgcc.a
LOAD /opt/st/stm32cubeide_1.6.0/plugins/com.st.stm32cube.ide.mcu.externaltools.gnu-tools-for-stm32.9-2020-q2-update.linux64_1.5.0.202011040924/tools/bin/../lib/gcc/arm-none-eabi/9.3.1/../../../../arm-none-eabi/lib/thumb/v7e-m+fp/hard/libc_nano.a
LOAD /opt/st/stm32cubeide_1.6.0/plugins/com.st.stm32cube.ide.mcu.externaltools.gnu-tools-for-stm32.9-2020-q2-update.linux64_1.5.0.202011040924/tools/bin/../lib/gcc/arm-none-eabi/9.3.1/../../../../arm-none-eabi/lib/thumb/v7e-m+fp/hard/libnosys.a
END GROUP
START GROUP
LOAD /opt/st/stm32cubeide_1.6.0/plugins/com.st.stm32cube.ide.mcu.externaltools.gnu-tools-for-stm32.9-2020-q2-update.linux64_1.5.0.202011040924/tools/bin/../lib/gcc/arm-none-eabi/9.3.1/thumb/v7e-m+fp/hard/libgcc.a
LOAD /opt/st/stm32cubeide_1.6.0/plugins/com.st.stm32cube.ide.mcu.externaltools.gnu-tools-for-stm32.9-2020-q2-update.linux64_1.5.0.202011040924/tools/bin/../lib/gcc/arm-none-eabi/9.3.1/../../../../arm-none-eabi/lib/thumb/v7e-m+fp/hard/libc_nano.a
LOAD /opt/st/stm32cubeide_1.6.0/plugins/com.st.stm32cube.ide.mcu.externaltools.gnu-tools-for-stm32.9-2020-q2-update.linux64_1.5.0.202011040924/tools/bin/../lib/gcc/arm-none-eabi/9.3.1/../../../../arm-none-eabi/lib/thumb/v7e-m+fp/hard/libnosys.a
END GROUP
LOAD /opt/st/stm32cubeide_1.6.0/plugins/com.st.stm32cube.ide.mcu.externaltools.gnu-tools-for-stm32.9-2020-q2-update.linux64_1.5.0.202011040924/tools/bin/../lib/gcc/arm-none-eabi/9.3.1/thumb/v7e-m+fp/hard/crtend.o
LOAD /opt/st/stm32cubeide_1.6.0/plugins/com.st.stm32cube.ide.mcu.externaltools.gnu-tools-for-stm32.9-2020-q2-update.linux64_1.5.0.202011040924/tools/bin/../lib/gcc/arm-none-eabi/9.3.1/thumb/v7e-m+fp/hard/crtn.o
                0x0000000020018000                _estack = (ORIGIN (RAM) + LENGTH (RAM))
                0x0000000000000600                _Min_Heap_Size = 0x600
                0x0000000000001200                _Min_Stack_Size = 0x1200

.isr_vector     0x0000000008000000      0x188
                0x0000000008000000                . = ALIGN (0x4)
 *(.isr_vector)
 .isr_vector    0x0000000008000000      0x188 Core/Startup/startup_stm32l476rgtx.o
                0x0000000008000000                g_pfnVectors
                0x0000000008000188                . = ALIGN (0x4)

.text           0x0000000008000188     0x8530
                0x0000000008000188                . = ALIGN (0x4)
 *(.text)
 .text          0x0000000008000188       0x40 /opt/st/stm32cubeide_1.6.0/plugins/com.st.stm32cube.ide.mcu.externaltools.gnu-tools-for-stm32.9-2020-q2-update.linux64_1.5.0.202011040924/tools/bin/../lib/gcc/arm-none-eabi/9.3.1/thumb/v7e-m+fp/hard/crtbegin.o
 .text          0x00000000080001c8       0x10 /opt/st/stm32cubeide_1.6.0/plugins/com.st.stm32cube.ide.mcu.externaltools.gnu-tools-for-stm32.9-2020-q2-update.linux64_1.5.0.202011040924/tools/bin/../lib/gcc/arm-none-eabi/9.3.1/../../../../arm-none-eabi/lib/thumb/v7e-m+fp/hard/libc_nano.a(lib_a-strlen.o)
                0x00000000080001c8                strlen
 *(.text*)
 .text.main     0x00000000080001d8      0x140 Core/Src/main.o
                0x00000000080001d8                main
 .text.SystemClock_Config
                0x0000000008000318      0x110 Core/Src/main.o
                0x0000000008000318                SystemClock_Config
 .text.MX_SDMMC1_SD_Init
                0x0000000008000428       0x40 Core/Src/main.o
 .text.MX_GPIO_Init
                0x0000000008000468       0x88 Core/Src/main.o
 .text.Error_Handler
                0x00000000080004f0        0xa Core/Src/main.o
                0x00000000080004f0                Error_Handler
 *fill*         0x00000000080004fa        0x2 
 .text.init_sd  0x00000000080004fc       0x80 Core/Src/sd_card.o
                0x00000000080004fc                init_sd
 .text.read_file
                0x000000000800057c       0x68 Core/Src/sd_card.o
                0x000000000800057c                read_file
 .text.HAL_MspInit
                0x00000000080005e4       0x48 Core/Src/stm32l4xx_hal_msp.o
                0x00000000080005e4                HAL_MspInit
 .text.HAL_SD_MspInit
                0x000000000800062c       0xd4 Core/Src/stm32l4xx_hal_msp.o
                0x000000000800062c                HAL_SD_MspInit
 .text.NMI_Handler
                0x0000000008000700        0x6 Core/Src/stm32l4xx_it.o
                0x0000000008000700                NMI_Handler
 .text.HardFault_Handler
                0x0000000008000706        0x6 Core/Src/stm32l4xx_it.o
                0x0000000008000706                HardFault_Handler
 .text.MemManage_Handler
                0x000000000800070c        0x6 Core/Src/stm32l4xx_it.o
                0x000000000800070c                MemManage_Handler
 .text.BusFault_Handler
                0x0000000008000712        0x6 Core/Src/stm32l4xx_it.o
                0x0000000008000712                BusFault_Handler
 .text.UsageFault_Handler
                0x0000000008000718        0x6 Core/Src/stm32l4xx_it.o
                0x0000000008000718                UsageFault_Handler
 .text.SVC_Handler
                0x000000000800071e        0xe Core/Src/stm32l4xx_it.o
                0x000000000800071e                SVC_Handler
 .text.DebugMon_Handler
                0x000000000800072c        0xe Core/Src/stm32l4xx_it.o
                0x000000000800072c                DebugMon_Handler
 .text.PendSV_Handler
                0x000000000800073a        0xe Core/Src/stm32l4xx_it.o
                0x000000000800073a                PendSV_Handler
 .text.SysTick_Handler
                0x0000000008000748        0xc Core/Src/stm32l4xx_it.o
                0x0000000008000748                SysTick_Handler
 .text.SDMMC1_IRQHandler
                0x0000000008000754       0x14 Core/Src/stm32l4xx_it.o
                0x0000000008000754                SDMMC1_IRQHandler
 .text.SystemInit
                0x0000000008000768       0x6c Core/Src/system_stm32l4xx.o
                0x0000000008000768                SystemInit
 .text.Reset_Handler
                0x00000000080007d4       0x50 Core/Startup/startup_stm32l476rgtx.o
                0x00000000080007d4                Reset_Handler
 .text.Default_Handler
                0x0000000008000824        0x2 Core/Startup/startup_stm32l476rgtx.o
                0x0000000008000824                RTC_Alarm_IRQHandler
                0x0000000008000824                EXTI2_IRQHandler
                0x0000000008000824                TIM8_TRG_COM_IRQHandler
                0x0000000008000824                TIM8_CC_IRQHandler
                0x0000000008000824                TIM1_CC_IRQHandler
                0x0000000008000824                TSC_IRQHandler
                0x0000000008000824                TAMP_STAMP_IRQHandler
                0x0000000008000824                EXTI3_IRQHandler
                0x0000000008000824                LPTIM2_IRQHandler
                0x0000000008000824                DFSDM1_FLT1_IRQHandler
                0x0000000008000824                I2C3_ER_IRQHandler
                0x0000000008000824                DFSDM1_FLT2_IRQHandler
                0x0000000008000824                EXTI0_IRQHandler
                0x0000000008000824                I2C2_EV_IRQHandler
                0x0000000008000824                CAN1_RX0_IRQHandler
                0x0000000008000824                FPU_IRQHandler
                0x0000000008000824                TIM1_UP_TIM16_IRQHandler
                0x0000000008000824                ADC1_2_IRQHandler
                0x0000000008000824                SPI1_IRQHandler
                0x0000000008000824                TIM6_DAC_IRQHandler
                0x0000000008000824                TIM8_UP_IRQHandler
                0x0000000008000824                DMA2_Channel2_IRQHandler
                0x0000000008000824                DMA1_Channel4_IRQHandler
                0x0000000008000824                SAI2_IRQHandler
                0x0000000008000824                DFSDM1_FLT3_IRQHandler
                0x0000000008000824                USART3_IRQHandler
                0x0000000008000824                DMA1_Channel7_IRQHandler
                0x0000000008000824                CAN1_RX1_IRQHandler
                0x0000000008000824                LCD_IRQHandler
                0x0000000008000824                UART5_IRQHandler
                0x0000000008000824                ADC3_IRQHandler
                0x0000000008000824                TIM4_IRQHandler
                0x0000000008000824                DMA2_Channel1_IRQHandler
                0x0000000008000824                QUADSPI_IRQHandler
                0x0000000008000824                I2C1_EV_IRQHandler
                0x0000000008000824                DMA1_Channel6_IRQHandler
                0x0000000008000824                UART4_IRQHandler
                0x0000000008000824                DMA2_Channel4_IRQHandler
                0x0000000008000824                TIM3_IRQHandler
                0x0000000008000824                RCC_IRQHandler
                0x0000000008000824                DMA1_Channel1_IRQHandler
                0x0000000008000824                Default_Handler
                0x0000000008000824                DMA2_Channel7_IRQHandler
                0x0000000008000824                EXTI15_10_IRQHandler
                0x0000000008000824                TIM7_IRQHandler
                0x0000000008000824                TIM5_IRQHandler
                0x0000000008000824                I2C3_EV_IRQHandler
                0x0000000008000824                EXTI9_5_IRQHandler
                0x0000000008000824                RTC_WKUP_IRQHandler
                0x0000000008000824                PVD_PVM_IRQHandler
                0x0000000008000824                SPI2_IRQHandler
                0x0000000008000824                CAN1_TX_IRQHandler
                0x0000000008000824                DMA2_Channel5_IRQHandler
                0x0000000008000824                DMA1_Channel5_IRQHandler
                0x0000000008000824                EXTI4_IRQHandler
                0x0000000008000824                RNG_IRQHandler
                0x0000000008000824                TIM1_TRG_COM_TIM17_IRQHandler
                0x0000000008000824                DMA1_Channel3_IRQHandler
                0x0000000008000824                COMP_IRQHandler
                0x0000000008000824                WWDG_IRQHandler
                0x0000000008000824                LPUART1_IRQHandler
                0x0000000008000824                DMA2_Channel6_IRQHandler
                0x0000000008000824                TIM2_IRQHandler
                0x0000000008000824                EXTI1_IRQHandler
                0x0000000008000824                USART2_IRQHandler
                0x0000000008000824                DFSDM1_FLT0_IRQHandler
                0x0000000008000824                I2C2_ER_IRQHandler
                0x0000000008000824                DMA1_Channel2_IRQHandler
                0x0000000008000824                TIM8_BRK_IRQHandler
                0x0000000008000824                CAN1_SCE_IRQHandler
                0x0000000008000824                FLASH_IRQHandler
                0x0000000008000824                USART1_IRQHandler
                0x0000000008000824                OTG_FS_IRQHandler
                0x0000000008000824                SPI3_IRQHandler
                0x0000000008000824                I2C1_ER_IRQHandler
                0x0000000008000824                FMC_IRQHandler
                0x0000000008000824                SWPMI1_IRQHandler
                0x0000000008000824                LPTIM1_IRQHandler
                0x0000000008000824                SAI1_IRQHandler
                0x0000000008000824                DMA2_Channel3_IRQHandler
                0x0000000008000824                TIM1_BRK_TIM15_IRQHandler
 .text.HAL_Init
                0x0000000008000826       0x30 Drivers/STM32L4xx_HAL_Driver/Src/stm32l4xx_hal.o
                0x0000000008000826                HAL_Init
 *fill*         0x0000000008000856        0x2 
 .text.HAL_InitTick
                0x0000000008000858       0x78 Drivers/STM32L4xx_HAL_Driver/Src/stm32l4xx_hal.o
                0x0000000008000858                HAL_InitTick
 .text.HAL_IncTick
                0x00000000080008d0       0x28 Drivers/STM32L4xx_HAL_Driver/Src/stm32l4xx_hal.o
                0x00000000080008d0                HAL_IncTick
 .text.HAL_GetTick
                0x00000000080008f8       0x18 Drivers/STM32L4xx_HAL_Driver/Src/stm32l4xx_hal.o
                0x00000000080008f8                HAL_GetTick
 .text.HAL_Delay
                0x0000000008000910       0x48 Drivers/STM32L4xx_HAL_Driver/Src/stm32l4xx_hal.o
                0x0000000008000910                HAL_Delay
 .text.__NVIC_SetPriorityGrouping
                0x0000000008000958       0x48 Drivers/STM32L4xx_HAL_Driver/Src/stm32l4xx_hal_cortex.o
 .text.__NVIC_GetPriorityGrouping
                0x00000000080009a0       0x1c Drivers/STM32L4xx_HAL_Driver/Src/stm32l4xx_hal_cortex.o
 .text.__NVIC_EnableIRQ
                0x00000000080009bc       0x3c Drivers/STM32L4xx_HAL_Driver/Src/stm32l4xx_hal_cortex.o
 .text.__NVIC_SetPriority
                0x00000000080009f8       0x54 Drivers/STM32L4xx_HAL_Driver/Src/stm32l4xx_hal_cortex.o
 .text.NVIC_EncodePriority
                0x0000000008000a4c       0x66 Drivers/STM32L4xx_HAL_Driver/Src/stm32l4xx_hal_cortex.o
 *fill*         0x0000000008000ab2        0x2 
 .text.SysTick_Config
                0x0000000008000ab4       0x44 Drivers/STM32L4xx_HAL_Driver/Src/stm32l4xx_hal_cortex.o
 .text.HAL_NVIC_SetPriorityGrouping
                0x0000000008000af8       0x16 Drivers/STM32L4xx_HAL_Driver/Src/stm32l4xx_hal_cortex.o
                0x0000000008000af8                HAL_NVIC_SetPriorityGrouping
 .text.HAL_NVIC_SetPriority
                0x0000000008000b0e       0x38 Drivers/STM32L4xx_HAL_Driver/Src/stm32l4xx_hal_cortex.o
                0x0000000008000b0e                HAL_NVIC_SetPriority
 .text.HAL_NVIC_EnableIRQ
                0x0000000008000b46       0x1c Drivers/STM32L4xx_HAL_Driver/Src/stm32l4xx_hal_cortex.o
                0x0000000008000b46                HAL_NVIC_EnableIRQ
 .text.HAL_SYSTICK_Config
                0x0000000008000b62       0x18 Drivers/STM32L4xx_HAL_Driver/Src/stm32l4xx_hal_cortex.o
                0x0000000008000b62                HAL_SYSTICK_Config
 .text.HAL_DMA_Abort_IT
                0x0000000008000b7a       0x82 Drivers/STM32L4xx_HAL_Driver/Src/stm32l4xx_hal_dma.o
                0x0000000008000b7a                HAL_DMA_Abort_IT
 .text.HAL_GPIO_Init
                0x0000000008000bfc      0x354 Drivers/STM32L4xx_HAL_Driver/Src/stm32l4xx_hal_gpio.o
                0x0000000008000bfc                HAL_GPIO_Init
 .text.HAL_GPIO_ReadPin
                0x0000000008000f50       0x30 Drivers/STM32L4xx_HAL_Driver/Src/stm32l4xx_hal_gpio.o
                0x0000000008000f50                HAL_GPIO_ReadPin
 .text.HAL_PWREx_GetVoltageRange
                0x0000000008000f80       0x1c Drivers/STM32L4xx_HAL_Driver/Src/stm32l4xx_hal_pwr_ex.o
                0x0000000008000f80                HAL_PWREx_GetVoltageRange
 .text.HAL_PWREx_ControlVoltageScaling
                0x0000000008000f9c       0xac Drivers/STM32L4xx_HAL_Driver/Src/stm32l4xx_hal_pwr_ex.o
                0x0000000008000f9c                HAL_PWREx_ControlVoltageScaling
 .text.HAL_RCC_OscConfig
                0x0000000008001048      0x7cc Drivers/STM32L4xx_HAL_Driver/Src/stm32l4xx_hal_rcc.o
                0x0000000008001048                HAL_RCC_OscConfig
 .text.HAL_RCC_ClockConfig
                0x0000000008001814      0x1c4 Drivers/STM32L4xx_HAL_Driver/Src/stm32l4xx_hal_rcc.o
                0x0000000008001814                HAL_RCC_ClockConfig
 .text.HAL_RCC_GetSysClockFreq
                0x00000000080019d8      0x118 Drivers/STM32L4xx_HAL_Driver/Src/stm32l4xx_hal_rcc.o
                0x00000000080019d8                HAL_RCC_GetSysClockFreq
 .text.HAL_RCC_GetHCLKFreq
                0x0000000008001af0       0x18 Drivers/STM32L4xx_HAL_Driver/Src/stm32l4xx_hal_rcc.o
                0x0000000008001af0                HAL_RCC_GetHCLKFreq
 .text.HAL_RCC_GetPCLK1Freq
                0x0000000008001b08       0x2c Drivers/STM32L4xx_HAL_Driver/Src/stm32l4xx_hal_rcc.o
                0x0000000008001b08                HAL_RCC_GetPCLK1Freq
 .text.HAL_RCC_GetPCLK2Freq
                0x0000000008001b34       0x2c Drivers/STM32L4xx_HAL_Driver/Src/stm32l4xx_hal_rcc.o
                0x0000000008001b34                HAL_RCC_GetPCLK2Freq
 .text.RCC_SetFlashLatencyFromMSIRange
                0x0000000008001b60       0xc0 Drivers/STM32L4xx_HAL_Driver/Src/stm32l4xx_hal_rcc.o
 .text.HAL_RCCEx_PeriphCLKConfig
                0x0000000008001c20      0x5d4 Drivers/STM32L4xx_HAL_Driver/Src/stm32l4xx_hal_rcc_ex.o
                0x0000000008001c20                HAL_RCCEx_PeriphCLKConfig
 .text.HAL_RCCEx_GetPeriphCLKFreq
                0x00000000080021f4      0xad4 Drivers/STM32L4xx_HAL_Driver/Src/stm32l4xx_hal_rcc_ex.o
                0x00000000080021f4                HAL_RCCEx_GetPeriphCLKFreq
 .text.RCCEx_PLLSAI1_Config
                0x0000000008002cc8      0x1e8 Drivers/STM32L4xx_HAL_Driver/Src/stm32l4xx_hal_rcc_ex.o
 .text.RCCEx_PLLSAI2_Config
                0x0000000008002eb0      0x1bc Drivers/STM32L4xx_HAL_Driver/Src/stm32l4xx_hal_rcc_ex.o
 .text.RCCEx_GetSAIxPeriphCLKFreq
                0x000000000800306c      0x1e0 Drivers/STM32L4xx_HAL_Driver/Src/stm32l4xx_hal_rcc_ex.o
 .text.HAL_SD_Init
                0x000000000800324c       0x60 Drivers/STM32L4xx_HAL_Driver/Src/stm32l4xx_hal_sd.o
                0x000000000800324c                HAL_SD_Init
 .text.HAL_SD_InitCard
                0x00000000080032ac      0x170 Drivers/STM32L4xx_HAL_Driver/Src/stm32l4xx_hal_sd.o
                0x00000000080032ac                HAL_SD_InitCard
 .text.HAL_SD_ReadBlocks
                0x000000000800341c      0x3bc Drivers/STM32L4xx_HAL_Driver/Src/stm32l4xx_hal_sd.o
                0x000000000800341c                HAL_SD_ReadBlocks
 .text.HAL_SD_WriteBlocks
                0x00000000080037d8      0x30c Drivers/STM32L4xx_HAL_Driver/Src/stm32l4xx_hal_sd.o
                0x00000000080037d8                HAL_SD_WriteBlocks
 .text.HAL_SD_IRQHandler
                0x0000000008003ae4      0x2ec Drivers/STM32L4xx_HAL_Driver/Src/stm32l4xx_hal_sd.o
                0x0000000008003ae4                HAL_SD_IRQHandler
 .text.HAL_SD_ErrorCallback
                0x0000000008003dd0       0x14 Drivers/STM32L4xx_HAL_Driver/Src/stm32l4xx_hal_sd.o
                0x0000000008003dd0                HAL_SD_ErrorCallback
 .text.HAL_SD_GetCardCSD
                0x0000000008003de4      0x348 Drivers/STM32L4xx_HAL_Driver/Src/stm32l4xx_hal_sd.o
                0x0000000008003de4                HAL_SD_GetCardCSD
 .text.HAL_SD_GetCardInfo
                0x000000000800412c       0x58 Drivers/STM32L4xx_HAL_Driver/Src/stm32l4xx_hal_sd.o
                0x000000000800412c                HAL_SD_GetCardInfo
 .text.HAL_SD_GetCardState
                0x0000000008004184       0x40 Drivers/STM32L4xx_HAL_Driver/Src/stm32l4xx_hal_sd.o
                0x0000000008004184                HAL_SD_GetCardState
 .text.SD_DMATxAbort
                0x00000000080041c4       0x6e Drivers/STM32L4xx_HAL_Driver/Src/stm32l4xx_hal_sd.o
 .text.SD_DMARxAbort
                0x0000000008004232       0x6e Drivers/STM32L4xx_HAL_Driver/Src/stm32l4xx_hal_sd.o
 .text.SD_InitCard
                0x00000000080042a0      0x198 Drivers/STM32L4xx_HAL_Driver/Src/stm32l4xx_hal_sd.o
 .text.SD_PowerON
                0x0000000008004438      0x11c Drivers/STM32L4xx_HAL_Driver/Src/stm32l4xx_hal_sd.o
 .text.SD_SendStatus
                0x0000000008004554       0x50 Drivers/STM32L4xx_HAL_Driver/Src/stm32l4xx_hal_sd.o
 .text.SD_Read_IT
                0x00000000080045a4       0xa2 Drivers/STM32L4xx_HAL_Driver/Src/stm32l4xx_hal_sd.o
 .text.SD_Write_IT
                0x0000000008004646       0xaa Drivers/STM32L4xx_HAL_Driver/Src/stm32l4xx_hal_sd.o
 .text.SDMMC_Init
                0x00000000080046f0       0x5a Drivers/STM32L4xx_HAL_Driver/Src/stm32l4xx_ll_sdmmc.o
                0x00000000080046f0                SDMMC_Init
 .text.SDMMC_ReadFIFO
                0x000000000800474a       0x1a Drivers/STM32L4xx_HAL_Driver/Src/stm32l4xx_ll_sdmmc.o
                0x000000000800474a                SDMMC_ReadFIFO
 .text.SDMMC_WriteFIFO
                0x0000000008004764       0x22 Drivers/STM32L4xx_HAL_Driver/Src/stm32l4xx_ll_sdmmc.o
                0x0000000008004764                SDMMC_WriteFIFO
 .text.SDMMC_PowerState_ON
                0x0000000008004786       0x1e Drivers/STM32L4xx_HAL_Driver/Src/stm32l4xx_ll_sdmmc.o
                0x0000000008004786                SDMMC_PowerState_ON
 .text.SDMMC_GetPowerState
                0x00000000080047a4       0x1c Drivers/STM32L4xx_HAL_Driver/Src/stm32l4xx_ll_sdmmc.o
                0x00000000080047a4                SDMMC_GetPowerState
 .text.SDMMC_SendCommand
                0x00000000080047c0       0x54 Drivers/STM32L4xx_HAL_Driver/Src/stm32l4xx_ll_sdmmc.o
                0x00000000080047c0                SDMMC_SendCommand
 .text.SDMMC_GetCommandResponse
                0x0000000008004814       0x1a Drivers/STM32L4xx_HAL_Driver/Src/stm32l4xx_ll_sdmmc.o
                0x0000000008004814                SDMMC_GetCommandResponse
 .text.SDMMC_GetResponse
                0x000000000800482e       0x26 Drivers/STM32L4xx_HAL_Driver/Src/stm32l4xx_ll_sdmmc.o
                0x000000000800482e                SDMMC_GetResponse
 .text.SDMMC_ConfigData
                0x0000000008004854       0x58 Drivers/STM32L4xx_HAL_Driver/Src/stm32l4xx_ll_sdmmc.o
                0x0000000008004854                SDMMC_ConfigData
 .text.SDMMC_CmdBlockLength
                0x00000000080048ac       0x44 Drivers/STM32L4xx_HAL_Driver/Src/stm32l4xx_ll_sdmmc.o
                0x00000000080048ac                SDMMC_CmdBlockLength
 .text.SDMMC_CmdReadSingleBlock
                0x00000000080048f0       0x44 Drivers/STM32L4xx_HAL_Driver/Src/stm32l4xx_ll_sdmmc.o
                0x00000000080048f0                SDMMC_CmdReadSingleBlock
 .text.SDMMC_CmdReadMultiBlock
                0x0000000008004934       0x44 Drivers/STM32L4xx_HAL_Driver/Src/stm32l4xx_ll_sdmmc.o
                0x0000000008004934                SDMMC_CmdReadMultiBlock
 .text.SDMMC_CmdWriteSingleBlock
                0x0000000008004978       0x44 Drivers/STM32L4xx_HAL_Driver/Src/stm32l4xx_ll_sdmmc.o
                0x0000000008004978                SDMMC_CmdWriteSingleBlock
 .text.SDMMC_CmdWriteMultiBlock
                0x00000000080049bc       0x44 Drivers/STM32L4xx_HAL_Driver/Src/stm32l4xx_ll_sdmmc.o
                0x00000000080049bc                SDMMC_CmdWriteMultiBlock
 .text.SDMMC_CmdStopTransfer
                0x0000000008004a00       0x44 Drivers/STM32L4xx_HAL_Driver/Src/stm32l4xx_ll_sdmmc.o
                0x0000000008004a00                SDMMC_CmdStopTransfer
 .text.SDMMC_CmdSelDesel
                0x0000000008004a44       0x46 Drivers/STM32L4xx_HAL_Driver/Src/stm32l4xx_ll_sdmmc.o
                0x0000000008004a44                SDMMC_CmdSelDesel
 .text.SDMMC_CmdGoIdleState
                0x0000000008004a8a       0x3c Drivers/STM32L4xx_HAL_Driver/Src/stm32l4xx_ll_sdmmc.o
                0x0000000008004a8a                SDMMC_CmdGoIdleState
 .text.SDMMC_CmdOperCond
                0x0000000008004ac6       0x3e Drivers/STM32L4xx_HAL_Driver/Src/stm32l4xx_ll_sdmmc.o
                0x0000000008004ac6                SDMMC_CmdOperCond
 .text.SDMMC_CmdAppCommand
                0x0000000008004b04       0x44 Drivers/STM32L4xx_HAL_Driver/Src/stm32l4xx_ll_sdmmc.o
                0x0000000008004b04                SDMMC_CmdAppCommand
 .text.SDMMC_CmdAppOperCommand
                0x0000000008004b48       0x46 Drivers/STM32L4xx_HAL_Driver/Src/stm32l4xx_ll_sdmmc.o
                0x0000000008004b48                SDMMC_CmdAppOperCommand
 .text.SDMMC_CmdSendCID
                0x0000000008004b8e       0x3c Drivers/STM32L4xx_HAL_Driver/Src/stm32l4xx_ll_sdmmc.o
                0x0000000008004b8e                SDMMC_CmdSendCID
 .text.SDMMC_CmdSendCSD
                0x0000000008004bca       0x3e Drivers/STM32L4xx_HAL_Driver/Src/stm32l4xx_ll_sdmmc.o
                0x0000000008004bca                SDMMC_CmdSendCSD
 .text.SDMMC_CmdSetRelAdd
                0x0000000008004c08       0x42 Drivers/STM32L4xx_HAL_Driver/Src/stm32l4xx_ll_sdmmc.o
                0x0000000008004c08                SDMMC_CmdSetRelAdd
 .text.SDMMC_CmdSendStatus
                0x0000000008004c4a       0x44 Drivers/STM32L4xx_HAL_Driver/Src/stm32l4xx_ll_sdmmc.o
                0x0000000008004c4a                SDMMC_CmdSendStatus
 *fill*         0x0000000008004c8e        0x2 
 .text.SDMMC_GetCmdResp1
                0x0000000008004c90      0x1dc Drivers/STM32L4xx_HAL_Driver/Src/stm32l4xx_ll_sdmmc.o
                0x0000000008004c90                SDMMC_GetCmdResp1
 .text.SDMMC_GetCmdResp2
                0x0000000008004e6c       0x90 Drivers/STM32L4xx_HAL_Driver/Src/stm32l4xx_ll_sdmmc.o
                0x0000000008004e6c                SDMMC_GetCmdResp2
 .text.SDMMC_GetCmdResp3
                0x0000000008004efc       0x7c Drivers/STM32L4xx_HAL_Driver/Src/stm32l4xx_ll_sdmmc.o
                0x0000000008004efc                SDMMC_GetCmdResp3
 .text.SDMMC_GetCmdResp6
                0x0000000008004f78       0xec Drivers/STM32L4xx_HAL_Driver/Src/stm32l4xx_ll_sdmmc.o
                0x0000000008004f78                SDMMC_GetCmdResp6
 .text.SDMMC_GetCmdResp7
                0x0000000008005064       0x9c Drivers/STM32L4xx_HAL_Driver/Src/stm32l4xx_ll_sdmmc.o
                0x0000000008005064                SDMMC_GetCmdResp7
 .text.SDMMC_GetCmdError
                0x0000000008005100       0x58 Drivers/STM32L4xx_HAL_Driver/Src/stm32l4xx_ll_sdmmc.o
 .text.MX_FATFS_Init
                0x0000000008005158       0x24 FATFS/App/fatfs.o
                0x0000000008005158                MX_FATFS_Init
 .text.get_fattime
                0x000000000800517c       0x10 FATFS/App/fatfs.o
                0x000000000800517c                get_fattime
 .text.BSP_SD_Init
                0x000000000800518c       0x30 FATFS/Target/bsp_driver_sd.o
                0x000000000800518c                BSP_SD_Init
 .text.BSP_SD_ReadBlocks
                0x00000000080051bc       0x3c FATFS/Target/bsp_driver_sd.o
                0x00000000080051bc                BSP_SD_ReadBlocks
 .text.BSP_SD_WriteBlocks
                0x00000000080051f8       0x3c FATFS/Target/bsp_driver_sd.o
                0x00000000080051f8                BSP_SD_WriteBlocks
 .text.BSP_SD_GetCardState
                0x0000000008005234       0x20 FATFS/Target/bsp_driver_sd.o
                0x0000000008005234                BSP_SD_GetCardState
 .text.BSP_SD_GetCardInfo
                0x0000000008005254       0x1c FATFS/Target/bsp_driver_sd.o
                0x0000000008005254                BSP_SD_GetCardInfo
 .text.HAL_SD_AbortCallback
                0x0000000008005270       0x14 FATFS/Target/bsp_driver_sd.o
                0x0000000008005270                HAL_SD_AbortCallback
 .text.HAL_SD_TxCpltCallback
                0x0000000008005284       0x14 FATFS/Target/bsp_driver_sd.o
                0x0000000008005284                HAL_SD_TxCpltCallback
 .text.HAL_SD_RxCpltCallback
                0x0000000008005298       0x14 FATFS/Target/bsp_driver_sd.o
                0x0000000008005298                HAL_SD_RxCpltCallback
 .text.BSP_SD_AbortCallback
                0x00000000080052ac        0xe FATFS/Target/bsp_driver_sd.o
                0x00000000080052ac                BSP_SD_AbortCallback
 .text.BSP_SD_WriteCpltCallback
                0x00000000080052ba        0xe FATFS/Target/bsp_driver_sd.o
                0x00000000080052ba                BSP_SD_WriteCpltCallback
 .text.BSP_SD_ReadCpltCallback
                0x00000000080052c8        0xe FATFS/Target/bsp_driver_sd.o
                0x00000000080052c8                BSP_SD_ReadCpltCallback
 .text.BSP_SD_IsDetected
                0x00000000080052d6       0x24 FATFS/Target/bsp_driver_sd.o
                0x00000000080052d6                BSP_SD_IsDetected
 .text.BSP_PlatformIsDetected
                0x00000000080052fa       0x2a FATFS/Target/fatfs_platform.o
                0x00000000080052fa                BSP_PlatformIsDetected
 .text.SD_CheckStatus
                0x0000000008005324       0x3c FATFS/Target/sd_diskio.o
 .text.SD_initialize
                0x0000000008005360       0x3c FATFS/Target/sd_diskio.o
                0x0000000008005360                SD_initialize
 .text.SD_status
                0x000000000800539c       0x1c FATFS/Target/sd_diskio.o
                0x000000000800539c                SD_status
 .text.SD_read  0x00000000080053b8       0x42 FATFS/Target/sd_diskio.o
                0x00000000080053b8                SD_read
 .text.SD_write
                0x00000000080053fa       0x42 FATFS/Target/sd_diskio.o
                0x00000000080053fa                SD_write
 .text.SD_ioctl
                0x000000000800543c       0xb0 FATFS/Target/sd_diskio.o
                0x000000000800543c                SD_ioctl
 .text.disk_status
                0x00000000080054ec       0x34 Middlewares/Third_Party/FatFs/src/diskio.o
                0x00000000080054ec                disk_status
 .text.disk_initialize
                0x0000000008005520       0x4c Middlewares/Third_Party/FatFs/src/diskio.o
                0x0000000008005520                disk_initialize
 .text.disk_read
                0x000000000800556c       0x40 Middlewares/Third_Party/FatFs/src/diskio.o
                0x000000000800556c                disk_read
 .text.disk_write
                0x00000000080055ac       0x40 Middlewares/Third_Party/FatFs/src/diskio.o
                0x00000000080055ac                disk_write
 .text.disk_ioctl
                0x00000000080055ec       0x3c Middlewares/Third_Party/FatFs/src/diskio.o
                0x00000000080055ec                disk_ioctl
 .text.ld_word  0x0000000008005628       0x30 Middlewares/Third_Party/FatFs/src/ff.o
 .text.ld_dword
                0x0000000008005658       0x46 Middlewares/Third_Party/FatFs/src/ff.o
 .text.st_word  0x000000000800569e       0x36 Middlewares/Third_Party/FatFs/src/ff.o
 .text.st_dword
                0x00000000080056d4       0x58 Middlewares/Third_Party/FatFs/src/ff.o
 .text.mem_cpy  0x000000000800572c       0x42 Middlewares/Third_Party/FatFs/src/ff.o
 .text.mem_set  0x000000000800576e       0x36 Middlewares/Third_Party/FatFs/src/ff.o
 .text.mem_cmp  0x00000000080057a4       0x4e Middlewares/Third_Party/FatFs/src/ff.o
 .text.chk_chr  0x00000000080057f2       0x36 Middlewares/Third_Party/FatFs/src/ff.o
 .text.chk_lock
                0x0000000008005828       0xb8 Middlewares/Third_Party/FatFs/src/ff.o
 .text.enq_lock
                0x00000000080058e0       0x44 Middlewares/Third_Party/FatFs/src/ff.o
 .text.inc_lock
                0x0000000008005924      0x11c Middlewares/Third_Party/FatFs/src/ff.o
 .text.dec_lock
                0x0000000008005a40       0x78 Middlewares/Third_Party/FatFs/src/ff.o
 .text.clear_lock
                0x0000000008005ab8       0x48 Middlewares/Third_Party/FatFs/src/ff.o
 .text.sync_window
                0x0000000008005b00       0x88 Middlewares/Third_Party/FatFs/src/ff.o
 .text.move_window
                0x0000000008005b88       0x5a Middlewares/Third_Party/FatFs/src/ff.o
 *fill*         0x0000000008005be2        0x2 
 .text.sync_fs  0x0000000008005be4       0xe0 Middlewares/Third_Party/FatFs/src/ff.o
 .text.clust2sect
                0x0000000008005cc4       0x3e Middlewares/Third_Party/FatFs/src/ff.o
 .text.get_fat  0x0000000008005d02      0x1a8 Middlewares/Third_Party/FatFs/src/ff.o
 .text.put_fat  0x0000000008005eaa      0x238 Middlewares/Third_Party/FatFs/src/ff.o
 .text.remove_chain
                0x00000000080060e2       0xca Middlewares/Third_Party/FatFs/src/ff.o
 .text.create_chain
                0x00000000080061ac      0x130 Middlewares/Third_Party/FatFs/src/ff.o
 .text.clmt_clust
                0x00000000080062dc       0x70 Middlewares/Third_Party/FatFs/src/ff.o
 .text.dir_sdi  0x000000000800634c      0x112 Middlewares/Third_Party/FatFs/src/ff.o
 .text.dir_next
                0x000000000800645e      0x1ac Middlewares/Third_Party/FatFs/src/ff.o
 .text.dir_alloc
                0x000000000800660a       0x8e Middlewares/Third_Party/FatFs/src/ff.o
 .text.ld_clust
                0x0000000008006698       0x3e Middlewares/Third_Party/FatFs/src/ff.o
 .text.st_clust
                0x00000000080066d6       0x40 Middlewares/Third_Party/FatFs/src/ff.o
 *fill*         0x0000000008006716        0x2 
 .text.cmp_lfn  0x0000000008006718       0xe0 Middlewares/Third_Party/FatFs/src/ff.o
 .text.put_lfn  0x00000000080067f8       0xd0 Middlewares/Third_Party/FatFs/src/ff.o
 .text.gen_numname
                0x00000000080068c8      0x120 Middlewares/Third_Party/FatFs/src/ff.o
 .text.sum_sfn  0x00000000080069e8       0x42 Middlewares/Third_Party/FatFs/src/ff.o
 .text.dir_find
                0x0000000008006a2a      0x180 Middlewares/Third_Party/FatFs/src/ff.o
 *fill*         0x0000000008006baa        0x2 
 .text.dir_register
                0x0000000008006bac      0x1f0 Middlewares/Third_Party/FatFs/src/ff.o
 .text.create_name
                0x0000000008006d9c      0x370 Middlewares/Third_Party/FatFs/src/ff.o
 .text.follow_path
                0x000000000800710c       0xec Middlewares/Third_Party/FatFs/src/ff.o
 .text.get_ldnumber
                0x00000000080071f8       0x88 Middlewares/Third_Party/FatFs/src/ff.o
 .text.check_fs
                0x0000000008007280       0xac Middlewares/Third_Party/FatFs/src/ff.o
 .text.find_volume
                0x000000000800732c      0x510 Middlewares/Third_Party/FatFs/src/ff.o
 .text.validate
                0x000000000800783c       0x6a Middlewares/Third_Party/FatFs/src/ff.o
 *fill*         0x00000000080078a6        0x2 
 .text.f_mount  0x00000000080078a8       0x8c Middlewares/Third_Party/FatFs/src/ff.o
                0x00000000080078a8                f_mount
 .text.f_open   0x0000000008007934      0x398 Middlewares/Third_Party/FatFs/src/ff.o
                0x0000000008007934                f_open
 .text.f_read   0x0000000008007ccc      0x2be Middlewares/Third_Party/FatFs/src/ff.o
                0x0000000008007ccc                f_read
 .text.f_write  0x0000000008007f8a      0x328 Middlewares/Third_Party/FatFs/src/ff.o
                0x0000000008007f8a                f_write
 .text.f_sync   0x00000000080082b2       0xfc Middlewares/Third_Party/FatFs/src/ff.o
                0x00000000080082b2                f_sync
 .text.f_close  0x00000000080083ae       0x54 Middlewares/Third_Party/FatFs/src/ff.o
                0x00000000080083ae                f_close
 *fill*         0x0000000008008402        0x2 
 .text.FATFS_LinkDriverEx
                0x0000000008008404       0x98 Middlewares/Third_Party/FatFs/src/ff_gen_drv.o
                0x0000000008008404                FATFS_LinkDriverEx
 .text.FATFS_LinkDriver
                0x000000000800849c       0x1e Middlewares/Third_Party/FatFs/src/ff_gen_drv.o
                0x000000000800849c                FATFS_LinkDriver
 *fill*         0x00000000080084ba        0x2 
 .text.ff_convert
                0x00000000080084bc       0x78 Middlewares/Third_Party/FatFs/src/option/ccsbcs.o
                0x00000000080084bc                ff_convert
 .text.ff_wtoupper
                0x0000000008008534      0x114 Middlewares/Third_Party/FatFs/src/option/ccsbcs.o
                0x0000000008008534                ff_wtoupper
 .text.__libc_init_array
                0x0000000008008648       0x48 /opt/st/stm32cubeide_1.6.0/plugins/com.st.stm32cube.ide.mcu.externaltools.gnu-tools-for-stm32.9-2020-q2-update.linux64_1.5.0.202011040924/tools/bin/../lib/gcc/arm-none-eabi/9.3.1/../../../../arm-none-eabi/lib/thumb/v7e-m+fp/hard/libc_nano.a(lib_a-init.o)
                0x0000000008008648                __libc_init_array
 .text.memset   0x0000000008008690       0x10 /opt/st/stm32cubeide_1.6.0/plugins/com.st.stm32cube.ide.mcu.externaltools.gnu-tools-for-stm32.9-2020-q2-update.linux64_1.5.0.202011040924/tools/bin/../lib/gcc/arm-none-eabi/9.3.1/../../../../arm-none-eabi/lib/thumb/v7e-m+fp/hard/libc_nano.a(lib_a-memset.o)
                0x0000000008008690                memset
 *(.glue_7)
 .glue_7        0x00000000080086a0        0x0 linker stubs
 *(.glue_7t)
 .glue_7t       0x00000000080086a0        0x0 linker stubs
 *(.eh_frame)
 .eh_frame      0x00000000080086a0        0x0 /opt/st/stm32cubeide_1.6.0/plugins/com.st.stm32cube.ide.mcu.externaltools.gnu-tools-for-stm32.9-2020-q2-update.linux64_1.5.0.202011040924/tools/bin/../lib/gcc/arm-none-eabi/9.3.1/thumb/v7e-m+fp/hard/crtbegin.o
 *(.init)
 .init          0x00000000080086a0        0x4 /opt/st/stm32cubeide_1.6.0/plugins/com.st.stm32cube.ide.mcu.externaltools.gnu-tools-for-stm32.9-2020-q2-update.linux64_1.5.0.202011040924/tools/bin/../lib/gcc/arm-none-eabi/9.3.1/thumb/v7e-m+fp/hard/crti.o
                0x00000000080086a0                _init
 .init          0x00000000080086a4        0x8 /opt/st/stm32cubeide_1.6.0/plugins/com.st.stm32cube.ide.mcu.externaltools.gnu-tools-for-stm32.9-2020-q2-update.linux64_1.5.0.202011040924/tools/bin/../lib/gcc/arm-none-eabi/9.3.1/thumb/v7e-m+fp/hard/crtn.o
 *(.fini)
 .fini          0x00000000080086ac        0x4 /opt/st/stm32cubeide_1.6.0/plugins/com.st.stm32cube.ide.mcu.externaltools.gnu-tools-for-stm32.9-2020-q2-update.linux64_1.5.0.202011040924/tools/bin/../lib/gcc/arm-none-eabi/9.3.1/thumb/v7e-m+fp/hard/crti.o
                0x00000000080086ac                _fini
 .fini          0x00000000080086b0        0x8 /opt/st/stm32cubeide_1.6.0/plugins/com.st.stm32cube.ide.mcu.externaltools.gnu-tools-for-stm32.9-2020-q2-update.linux64_1.5.0.202011040924/tools/bin/../lib/gcc/arm-none-eabi/9.3.1/thumb/v7e-m+fp/hard/crtn.o
                0x00000000080086b8                . = ALIGN (0x4)
                0x00000000080086b8                _etext = .

.vfp11_veneer   0x00000000080086b8        0x0
 .vfp11_veneer  0x00000000080086b8        0x0 linker stubs

.v4_bx          0x00000000080086b8        0x0
 .v4_bx         0x00000000080086b8        0x0 linker stubs

.iplt           0x00000000080086b8        0x0
 .iplt          0x00000000080086b8        0x0 /opt/st/stm32cubeide_1.6.0/plugins/com.st.stm32cube.ide.mcu.externaltools.gnu-tools-for-stm32.9-2020-q2-update.linux64_1.5.0.202011040924/tools/bin/../lib/gcc/arm-none-eabi/9.3.1/thumb/v7e-m+fp/hard/crtbegin.o

.rodata         0x00000000080086b8      0x520
                0x00000000080086b8                . = ALIGN (0x4)
 *(.rodata)
 .rodata        0x00000000080086b8       0x39 Core/Src/main.o
 *fill*         0x00000000080086f1        0x3 
 .rodata        0x00000000080086f4       0x48 Middlewares/Third_Party/FatFs/src/ff.o
 *(.rodata*)
 .rodata.AHBPrescTable
                0x000000000800873c       0x10 Core/Src/system_stm32l4xx.o
                0x000000000800873c                AHBPrescTable
 .rodata.APBPrescTable
                0x000000000800874c        0x8 Core/Src/system_stm32l4xx.o
                0x000000000800874c                APBPrescTable
 .rodata.MSIRangeTable
                0x0000000008008754       0x30 Core/Src/system_stm32l4xx.o
                0x0000000008008754                MSIRangeTable
 .rodata.SD_Driver
                0x0000000008008784       0x14 FATFS/Target/sd_diskio.o
                0x0000000008008784                SD_Driver
 .rodata.ExCvt  0x0000000008008798       0x80 Middlewares/Third_Party/FatFs/src/ff.o
 .rodata.LfnOfs
                0x0000000008008818        0xd Middlewares/Third_Party/FatFs/src/ff.o
 *fill*         0x0000000008008825        0x3 
 .rodata.Tbl    0x0000000008008828      0x100 Middlewares/Third_Party/FatFs/src/option/ccsbcs.o
 .rodata.cvt1.9521
                0x0000000008008928      0x1f2 Middlewares/Third_Party/FatFs/src/option/ccsbcs.o
 *fill*         0x0000000008008b1a        0x2 
 .rodata.cvt2.9522
                0x0000000008008b1c       0xbc Middlewares/Third_Party/FatFs/src/option/ccsbcs.o
                0x0000000008008bd8                . = ALIGN (0x4)

.rel.dyn        0x0000000008008bd8        0x0
 .rel.iplt      0x0000000008008bd8        0x0 /opt/st/stm32cubeide_1.6.0/plugins/com.st.stm32cube.ide.mcu.externaltools.gnu-tools-for-stm32.9-2020-q2-update.linux64_1.5.0.202011040924/tools/bin/../lib/gcc/arm-none-eabi/9.3.1/thumb/v7e-m+fp/hard/crtbegin.o

.ARM.extab      0x0000000008008bd8        0x0
                0x0000000008008bd8                . = ALIGN (0x4)
 *(.ARM.extab* .gnu.linkonce.armextab.*)
                0x0000000008008bd8                . = ALIGN (0x4)

.ARM            0x0000000008008bd8        0x0
                0x0000000008008bd8                . = ALIGN (0x4)
                0x0000000008008bd8                __exidx_start = .
 *(.ARM.exidx*)
                0x0000000008008bd8                __exidx_end = .
                0x0000000008008bd8                . = ALIGN (0x4)

.preinit_array  0x0000000008008bd8        0x0
                0x0000000008008bd8                . = ALIGN (0x4)
                0x0000000008008bd8                PROVIDE (__preinit_array_start = .)
 *(.preinit_array*)
                0x0000000008008bd8                PROVIDE (__preinit_array_end = .)
                0x0000000008008bd8                . = ALIGN (0x4)

.init_array     0x0000000008008bd8        0x4
                0x0000000008008bd8                . = ALIGN (0x4)
                0x0000000008008bd8                PROVIDE (__init_array_start = .)
 *(SORT_BY_NAME(.init_array.*))
 *(.init_array*)
 .init_array    0x0000000008008bd8        0x4 /opt/st/stm32cubeide_1.6.0/plugins/com.st.stm32cube.ide.mcu.externaltools.gnu-tools-for-stm32.9-2020-q2-update.linux64_1.5.0.202011040924/tools/bin/../lib/gcc/arm-none-eabi/9.3.1/thumb/v7e-m+fp/hard/crtbegin.o
                0x0000000008008bdc                PROVIDE (__init_array_end = .)
                0x0000000008008bdc                . = ALIGN (0x4)

.fini_array     0x0000000008008bdc        0x4
                0x0000000008008bdc                . = ALIGN (0x4)
                [!provide]                        PROVIDE (__fini_array_start = .)
 *(SORT_BY_NAME(.fini_array.*))
 *(.fini_array*)
 .fini_array    0x0000000008008bdc        0x4 /opt/st/stm32cubeide_1.6.0/plugins/com.st.stm32cube.ide.mcu.externaltools.gnu-tools-for-stm32.9-2020-q2-update.linux64_1.5.0.202011040924/tools/bin/../lib/gcc/arm-none-eabi/9.3.1/thumb/v7e-m+fp/hard/crtbegin.o
                [!provide]                        PROVIDE (__fini_array_end = .)
                0x0000000008008be0                . = ALIGN (0x4)
                0x0000000008008be0                _sidata = LOADADDR (.data)

.data           0x0000000020000000        0xc load address 0x0000000008008be0
                0x0000000020000000                . = ALIGN (0x4)
                0x0000000020000000                _sdata = .
 *(.data)
 *(.data*)
 .data.SystemCoreClock
                0x0000000020000000        0x4 Core/Src/system_stm32l4xx.o
                0x0000000020000000                SystemCoreClock
 .data.uwTickPrio
                0x0000000020000004        0x4 Drivers/STM32L4xx_HAL_Driver/Src/stm32l4xx_hal.o
                0x0000000020000004                uwTickPrio
 .data.uwTickFreq
                0x0000000020000008        0x1 Drivers/STM32L4xx_HAL_Driver/Src/stm32l4xx_hal.o
                0x0000000020000008                uwTickFreq
 .data.Stat     0x0000000020000009        0x1 FATFS/Target/sd_diskio.o
 *(.RamFunc)
 *(.RamFunc*)
                0x000000002000000c                . = ALIGN (0x4)
 *fill*         0x000000002000000a        0x2 
                0x000000002000000c                _edata = .

.igot.plt       0x000000002000000c        0x0 load address 0x0000000008008bec
 .igot.plt      0x000000002000000c        0x0 /opt/st/stm32cubeide_1.6.0/plugins/com.st.stm32cube.ide.mcu.externaltools.gnu-tools-for-stm32.9-2020-q2-update.linux64_1.5.0.202011040924/tools/bin/../lib/gcc/arm-none-eabi/9.3.1/thumb/v7e-m+fp/hard/crtbegin.o
                0x000000002000000c                . = ALIGN (0x4)

.bss            0x000000002000000c     0x2348 load address 0x0000000008008bec
                0x000000002000000c                _sbss = .
                0x000000002000000c                __bss_start__ = _sbss
 *(.bss)
 .bss           0x000000002000000c       0x1c /opt/st/stm32cubeide_1.6.0/plugins/com.st.stm32cube.ide.mcu.externaltools.gnu-tools-for-stm32.9-2020-q2-update.linux64_1.5.0.202011040924/tools/bin/../lib/gcc/arm-none-eabi/9.3.1/thumb/v7e-m+fp/hard/crtbegin.o
 *(.bss*)
 .bss.FatFs     0x0000000020000028        0x4 Middlewares/Third_Party/FatFs/src/ff.o
 .bss.Fsid      0x000000002000002c        0x2 Middlewares/Third_Party/FatFs/src/ff.o
 *fill*         0x000000002000002e        0x2 
 .bss.Files     0x0000000020000030       0x20 Middlewares/Third_Party/FatFs/src/ff.o
 .bss.LfnBuf    0x0000000020000050      0x200 Middlewares/Third_Party/FatFs/src/ff.o
 .bss.disk      0x0000000020000250        0xc Middlewares/Third_Party/FatFs/src/ff_gen_drv.o
                0x0000000020000250                disk
 *(COMMON)
 COMMON         0x000000002000025c       0x84 Core/Src/main.o
                0x000000002000025c                hsd1
 COMMON         0x00000000200002e0        0x4 Drivers/STM32L4xx_HAL_Driver/Src/stm32l4xx_hal.o
                0x00000000200002e0                uwTick
 COMMON         0x00000000200002e4     0x2070 FATFS/App/fatfs.o
                0x00000000200002e4                retSD
                0x00000000200002e8                SDPath
                0x00000000200002ec                SDFile
                0x000000002000131c                SDFatFS
                0x0000000020002354                . = ALIGN (0x4)
                0x0000000020002354                _ebss = .
                0x0000000020002354                __bss_end__ = _ebss

._user_heap_stack
                0x0000000020002354     0x1804 load address 0x0000000008008bec
                0x0000000020002358                . = ALIGN (0x8)
 *fill*         0x0000000020002354        0x4 
                [!provide]                        PROVIDE (end = .)
                0x0000000020002358                PROVIDE (_end = .)
                0x0000000020002958                . = (. + _Min_Heap_Size)
 *fill*         0x0000000020002358      0x600 
                0x0000000020003b58                . = (. + _Min_Stack_Size)
 *fill*         0x0000000020002958     0x1200 
                0x0000000020003b58                . = ALIGN (0x8)

/DISCARD/
 libc.a(*)
 libm.a(*)
 libgcc.a(*)

.ARM.attributes
                0x0000000000000000       0x30
 *(.ARM.attributes)
 .ARM.attributes
                0x0000000000000000       0x1e /opt/st/stm32cubeide_1.6.0/plugins/com.st.stm32cube.ide.mcu.externaltools.gnu-tools-for-stm32.9-2020-q2-update.linux64_1.5.0.202011040924/tools/bin/../lib/gcc/arm-none-eabi/9.3.1/thumb/v7e-m+fp/hard/crti.o
 .ARM.attributes
                0x000000000000001e       0x34 /opt/st/stm32cubeide_1.6.0/plugins/com.st.stm32cube.ide.mcu.externaltools.gnu-tools-for-stm32.9-2020-q2-update.linux64_1.5.0.202011040924/tools/bin/../lib/gcc/arm-none-eabi/9.3.1/thumb/v7e-m+fp/hard/crtbegin.o
 .ARM.attributes
                0x0000000000000052       0x34 Core/Src/main.o
 .ARM.attributes
                0x0000000000000086       0x34 Core/Src/sd_card.o
 .ARM.attributes
                0x00000000000000ba       0x34 Core/Src/stm32l4xx_hal_msp.o
 .ARM.attributes
                0x00000000000000ee       0x34 Core/Src/stm32l4xx_it.o
 .ARM.attributes
                0x0000000000000122       0x34 Core/Src/system_stm32l4xx.o
 .ARM.attributes
                0x0000000000000156       0x21 Core/Startup/startup_stm32l476rgtx.o
 .ARM.attributes
                0x0000000000000177       0x34 Drivers/STM32L4xx_HAL_Driver/Src/stm32l4xx_hal.o
 .ARM.attributes
                0x00000000000001ab       0x34 Drivers/STM32L4xx_HAL_Driver/Src/stm32l4xx_hal_cortex.o
 .ARM.attributes
                0x00000000000001df       0x34 Drivers/STM32L4xx_HAL_Driver/Src/stm32l4xx_hal_dma.o
 .ARM.attributes
                0x0000000000000213       0x34 Drivers/STM32L4xx_HAL_Driver/Src/stm32l4xx_hal_gpio.o
 .ARM.attributes
                0x0000000000000247       0x34 Drivers/STM32L4xx_HAL_Driver/Src/stm32l4xx_hal_pwr_ex.o
 .ARM.attributes
                0x000000000000027b       0x34 Drivers/STM32L4xx_HAL_Driver/Src/stm32l4xx_hal_rcc.o
 .ARM.attributes
                0x00000000000002af       0x34 Drivers/STM32L4xx_HAL_Driver/Src/stm32l4xx_hal_rcc_ex.o
 .ARM.attributes
                0x00000000000002e3       0x34 Drivers/STM32L4xx_HAL_Driver/Src/stm32l4xx_hal_sd.o
 .ARM.attributes
                0x0000000000000317       0x34 Drivers/STM32L4xx_HAL_Driver/Src/stm32l4xx_ll_sdmmc.o
 .ARM.attributes
                0x000000000000034b       0x34 FATFS/App/fatfs.o
 .ARM.attributes
                0x000000000000037f       0x34 FATFS/Target/bsp_driver_sd.o
 .ARM.attributes
                0x00000000000003b3       0x34 FATFS/Target/fatfs_platform.o
 .ARM.attributes
                0x00000000000003e7       0x34 FATFS/Target/sd_diskio.o
 .ARM.attributes
                0x000000000000041b       0x34 Middlewares/Third_Party/FatFs/src/diskio.o
 .ARM.attributes
                0x000000000000044f       0x34 Middlewares/Third_Party/FatFs/src/ff.o
 .ARM.attributes
                0x0000000000000483       0x34 Middlewares/Third_Party/FatFs/src/ff_gen_drv.o
 .ARM.attributes
                0x00000000000004b7       0x34 Middlewares/Third_Party/FatFs/src/option/ccsbcs.o
 .ARM.attributes
                0x00000000000004eb       0x34 /opt/st/stm32cubeide_1.6.0/plugins/com.st.stm32cube.ide.mcu.externaltools.gnu-tools-for-stm32.9-2020-q2-update.linux64_1.5.0.202011040924/tools/bin/../lib/gcc/arm-none-eabi/9.3.1/../../../../arm-none-eabi/lib/thumb/v7e-m+fp/hard/libc_nano.a(lib_a-init.o)
 .ARM.attributes
                0x000000000000051f       0x34 /opt/st/stm32cubeide_1.6.0/plugins/com.st.stm32cube.ide.mcu.externaltools.gnu-tools-for-stm32.9-2020-q2-update.linux64_1.5.0.202011040924/tools/bin/../lib/gcc/arm-none-eabi/9.3.1/../../../../arm-none-eabi/lib/thumb/v7e-m+fp/hard/libc_nano.a(lib_a-memset.o)
 .ARM.attributes
                0x0000000000000553       0x17 /opt/st/stm32cubeide_1.6.0/plugins/com.st.stm32cube.ide.mcu.externaltools.gnu-tools-for-stm32.9-2020-q2-update.linux64_1.5.0.202011040924/tools/bin/../lib/gcc/arm-none-eabi/9.3.1/../../../../arm-none-eabi/lib/thumb/v7e-m+fp/hard/libc_nano.a(lib_a-strlen.o)
 .ARM.attributes
                0x000000000000056a       0x1e /opt/st/stm32cubeide_1.6.0/plugins/com.st.stm32cube.ide.mcu.externaltools.gnu-tools-for-stm32.9-2020-q2-update.linux64_1.5.0.202011040924/tools/bin/../lib/gcc/arm-none-eabi/9.3.1/thumb/v7e-m+fp/hard/crtn.o
OUTPUT(SD_Example.elf elf32-littlearm)
LOAD linker stubs
LOAD /opt/st/stm32cubeide_1.6.0/plugins/com.st.stm32cube.ide.mcu.externaltools.gnu-tools-for-stm32.9-2020-q2-update.linux64_1.5.0.202011040924/tools/bin/../lib/gcc/arm-none-eabi/9.3.1/../../../../arm-none-eabi/lib/thumb/v7e-m+fp/hard/libc.a
LOAD /opt/st/stm32cubeide_1.6.0/plugins/com.st.stm32cube.ide.mcu.externaltools.gnu-tools-for-stm32.9-2020-q2-update.linux64_1.5.0.202011040924/tools/bin/../lib/gcc/arm-none-eabi/9.3.1/../../../../arm-none-eabi/lib/thumb/v7e-m+fp/hard/libm.a
LOAD /opt/st/stm32cubeide_1.6.0/plugins/com.st.stm32cube.ide.mcu.externaltools.gnu-tools-for-stm32.9-2020-q2-update.linux64_1.5.0.202011040924/tools/bin/../lib/gcc/arm-none-eabi/9.3.1/thumb/v7e-m+fp/hard/libgcc.a

.debug_info     0x0000000000000000    0x177de
 .debug_info    0x0000000000000000     0x1f4b Core/Src/main.o
 .debug_info    0x0000000000001f4b     0x11bf Core/Src/sd_card.o
 .debug_info    0x000000000000310a     0x1791 Core/Src/stm32l4xx_hal_msp.o
 .debug_info    0x000000000000489b     0x11c8 Core/Src/stm32l4xx_it.o
 .debug_info    0x0000000000005a63      0x794 Core/Src/system_stm32l4xx.o
 .debug_info    0x00000000000061f7       0x22 Core/Startup/startup_stm32l476rgtx.o
 .debug_info    0x0000000000006219      0xcb9 Drivers/STM32L4xx_HAL_Driver/Src/stm32l4xx_hal.o
 .debug_info    0x0000000000006ed2     0x102e Drivers/STM32L4xx_HAL_Driver/Src/stm32l4xx_hal_cortex.o
 .debug_info    0x0000000000007f00      0x973 Drivers/STM32L4xx_HAL_Driver/Src/stm32l4xx_hal_dma.o
 .debug_info    0x0000000000008873      0xa5f Drivers/STM32L4xx_HAL_Driver/Src/stm32l4xx_hal_gpio.o
 .debug_info    0x00000000000092d2      0xbda Drivers/STM32L4xx_HAL_Driver/Src/stm32l4xx_hal_pwr_ex.o
 .debug_info    0x0000000000009eac      0xe0b Drivers/STM32L4xx_HAL_Driver/Src/stm32l4xx_hal_rcc.o
 .debug_info    0x000000000000acb7     0x103f Drivers/STM32L4xx_HAL_Driver/Src/stm32l4xx_hal_rcc_ex.o
 .debug_info    0x000000000000bcf6     0x1b64 Drivers/STM32L4xx_HAL_Driver/Src/stm32l4xx_hal_sd.o
 .debug_info    0x000000000000d85a     0x1406 Drivers/STM32L4xx_HAL_Driver/Src/stm32l4xx_ll_sdmmc.o
 .debug_info    0x000000000000ec60      0xfe6 FATFS/App/fatfs.o
 .debug_info    0x000000000000fc46      0xbc3 FATFS/Target/bsp_driver_sd.o
 .debug_info    0x0000000000010809      0x3f1 FATFS/Target/fatfs_platform.o
 .debug_info    0x0000000000010bfa      0xf38 FATFS/Target/sd_diskio.o
 .debug_info    0x0000000000011b32      0xef9 Middlewares/Third_Party/FatFs/src/diskio.o
 .debug_info    0x0000000000012a2b     0x3262 Middlewares/Third_Party/FatFs/src/ff.o
 .debug_info    0x0000000000015c8d      0xe8a Middlewares/Third_Party/FatFs/src/ff_gen_drv.o
 .debug_info    0x0000000000016b17      0xcc7 Middlewares/Third_Party/FatFs/src/option/ccsbcs.o

.debug_abbrev   0x0000000000000000     0x3023
 .debug_abbrev  0x0000000000000000      0x2c6 Core/Src/main.o
 .debug_abbrev  0x00000000000002c6      0x231 Core/Src/sd_card.o
 .debug_abbrev  0x00000000000004f7      0x221 Core/Src/stm32l4xx_hal_msp.o
 .debug_abbrev  0x0000000000000718      0x1e0 Core/Src/stm32l4xx_it.o
 .debug_abbrev  0x00000000000008f8      0x16e Core/Src/system_stm32l4xx.o
 .debug_abbrev  0x0000000000000a66       0x12 Core/Startup/startup_stm32l476rgtx.o
 .debug_abbrev  0x0000000000000a78      0x227 Drivers/STM32L4xx_HAL_Driver/Src/stm32l4xx_hal.o
 .debug_abbrev  0x0000000000000c9f      0x33c Drivers/STM32L4xx_HAL_Driver/Src/stm32l4xx_hal_cortex.o
 .debug_abbrev  0x0000000000000fdb      0x201 Drivers/STM32L4xx_HAL_Driver/Src/stm32l4xx_hal_dma.o
 .debug_abbrev  0x00000000000011dc      0x1e8 Drivers/STM32L4xx_HAL_Driver/Src/stm32l4xx_hal_gpio.o
 .debug_abbrev  0x00000000000013c4      0x1f3 Drivers/STM32L4xx_HAL_Driver/Src/stm32l4xx_hal_pwr_ex.o
 .debug_abbrev  0x00000000000015b7      0x275 Drivers/STM32L4xx_HAL_Driver/Src/stm32l4xx_hal_rcc.o
 .debug_abbrev  0x000000000000182c      0x268 Drivers/STM32L4xx_HAL_Driver/Src/stm32l4xx_hal_rcc_ex.o
 .debug_abbrev  0x0000000000001a94      0x26d Drivers/STM32L4xx_HAL_Driver/Src/stm32l4xx_hal_sd.o
 .debug_abbrev  0x0000000000001d01      0x1e1 Drivers/STM32L4xx_HAL_Driver/Src/stm32l4xx_ll_sdmmc.o
 .debug_abbrev  0x0000000000001ee2      0x209 FATFS/App/fatfs.o
 .debug_abbrev  0x00000000000020eb      0x24a FATFS/Target/bsp_driver_sd.o
 .debug_abbrev  0x0000000000002335      0x12b FATFS/Target/fatfs_platform.o
 .debug_abbrev  0x0000000000002460      0x228 FATFS/Target/sd_diskio.o
 .debug_abbrev  0x0000000000002688      0x237 Middlewares/Third_Party/FatFs/src/diskio.o
 .debug_abbrev  0x00000000000028bf      0x2e1 Middlewares/Third_Party/FatFs/src/ff.o
 .debug_abbrev  0x0000000000002ba0      0x268 Middlewares/Third_Party/FatFs/src/ff_gen_drv.o
 .debug_abbrev  0x0000000000002e08      0x21b Middlewares/Third_Party/FatFs/src/option/ccsbcs.o

.debug_aranges  0x0000000000000000      0xe00
 .debug_aranges
                0x0000000000000000       0x40 Core/Src/main.o
 .debug_aranges
                0x0000000000000040       0x28 Core/Src/sd_card.o
 .debug_aranges
                0x0000000000000068       0x30 Core/Src/stm32l4xx_hal_msp.o
 .debug_aranges
                0x0000000000000098       0x68 Core/Src/stm32l4xx_it.o
 .debug_aranges
                0x0000000000000100       0x28 Core/Src/system_stm32l4xx.o
 .debug_aranges
                0x0000000000000128       0x28 Core/Startup/startup_stm32l476rgtx.o
 .debug_aranges
                0x0000000000000150      0x130 Drivers/STM32L4xx_HAL_Driver/Src/stm32l4xx_hal.o
 .debug_aranges
                0x0000000000000280      0x118 Drivers/STM32L4xx_HAL_Driver/Src/stm32l4xx_hal_cortex.o
 .debug_aranges
                0x0000000000000398       0x80 Drivers/STM32L4xx_HAL_Driver/Src/stm32l4xx_hal_dma.o
 .debug_aranges
                0x0000000000000418       0x58 Drivers/STM32L4xx_HAL_Driver/Src/stm32l4xx_hal_gpio.o
 .debug_aranges
                0x0000000000000470      0x150 Drivers/STM32L4xx_HAL_Driver/Src/stm32l4xx_hal_pwr_ex.o
 .debug_aranges
                0x00000000000005c0       0x88 Drivers/STM32L4xx_HAL_Driver/Src/stm32l4xx_hal_rcc.o
 .debug_aranges
                0x0000000000000648       0xc0 Drivers/STM32L4xx_HAL_Driver/Src/stm32l4xx_hal_rcc_ex.o
 .debug_aranges
                0x0000000000000708      0x168 Drivers/STM32L4xx_HAL_Driver/Src/stm32l4xx_hal_sd.o
 .debug_aranges
                0x0000000000000870      0x188 Drivers/STM32L4xx_HAL_Driver/Src/stm32l4xx_ll_sdmmc.o
 .debug_aranges
                0x00000000000009f8       0x28 FATFS/App/fatfs.o
 .debug_aranges
                0x0000000000000a20       0x98 FATFS/Target/bsp_driver_sd.o
 .debug_aranges
                0x0000000000000ab8       0x20 FATFS/Target/fatfs_platform.o
 .debug_aranges
                0x0000000000000ad8       0x48 FATFS/Target/sd_diskio.o
 .debug_aranges
                0x0000000000000b20       0x48 Middlewares/Third_Party/FatFs/src/diskio.o
 .debug_aranges
                0x0000000000000b68      0x230 Middlewares/Third_Party/FatFs/src/ff.o
 .debug_aranges
                0x0000000000000d98       0x40 Middlewares/Third_Party/FatFs/src/ff_gen_drv.o
 .debug_aranges
                0x0000000000000dd8       0x28 Middlewares/Third_Party/FatFs/src/option/ccsbcs.o

.debug_ranges   0x0000000000000000      0xc98
 .debug_ranges  0x0000000000000000       0x30 Core/Src/main.o
 .debug_ranges  0x0000000000000030       0x18 Core/Src/sd_card.o
 .debug_ranges  0x0000000000000048       0x20 Core/Src/stm32l4xx_hal_msp.o
 .debug_ranges  0x0000000000000068       0x58 Core/Src/stm32l4xx_it.o
 .debug_ranges  0x00000000000000c0       0x18 Core/Src/system_stm32l4xx.o
 .debug_ranges  0x00000000000000d8       0x20 Core/Startup/startup_stm32l476rgtx.o
 .debug_ranges  0x00000000000000f8      0x120 Drivers/STM32L4xx_HAL_Driver/Src/stm32l4xx_hal.o
 .debug_ranges  0x0000000000000218      0x108 Drivers/STM32L4xx_HAL_Driver/Src/stm32l4xx_hal_cortex.o
 .debug_ranges  0x0000000000000320       0x70 Drivers/STM32L4xx_HAL_Driver/Src/stm32l4xx_hal_dma.o
 .debug_ranges  0x0000000000000390       0x48 Drivers/STM32L4xx_HAL_Driver/Src/stm32l4xx_hal_gpio.o
 .debug_ranges  0x00000000000003d8      0x140 Drivers/STM32L4xx_HAL_Driver/Src/stm32l4xx_hal_pwr_ex.o
 .debug_ranges  0x0000000000000518       0x78 Drivers/STM32L4xx_HAL_Driver/Src/stm32l4xx_hal_rcc.o
 .debug_ranges  0x0000000000000590       0xb0 Drivers/STM32L4xx_HAL_Driver/Src/stm32l4xx_hal_rcc_ex.o
 .debug_ranges  0x0000000000000640      0x158 Drivers/STM32L4xx_HAL_Driver/Src/stm32l4xx_hal_sd.o
 .debug_ranges  0x0000000000000798      0x178 Drivers/STM32L4xx_HAL_Driver/Src/stm32l4xx_ll_sdmmc.o
 .debug_ranges  0x0000000000000910       0x18 FATFS/App/fatfs.o
 .debug_ranges  0x0000000000000928       0x88 FATFS/Target/bsp_driver_sd.o
 .debug_ranges  0x00000000000009b0       0x10 FATFS/Target/fatfs_platform.o
 .debug_ranges  0x00000000000009c0       0x38 FATFS/Target/sd_diskio.o
 .debug_ranges  0x00000000000009f8       0x38 Middlewares/Third_Party/FatFs/src/diskio.o
 .debug_ranges  0x0000000000000a30      0x220 Middlewares/Third_Party/FatFs/src/ff.o
 .debug_ranges  0x0000000000000c50       0x30 Middlewares/Third_Party/FatFs/src/ff_gen_drv.o
 .debug_ranges  0x0000000000000c80       0x18 Middlewares/Third_Party/FatFs/src/option/ccsbcs.o

.debug_macro    0x0000000000000000    0x28294
 .debug_macro   0x0000000000000000      0x35a Core/Src/main.o
 .debug_macro   0x000000000000035a      0xaa8 Core/Src/main.o
 .debug_macro   0x0000000000000e02      0x1a7 Core/Src/main.o
 .debug_macro   0x0000000000000fa9       0x2e Core/Src/main.o
 .debug_macro   0x0000000000000fd7       0x28 Core/Src/main.o
 .debug_macro   0x0000000000000fff       0x22 Core/Src/main.o
 .debug_macro   0x0000000000001021       0x8e Core/Src/main.o
 .debug_macro   0x00000000000010af       0x51 Core/Src/main.o
 .debug_macro   0x0000000000001100      0x103 Core/Src/main.o
 .debug_macro   0x0000000000001203       0x6a Core/Src/main.o
 .debug_macro   0x000000000000126d      0x1df Core/Src/main.o
 .debug_macro   0x000000000000144c       0x1c Core/Src/main.o
 .debug_macro   0x0000000000001468       0x22 Core/Src/main.o
 .debug_macro   0x000000000000148a      0x101 Core/Src/main.o
 .debug_macro   0x000000000000158b     0x1011 Core/Src/main.o
 .debug_macro   0x000000000000259c      0x11f Core/Src/main.o
 .debug_macro   0x00000000000026bb    0x1a13d Core/Src/main.o
 .debug_macro   0x000000000001c7f8       0x43 Core/Src/main.o
 .debug_macro   0x000000000001c83b     0x3897 Core/Src/main.o
 .debug_macro   0x00000000000200d2      0x174 Core/Src/main.o
 .debug_macro   0x0000000000020246       0x5c Core/Src/main.o
 .debug_macro   0x00000000000202a2     0x155f Core/Src/main.o
 .debug_macro   0x0000000000021801      0x59e Core/Src/main.o
 .debug_macro   0x0000000000021d9f      0x13d Core/Src/main.o
 .debug_macro   0x0000000000021edc      0x18b Core/Src/main.o
 .debug_macro   0x0000000000022067      0x26b Core/Src/main.o
 .debug_macro   0x00000000000222d2      0x23d Core/Src/main.o
 .debug_macro   0x000000000002250f      0x241 Core/Src/main.o
 .debug_macro   0x0000000000022750      0x37c Core/Src/main.o
 .debug_macro   0x0000000000022acc       0xd6 Core/Src/main.o
 .debug_macro   0x0000000000022ba2      0x22c Core/Src/main.o
 .debug_macro   0x0000000000022dce       0x61 Core/Src/main.o
 .debug_macro   0x0000000000022e2f       0xa5 Core/Src/main.o
 .debug_macro   0x0000000000022ed4      0x122 Core/Src/main.o
 .debug_macro   0x0000000000022ff6      0x3e9 Core/Src/main.o
 .debug_macro   0x00000000000233df      0x773 Core/Src/main.o
 .debug_macro   0x0000000000023b52      0x1d5 Core/Src/main.o
 .debug_macro   0x0000000000023d27      0x331 Core/Src/main.o
 .debug_macro   0x0000000000024058       0x52 Core/Src/main.o
 .debug_macro   0x00000000000240aa       0x18 Core/Src/main.o
 .debug_macro   0x00000000000240c2       0x3c Core/Src/main.o
 .debug_macro   0x00000000000240fe       0x34 Core/Src/main.o
 .debug_macro   0x0000000000024132       0x16 Core/Src/main.o
 .debug_macro   0x0000000000024148       0x43 Core/Src/main.o
 .debug_macro   0x000000000002418b       0x34 Core/Src/main.o
 .debug_macro   0x00000000000241bf       0x10 Core/Src/main.o
 .debug_macro   0x00000000000241cf       0x58 Core/Src/main.o
 .debug_macro   0x0000000000024227       0x71 Core/Src/main.o
 .debug_macro   0x0000000000024298       0x1c Core/Src/main.o
 .debug_macro   0x00000000000242b4      0x12a Core/Src/main.o
 .debug_macro   0x00000000000243de      0x333 Core/Src/main.o
 .debug_macro   0x0000000000024711       0x10 Core/Src/main.o
 .debug_macro   0x0000000000024721       0x35 Core/Src/main.o
 .debug_macro   0x0000000000024756       0x20 Core/Src/main.o
 .debug_macro   0x0000000000024776       0x10 Core/Src/main.o
 .debug_macro   0x0000000000024786       0x1c Core/Src/main.o
 .debug_macro   0x00000000000247a2       0x40 Core/Src/main.o
 .debug_macro   0x00000000000247e2       0xe5 Core/Src/main.o
 .debug_macro   0x00000000000248c7       0x16 Core/Src/main.o
 .debug_macro   0x00000000000248dd       0x16 Core/Src/main.o
 .debug_macro   0x00000000000248f3       0x29 Core/Src/main.o
 .debug_macro   0x000000000002491c       0x12 Core/Src/main.o
 .debug_macro   0x000000000002492e       0xe2 Core/Src/main.o
 .debug_macro   0x0000000000024a10       0x8e Core/Src/main.o
 .debug_macro   0x0000000000024a9e      0x35a Core/Src/sd_card.o
 .debug_macro   0x0000000000024df8      0x2a7 Core/Src/stm32l4xx_hal_msp.o
 .debug_macro   0x000000000002509f      0x2b1 Core/Src/stm32l4xx_it.o
 .debug_macro   0x0000000000025350      0x1d0 Core/Src/system_stm32l4xx.o
 .debug_macro   0x0000000000025520      0x218 Drivers/STM32L4xx_HAL_Driver/Src/stm32l4xx_hal.o
 .debug_macro   0x0000000000025738      0x1ca Drivers/STM32L4xx_HAL_Driver/Src/stm32l4xx_hal_cortex.o
 .debug_macro   0x0000000000025902      0x1ca Drivers/STM32L4xx_HAL_Driver/Src/stm32l4xx_hal_dma.o
 .debug_macro   0x0000000000025acc      0x209 Drivers/STM32L4xx_HAL_Driver/Src/stm32l4xx_hal_gpio.o
 .debug_macro   0x0000000000025cd5      0x1ee Drivers/STM32L4xx_HAL_Driver/Src/stm32l4xx_hal_pwr_ex.o
 .debug_macro   0x0000000000025ec3      0x20c Drivers/STM32L4xx_HAL_Driver/Src/stm32l4xx_hal_rcc.o
 .debug_macro   0x00000000000260cf      0x200 Drivers/STM32L4xx_HAL_Driver/Src/stm32l4xx_hal_rcc_ex.o
 .debug_macro   0x00000000000262cf      0x1e0 Drivers/STM32L4xx_HAL_Driver/Src/stm32l4xx_hal_sd.o
 .debug_macro   0x00000000000264af      0x1cb Drivers/STM32L4xx_HAL_Driver/Src/stm32l4xx_ll_sdmmc.o
 .debug_macro   0x000000000002667a      0x34c FATFS/App/fatfs.o
 .debug_macro   0x00000000000269c6      0x1e2 FATFS/Target/bsp_driver_sd.o
 .debug_macro   0x0000000000026ba8      0x1d3 FATFS/Target/fatfs_platform.o
 .debug_macro   0x0000000000026d7b      0x34f FATFS/Target/sd_diskio.o
 .debug_macro   0x00000000000270ca       0x16 FATFS/Target/sd_diskio.o
 .debug_macro   0x00000000000270e0       0x7c FATFS/Target/sd_diskio.o
 .debug_macro   0x000000000002715c      0x339 Middlewares/Third_Party/FatFs/src/diskio.o
 .debug_macro   0x0000000000027495      0x747 Middlewares/Third_Party/FatFs/src/ff.o
 .debug_macro   0x0000000000027bdc       0x58 Middlewares/Third_Party/FatFs/src/ff.o
 .debug_macro   0x0000000000027c34      0x339 Middlewares/Third_Party/FatFs/src/ff_gen_drv.o
 .debug_macro   0x0000000000027f6d      0x327 Middlewares/Third_Party/FatFs/src/option/ccsbcs.o

.debug_line     0x0000000000000000    0x13244
 .debug_line    0x0000000000000000      0xa31 Core/Src/main.o
 .debug_line    0x0000000000000a31      0x956 Core/Src/sd_card.o
 .debug_line    0x0000000000001387      0x858 Core/Src/stm32l4xx_hal_msp.o
 .debug_line    0x0000000000001bdf      0x8d0 Core/Src/stm32l4xx_it.o
 .debug_line    0x00000000000024af      0x767 Core/Src/system_stm32l4xx.o
 .debug_line    0x0000000000002c16       0x87 Core/Startup/startup_stm32l476rgtx.o
 .debug_line    0x0000000000002c9d      0xa8e Drivers/STM32L4xx_HAL_Driver/Src/stm32l4xx_hal.o
 .debug_line    0x000000000000372b      0xc35 Drivers/STM32L4xx_HAL_Driver/Src/stm32l4xx_hal_cortex.o
 .debug_line    0x0000000000004360      0xc6d Drivers/STM32L4xx_HAL_Driver/Src/stm32l4xx_hal_dma.o
 .debug_line    0x0000000000004fcd      0xb08 Drivers/STM32L4xx_HAL_Driver/Src/stm32l4xx_hal_gpio.o
 .debug_line    0x0000000000005ad5      0xc4a Drivers/STM32L4xx_HAL_Driver/Src/stm32l4xx_hal_pwr_ex.o
 .debug_line    0x000000000000671f      0xed2 Drivers/STM32L4xx_HAL_Driver/Src/stm32l4xx_hal_rcc.o
 .debug_line    0x00000000000075f1     0x1447 Drivers/STM32L4xx_HAL_Driver/Src/stm32l4xx_hal_rcc_ex.o
 .debug_line    0x0000000000008a38     0x1dea Drivers/STM32L4xx_HAL_Driver/Src/stm32l4xx_hal_sd.o
 .debug_line    0x000000000000a822      0xf1a Drivers/STM32L4xx_HAL_Driver/Src/stm32l4xx_ll_sdmmc.o
 .debug_line    0x000000000000b73c      0x8da FATFS/App/fatfs.o
 .debug_line    0x000000000000c016      0x86d FATFS/Target/bsp_driver_sd.o
 .debug_line    0x000000000000c883      0x6b4 FATFS/Target/fatfs_platform.o
 .debug_line    0x000000000000cf37      0x9be FATFS/Target/sd_diskio.o
 .debug_line    0x000000000000d8f5      0x94b Middlewares/Third_Party/FatFs/src/diskio.o
 .debug_line    0x000000000000e240     0x3cf2 Middlewares/Third_Party/FatFs/src/ff.o
 .debug_line    0x0000000000011f32      0x969 Middlewares/Third_Party/FatFs/src/ff_gen_drv.o
 .debug_line    0x000000000001289b      0x9a9 Middlewares/Third_Party/FatFs/src/option/ccsbcs.o

.debug_str      0x0000000000000000    0xeab07
 .debug_str     0x0000000000000000    0xe6a35 Core/Src/main.o
                                      0xe6ea9 (size before relaxing)
 .debug_str     0x00000000000e6a35       0x52 Core/Src/sd_card.o
                                      0xe64ce (size before relaxing)
 .debug_str     0x00000000000e6a87      0x48b Core/Src/stm32l4xx_hal_msp.o
                                      0xe6377 (size before relaxing)
 .debug_str     0x00000000000e6f12       0xbd Core/Src/stm32l4xx_it.o
                                      0xe5d61 (size before relaxing)
 .debug_str     0x00000000000e6fcf       0xcd Core/Src/system_stm32l4xx.o
                                      0xe2864 (size before relaxing)
 .debug_str     0x00000000000e709c       0x36 Core/Startup/startup_stm32l476rgtx.o
                                         0x5e (size before relaxing)
 .debug_str     0x00000000000e70d2      0x5bb Drivers/STM32L4xx_HAL_Driver/Src/stm32l4xx_hal.o
                                      0xe3348 (size before relaxing)
 .debug_str     0x00000000000e768d      0x389 Drivers/STM32L4xx_HAL_Driver/Src/stm32l4xx_hal_cortex.o
                                      0xe30b8 (size before relaxing)
 .debug_str     0x00000000000e7a16      0x25d Drivers/STM32L4xx_HAL_Driver/Src/stm32l4xx_hal_dma.o
                                      0xe2abc (size before relaxing)
 .debug_str     0x00000000000e7c73      0x252 Drivers/STM32L4xx_HAL_Driver/Src/stm32l4xx_hal_gpio.o
                                      0xe2ae3 (size before relaxing)
 .debug_str     0x00000000000e7ec5      0x4b4 Drivers/STM32L4xx_HAL_Driver/Src/stm32l4xx_hal_pwr_ex.o
                                      0xe2d7f (size before relaxing)
 .debug_str     0x00000000000e8379      0x3b5 Drivers/STM32L4xx_HAL_Driver/Src/stm32l4xx_hal_rcc.o
                                      0xe2e26 (size before relaxing)
 .debug_str     0x00000000000e872e      0x3a6 Drivers/STM32L4xx_HAL_Driver/Src/stm32l4xx_hal_rcc_ex.o
                                      0xe2fb7 (size before relaxing)
 .debug_str     0x00000000000e8ad4      0x737 Drivers/STM32L4xx_HAL_Driver/Src/stm32l4xx_hal_sd.o
                                      0xe329f (size before relaxing)
 .debug_str     0x00000000000e920b      0x485 Drivers/STM32L4xx_HAL_Driver/Src/stm32l4xx_ll_sdmmc.o
                                      0xe2cb3 (size before relaxing)
 .debug_str     0x00000000000e9690       0x2f FATFS/App/fatfs.o
                                      0xe6304 (size before relaxing)
 .debug_str     0x00000000000e96bf      0x154 FATFS/Target/bsp_driver_sd.o
                                      0xe2da6 (size before relaxing)
 .debug_str     0x00000000000e9813       0x38 FATFS/Target/fatfs_platform.o
                                      0xe275c (size before relaxing)
 .debug_str     0x00000000000e984b       0xa0 FATFS/Target/sd_diskio.o
                                      0xe62de (size before relaxing)
 .debug_str     0x00000000000e98eb       0x57 Middlewares/Third_Party/FatFs/src/diskio.o
                                      0xe621d (size before relaxing)
 .debug_str     0x00000000000e9942     0x10c3 Middlewares/Third_Party/FatFs/src/ff.o
                                      0xe74cf (size before relaxing)
 .debug_str     0x00000000000eaa05       0xa2 Middlewares/Third_Party/FatFs/src/ff_gen_drv.o
                                      0xe626e (size before relaxing)
 .debug_str     0x00000000000eaaa7       0x60 Middlewares/Third_Party/FatFs/src/option/ccsbcs.o
                                      0xe6004 (size before relaxing)

.comment        0x0000000000000000       0x53
 .comment       0x0000000000000000       0x53 Core/Src/main.o
                                         0x54 (size before relaxing)
 .comment       0x0000000000000053       0x54 Core/Src/sd_card.o
 .comment       0x0000000000000053       0x54 Core/Src/stm32l4xx_hal_msp.o
 .comment       0x0000000000000053       0x54 Core/Src/stm32l4xx_it.o
 .comment       0x0000000000000053       0x54 Core/Src/system_stm32l4xx.o
 .comment       0x0000000000000053       0x54 Drivers/STM32L4xx_HAL_Driver/Src/stm32l4xx_hal.o
 .comment       0x0000000000000053       0x54 Drivers/STM32L4xx_HAL_Driver/Src/stm32l4xx_hal_cortex.o
 .comment       0x0000000000000053       0x54 Drivers/STM32L4xx_HAL_Driver/Src/stm32l4xx_hal_dma.o
 .comment       0x0000000000000053       0x54 Drivers/STM32L4xx_HAL_Driver/Src/stm32l4xx_hal_gpio.o
 .comment       0x0000000000000053       0x54 Drivers/STM32L4xx_HAL_Driver/Src/stm32l4xx_hal_pwr_ex.o
 .comment       0x0000000000000053       0x54 Drivers/STM32L4xx_HAL_Driver/Src/stm32l4xx_hal_rcc.o
 .comment       0x0000000000000053       0x54 Drivers/STM32L4xx_HAL_Driver/Src/stm32l4xx_hal_rcc_ex.o
 .comment       0x0000000000000053       0x54 Drivers/STM32L4xx_HAL_Driver/Src/stm32l4xx_hal_sd.o
 .comment       0x0000000000000053       0x54 Drivers/STM32L4xx_HAL_Driver/Src/stm32l4xx_ll_sdmmc.o
 .comment       0x0000000000000053       0x54 FATFS/App/fatfs.o
 .comment       0x0000000000000053       0x54 FATFS/Target/bsp_driver_sd.o
 .comment       0x0000000000000053       0x54 FATFS/Target/fatfs_platform.o
 .comment       0x0000000000000053       0x54 FATFS/Target/sd_diskio.o
 .comment       0x0000000000000053       0x54 Middlewares/Third_Party/FatFs/src/diskio.o
 .comment       0x0000000000000053       0x54 Middlewares/Third_Party/FatFs/src/ff.o
 .comment       0x0000000000000053       0x54 Middlewares/Third_Party/FatFs/src/ff_gen_drv.o
 .comment       0x0000000000000053       0x54 Middlewares/Third_Party/FatFs/src/option/ccsbcs.o

.debug_frame    0x0000000000000000     0x36e4
 .debug_frame   0x0000000000000000       0xb8 Core/Src/main.o
 .debug_frame   0x00000000000000b8       0x58 Core/Src/sd_card.o
 .debug_frame   0x0000000000000110       0x80 Core/Src/stm32l4xx_hal_msp.o
 .debug_frame   0x0000000000000190      0x120 Core/Src/stm32l4xx_it.o
 .debug_frame   0x00000000000002b0       0x58 Core/Src/system_stm32l4xx.o
 .debug_frame   0x0000000000000308      0x498 Drivers/STM32L4xx_HAL_Driver/Src/stm32l4xx_hal.o
 .debug_frame   0x00000000000007a0      0x498 Drivers/STM32L4xx_HAL_Driver/Src/stm32l4xx_hal_cortex.o
 .debug_frame   0x0000000000000c38      0x204 Drivers/STM32L4xx_HAL_Driver/Src/stm32l4xx_hal_dma.o
 .debug_frame   0x0000000000000e3c      0x14c Drivers/STM32L4xx_HAL_Driver/Src/stm32l4xx_hal_gpio.o
 .debug_frame   0x0000000000000f88      0x544 Drivers/STM32L4xx_HAL_Driver/Src/stm32l4xx_hal_pwr_ex.o
 .debug_frame   0x00000000000014cc      0x1f4 Drivers/STM32L4xx_HAL_Driver/Src/stm32l4xx_hal_rcc.o
 .debug_frame   0x00000000000016c0      0x2fc Drivers/STM32L4xx_HAL_Driver/Src/stm32l4xx_hal_rcc_ex.o
 .debug_frame   0x00000000000019bc      0x650 Drivers/STM32L4xx_HAL_Driver/Src/stm32l4xx_hal_sd.o
 .debug_frame   0x000000000000200c      0x6cc Drivers/STM32L4xx_HAL_Driver/Src/stm32l4xx_ll_sdmmc.o
 .debug_frame   0x00000000000026d8       0x4c FATFS/App/fatfs.o
 .debug_frame   0x0000000000002724      0x238 FATFS/Target/bsp_driver_sd.o
 .debug_frame   0x000000000000295c       0x34 FATFS/Target/fatfs_platform.o
 .debug_frame   0x0000000000002990       0xe8 FATFS/Target/sd_diskio.o
 .debug_frame   0x0000000000002a78       0xec Middlewares/Third_Party/FatFs/src/diskio.o
 .debug_frame   0x0000000000002b64      0xa0c Middlewares/Third_Party/FatFs/src/ff.o
 .debug_frame   0x0000000000003570       0xc8 Middlewares/Third_Party/FatFs/src/ff_gen_drv.o
 .debug_frame   0x0000000000003638       0x60 Middlewares/Third_Party/FatFs/src/option/ccsbcs.o
 .debug_frame   0x0000000000003698       0x2c /opt/st/stm32cubeide_1.6.0/plugins/com.st.stm32cube.ide.mcu.externaltools.gnu-tools-for-stm32.9-2020-q2-update.linux64_1.5.0.202011040924/tools/bin/../lib/gcc/arm-none-eabi/9.3.1/../../../../arm-none-eabi/lib/thumb/v7e-m+fp/hard/libc_nano.a(lib_a-init.o)
 .debug_frame   0x00000000000036c4       0x20 /opt/st/stm32cubeide_1.6.0/plugins/com.st.stm32cube.ide.mcu.externaltools.gnu-tools-for-stm32.9-2020-q2-update.linux64_1.5.0.202011040924/tools/bin/../lib/gcc/arm-none-eabi/9.3.1/../../../../arm-none-eabi/lib/thumb/v7e-m+fp/hard/libc_nano.a(lib_a-memset.o)
