syscalls.c:51:6:initialise_monitor_handles	4	static
syscalls.c:55:5:_getpid	4	static
syscalls.c:60:5:_kill	16	static
unistd.h:18:6:_exit	16	static
syscalls.c:72:27:_read	32	static
syscalls.c:97:5:_write	32	static
syscalls.c:111:5:_close	16	static
syscalls.c:117:5:_fstat	16	static
syscalls.c:123:5:_isatty	16	static
syscalls.c:128:5:_lseek	24	static
syscalls.c:133:5:_open	12	static
syscalls.c:139:5:_wait	16	static
syscalls.c:145:5:_unlink	16	static
syscalls.c:151:5:_times	16	static
syscalls.c:156:5:_stat	16	static
syscalls.c:162:5:_link	16	static
syscalls.c:168:5:_fork	8	static
syscalls.c:174:5:_execve	24	static
