bsp_driver_sd.c:53:16:BSP_SD_Init	16	static
bsp_driver_sd.c:75:16:BSP_SD_ITConfig	4	static
bsp_driver_sd.c:95:16:BSP_SD_ReadBlocks	40	static
bsp_driver_sd.c:118:16:BSP_SD_WriteBlocks	40	static
bsp_driver_sd.c:132:16:BSP_SD_ReadBlocks_DMA	32	static
bsp_driver_sd.c:173:16:BSP_SD_WriteBlocks_DMA	32	static
bsp_driver_sd.c:221:16:BSP_SD_Erase	24	static
bsp_driver_sd.c:245:16:BSP_SD_GetCardState	8	static
bsp_driver_sd.c:255:13:BSP_SD_GetCardInfo	16	static
bsp_driver_sd.c:269:6:HAL_SD_AbortCallback	16	static
bsp_driver_sd.c:279:6:HAL_SD_TxCpltCallback	16	static
bsp_driver_sd.c:289:6:HAL_SD_RxCpltCallback	16	static
bsp_driver_sd.c:300:13:BSP_SD_AbortCallback	4	static
bsp_driver_sd.c:310:13:BSP_SD_WriteCpltCallback	4	static
bsp_driver_sd.c:320:13:BSP_SD_ReadCpltCallback	4	static
bsp_driver_sd.c:332:16:BSP_SD_IsDetected	16	static
bsp_driver_sd.c:354:26:SD_DMAConfigRx	24	static
bsp_driver_sd.c:385:26:SD_DMAConfigTx	24	static
