bsp_driver_sd.c:52:16:BSP_SD_Init	16	static
bsp_driver_sd.c:74:16:BSP_SD_ITConfig	4	static
bsp_driver_sd.c:94:16:BSP_SD_ReadBlocks	40	static
bsp_driver_sd.c:117:16:BSP_SD_WriteBlocks	40	static
bsp_driver_sd.c:131:16:BSP_SD_ReadBlocks_DMA	32	static
bsp_driver_sd.c:172:16:BSP_SD_WriteBlocks_DMA	32	static
bsp_driver_sd.c:220:16:BSP_SD_Erase	24	static
bsp_driver_sd.c:244:16:BSP_SD_GetCardState	8	static
bsp_driver_sd.c:254:13:BSP_SD_GetCardInfo	16	static
bsp_driver_sd.c:268:6:HAL_SD_AbortCallback	16	static
bsp_driver_sd.c:278:6:HAL_SD_TxCpltCallback	16	static
bsp_driver_sd.c:288:6:HAL_SD_RxCpltCallback	16	static
bsp_driver_sd.c:299:13:BSP_SD_AbortCallback	4	static
bsp_driver_sd.c:309:13:BSP_SD_WriteCpltCallback	4	static
bsp_driver_sd.c:319:13:BSP_SD_ReadCpltCallback	4	static
bsp_driver_sd.c:331:16:BSP_SD_IsDetected	16	static
bsp_driver_sd.c:353:26:SD_DMAConfigRx	24	static
bsp_driver_sd.c:384:26:SD_DMAConfigTx	24	static
